===== GRADE 2026-07-22 12:33:10 · Book1/Prop36 · arm=mymethod · node=cpu069 =====
worktree: /home/user2/code/autoform/methodology_compare_worktrees/full/LeanEuclidF

----- [sorry_count] -----
sorry count = 0  (must be 0)

----- [check_faithful] -----
=== Main.lean — MODE: source/regex (no build) ===
    quick offline sanity check (text is EXACT; dependency match is number-only, not book-aware)
  [PASS] sentence locators are contiguous with no duplicates
         11 sentences
  [PASS] all sentences present + concatenation reproduces the original text exactly
         concatenation reproduces canonical text exactly, in order (11 sentences (1.36.0..1.36.10) vs Book1/data/texts_proofs/36.txt)
  [PASS] every cited [Prop.~B.M] is a Main construction (`… as …`) or deferred to Phase B (construction-aware, number-only)
         0 construction prop(s) in Main: (none)
         5 proof-internal citation(s) deferred to Phase B (their step helpers must cite these): 1.33, 1.34 (×3), 1.35
  [PASS] @assumption text is a normalized substring of its owning sentence
         4 annotation(s) checked
  [PASS] no euclid_sentence has a vacuous `True` claim
         9 sentence claim(s) are non-trivial
  [PASS] euclid_intro/conclude_sentence bracket the proof (leading / trailing only)
         placement OK
  [note] not machine-checked: that each step's type honestly captures its sentence (review by hand)
  => ALL PASS (source/regex mode)
----- [check_backing] -----
=== Prop36/Main.lean — MODE: backing (source, no build) ===
  [PASS] every sentence delegates to helper_<book>_<prop>_stepN in its own file
         9 checked
  [PASS] each sentence's helper call supplies every hypothesis via euclid_assumption (show type)
         9 checked
  => ALL PASS (backing mode)
----- [check_signatures] -----
OK: all 1 proposition signatures matching 'Book1/Prop36/Main.lean' unchanged
----- [check_steps] -----
[check_steps] verifying approved Phase-A claim types are unchanged (approve/update with: check_steps.py --save Book<N>/Prop<NN>.lean)
OK: all 9 approved step claim(s) + assumptions unchanged in Book1/Prop36/Main.lean
----- [lake_build: Book1.Prop36.Main] -----
⚠ [813/854] Replayed Book1.Prop34.Main
warning: ././././Book1/Prop34/Main.lean:6:8: declaration uses 'sorry'
⚠ [817/854] Replayed Book1.Prop33.Main
warning: ././././Book1/Prop33/Main.lean:5:8: declaration uses 'sorry'
⚠ [820/854] Replayed Book1.Prop04.Main
warning: ././././Book1/Prop04/Main.lean:5:8: declaration uses 'sorry'
⚠ [821/854] Replayed Book1.Prop01.Main
warning: ././././Book1/Prop01/Main.lean:5:8: declaration uses 'sorry'
⚠ [823/854] Replayed Book1.Prop02.Main
warning: ././././Book1/Prop02/Main.lean:6:8: declaration uses 'sorry'
⚠ [832/854] Replayed Book1.Prop08.Main
warning: ././././Book1/Prop08/Main.lean:5:8: declaration uses 'sorry'
⚠ [833/854] Replayed Book1.Prop11.Main
warning: ././././Book1/Prop11/Main.lean:8:8: declaration uses 'sorry'
⚠ [835/854] Replayed Book1.Prop13.Main
warning: ././././Book1/Prop13/Main.lean:6:8: declaration uses 'sorry'
⚠ [836/854] Replayed Book1.Prop15.Main
warning: ././././Book1/Prop15/Main.lean:5:8: declaration uses 'sorry'
⚠ [837/854] Replayed Book1.Prop29.Main
warning: ././././Book1/Prop29/Main.lean:7:8: declaration uses 'sorry'
⚠ [839/854] Replayed Book1.Prop05.Main
warning: ././././Book1/Prop05/Main.lean:8:8: declaration uses 'sorry'
⚠ [841/854] Replayed Book1.Prop07.Main
warning: ././././Book1/Prop07/Main.lean:5:8: declaration uses 'sorry'
⚠ [842/854] Replayed Book1.Prop09.Main
warning: ././././Book1/Prop09/Main.lean:8:8: declaration uses 'sorry'
⚠ [844/854] Replayed Book1.Prop10.Main
warning: ././././Book1/Prop10/Main.lean:7:8: declaration uses 'sorry'
⚠ [845/854] Replayed Book1.Prop16.Main
warning: ././././Book1/Prop16/Main.lean:8:8: declaration uses 'sorry'
⚠ [846/854] Replayed Book1.Prop26.Main
warning: ././././Book1/Prop26/Main.lean:9:8: declaration uses 'sorry'
⚠ [848/854] Replayed Book1.Prop35.Main
warning: ././././Book1/Prop35/Main.lean:5:8: declaration uses 'sorry'
Build completed successfully.
===== ALL CHECKS PASSED =====
