⚠ [786/853] Replayed Book1.Prop01.Main
warning: ././././Book1/Prop01/Main.lean:5:8: declaration uses 'sorry'
⚠ [788/853] Replayed Book1.Prop02.Main
warning: ././././Book1/Prop02/Main.lean:6:8: declaration uses 'sorry'
⚠ [792/853] Replayed Book1.Prop03.step3
warning: ././././Book1/Prop03/step3.lean:6:5: unused variable `h1`
note: this linter can be disabled with `set_option linter.unusedVariables false`
warning: ././././Book1/Prop03/step3.lean:6:27: unused variable `h2`
note: this linter can be disabled with `set_option linter.unusedVariables false`
warning: ././././Book1/Prop03/step3.lean:6:49: unused variable `h3`
note: this linter can be disabled with `set_option linter.unusedVariables false`
⚠ [796/853] Replayed Book1.Prop04.Main
warning: ././././Book1/Prop04/Main.lean:5:8: declaration uses 'sorry'
⚠ [823/853] Replayed Book1.Prop07.Main
warning: ././././Book1/Prop07/Main.lean:5:8: declaration uses 'sorry'
⚠ [824/853] Replayed Book1.Prop08.Main
warning: ././././Book1/Prop08/Main.lean:5:8: declaration uses 'sorry'
⚠ [825/853] Replayed Book1.Prop15.Main
warning: ././././Book1/Prop15/Main.lean:5:8: declaration uses 'sorry'
⚠ [826/853] Replayed Book1.Prop34.Main
warning: ././././Book1/Prop34/Main.lean:6:8: declaration uses 'sorry'
⚠ [827/853] Replayed Book1.Prop36.step3
warning: ././././Book1/Prop36/step3.lean:6:5: unused variable `h1`
note: this linter can be disabled with `set_option linter.unusedVariables false`
⚠ [828/853] Replayed Book1.Prop33.Main
warning: ././././Book1/Prop33/Main.lean:5:8: declaration uses 'sorry'
⚠ [829/853] Replayed Book1.Prop35.Main
warning: ././././Book1/Prop35/Main.lean:5:8: declaration uses 'sorry'
⚠ [831/853] Replayed Book1.Prop03.Main
warning: ././././Book1/Prop03/Main.lean:30:5: unused variable `step2`
note: this linter can be disabled with `set_option linter.unusedVariables false`
⚠ [832/853] Replayed Book1.Prop05.Main
warning: ././././Book1/Prop05/Main.lean:8:8: declaration uses 'sorry'
⚠ [834/853] Replayed Book1.Prop09.Main
warning: ././././Book1/Prop09/Main.lean:8:8: declaration uses 'sorry'
⚠ [836/853] Replayed Book1.Prop10.Main
warning: ././././Book1/Prop10/Main.lean:7:8: declaration uses 'sorry'
⚠ [837/853] Replayed Book1.Prop16.Main
warning: ././././Book1/Prop16/Main.lean:8:8: declaration uses 'sorry'
⚠ [838/853] Replayed Book1.Prop26.Main
warning: ././././Book1/Prop26/Main.lean:9:8: declaration uses 'sorry'
⚠ [839/853] Replayed Book1.Prop11.Main
warning: ././././Book1/Prop11/Main.lean:8:8: declaration uses 'sorry'
⚠ [841/853] Replayed Book1.Prop13.Main
warning: ././././Book1/Prop13/Main.lean:6:8: declaration uses 'sorry'
⚠ [842/853] Replayed Book1.Prop29.Main
warning: ././././Book1/Prop29/Main.lean:7:8: declaration uses 'sorry'
✔ [846/853] Built Book1.Prop36.step2
✔ [847/853] Built Book1.Prop36.step4
⚠ [848/853] Built Book1.Prop36.step7
warning: ././././Book1/Prop36/step7.lean:7:43: unused variable `h3`
note: this linter can be disabled with `set_option linter.unusedVariables false`
warning: ././././Book1/Prop36/step7.lean:7:62: unused variable `h4`
note: this linter can be disabled with `set_option linter.unusedVariables false`
warning: ././././Book1/Prop36/step7.lean:9:42: unused variable `h11`
note: this linter can be disabled with `set_option linter.unusedVariables false`
⚠ [849/853] Built Book1.Prop36.step6
warning: ././././Book1/Prop36/step6.lean:6:5: unused variable `h1`
note: this linter can be disabled with `set_option linter.unusedVariables false`
warning: ././././Book1/Prop36/step6.lean:6:24: unused variable `h2`
note: this linter can be disabled with `set_option linter.unusedVariables false`
warning: ././././Book1/Prop36/step6.lean:7:5: unused variable `h5`
note: this linter can be disabled with `set_option linter.unusedVariables false`
warning: ././././Book1/Prop36/step6.lean:7:24: unused variable `h6`
note: this linter can be disabled with `set_option linter.unusedVariables false`
warning: ././././Book1/Prop36/step6.lean:7:43: unused variable `h7`
note: this linter can be disabled with `set_option linter.unusedVariables false`
warning: ././././Book1/Prop36/step6.lean:7:62: unused variable `h8`
note: this linter can be disabled with `set_option linter.unusedVariables false`
⚠ [850/853] Built Book1.Prop36.step8
warning: ././././Book1/Prop36/step8.lean:7:5: unused variable `h1`
note: this linter can be disabled with `set_option linter.unusedVariables false`
warning: ././././Book1/Prop36/step8.lean:7:24: unused variable `h2`
note: this linter can be disabled with `set_option linter.unusedVariables false`
warning: ././././Book1/Prop36/step8.lean:9:42: unused variable `h11`
note: this linter can be disabled with `set_option linter.unusedVariables false`
⚠ [851/853] Built Book1.Prop36.step5
warning: ././././Book1/Prop36/step5.lean:7:5: unused variable `h1`
note: this linter can be disabled with `set_option linter.unusedVariables false`
warning: ././././Book1/Prop36/step5.lean:7:24: unused variable `h2`
note: this linter can be disabled with `set_option linter.unusedVariables false`
warning: ././././Book1/Prop36/step5.lean:8:5: unused variable `h5`
note: this linter can be disabled with `set_option linter.unusedVariables false`
warning: ././././Book1/Prop36/step5.lean:8:24: unused variable `h6`
note: this linter can be disabled with `set_option linter.unusedVariables false`
warning: ././././Book1/Prop36/step5.lean:8:43: unused variable `h7`
note: this linter can be disabled with `set_option linter.unusedVariables false`
warning: ././././Book1/Prop36/step5.lean:8:62: unused variable `h8`
note: this linter can be disabled with `set_option linter.unusedVariables false`
