⚠ [786/854] Replayed Book1.Prop30.step1
warning: ././././Book1/Prop30/step1.lean:6:5: unused variable `h1`
note: this linter can be disabled with `set_option linter.unusedVariables false`
warning: ././././Book1/Prop30/step1.lean:6:24: unused variable `h2`
note: this linter can be disabled with `set_option linter.unusedVariables false`
warning: ././././Book1/Prop30/step1.lean:6:43: unused variable `h3`
note: this linter can be disabled with `set_option linter.unusedVariables false`
warning: ././././Book1/Prop30/step1.lean:6:62: unused variable `h4`
note: this linter can be disabled with `set_option linter.unusedVariables false`
warning: ././././Book1/Prop30/step1.lean:7:5: unused variable `h5`
note: this linter can be disabled with `set_option linter.unusedVariables false`
warning: ././././Book1/Prop30/step1.lean:7:24: unused variable `h6`
note: this linter can be disabled with `set_option linter.unusedVariables false`
warning: ././././Book1/Prop30/step1.lean:7:43: unused variable `h7`
note: this linter can be disabled with `set_option linter.unusedVariables false`
warning: ././././Book1/Prop30/step1.lean:8:5: unused variable `h8`
note: this linter can be disabled with `set_option linter.unusedVariables false`
warning: ././././Book1/Prop30/step1.lean:8:24: unused variable `h9`
note: this linter can be disabled with `set_option linter.unusedVariables false`
warning: ././././Book1/Prop30/step1.lean:8:43: unused variable `h10`
note: this linter can be disabled with `set_option linter.unusedVariables false`
warning: ././././Book1/Prop30/step1.lean:8:63: unused variable `h11`
note: this linter can be disabled with `set_option linter.unusedVariables false`
⚠ [787/854] Replayed Book1.Prop01.Main
warning: ././././Book1/Prop01/Main.lean:5:8: declaration uses 'sorry'
⚠ [789/854] Replayed Book1.Prop02.Main
warning: ././././Book1/Prop02/Main.lean:6:8: declaration uses 'sorry'
⚠ [793/854] Replayed Book1.Prop03.step3
warning: ././././Book1/Prop03/step3.lean:6:5: unused variable `h1`
note: this linter can be disabled with `set_option linter.unusedVariables false`
warning: ././././Book1/Prop03/step3.lean:6:27: unused variable `h2`
note: this linter can be disabled with `set_option linter.unusedVariables false`
warning: ././././Book1/Prop03/step3.lean:6:49: unused variable `h3`
note: this linter can be disabled with `set_option linter.unusedVariables false`
⚠ [797/854] Replayed Book1.Prop03.Main
warning: ././././Book1/Prop03/Main.lean:30:5: unused variable `step2`
note: this linter can be disabled with `set_option linter.unusedVariables false`
⚠ [798/854] Replayed Book1.Prop08.Main
warning: ././././Book1/Prop08/Main.lean:5:8: declaration uses 'sorry'
⚠ [825/854] Replayed Book1.Prop11.Main
warning: ././././Book1/Prop11/Main.lean:8:8: declaration uses 'sorry'
⚠ [827/854] Replayed Book1.Prop13.Main
warning: ././././Book1/Prop13/Main.lean:6:8: declaration uses 'sorry'
⚠ [828/854] Replayed Book1.Prop15.Main
warning: ././././Book1/Prop15/Main.lean:5:8: declaration uses 'sorry'
⚠ [831/854] Replayed Book1.Prop30.step6
warning: ././././Book1/Prop30/step6.lean:6:5: unused variable `h1`
note: this linter can be disabled with `set_option linter.unusedVariables false`
warning: ././././Book1/Prop30/step6.lean:6:28: unused variable `h2`
note: this linter can be disabled with `set_option linter.unusedVariables false`
warning: ././././Book1/Prop30/step6.lean:6:49: unused variable `h3`
note: this linter can be disabled with `set_option linter.unusedVariables false`
warning: ././././Book1/Prop30/step6.lean:7:5: unused variable `h4`
note: this linter can be disabled with `set_option linter.unusedVariables false`
warning: ././././Book1/Prop30/step6.lean:7:24: unused variable `h5`
note: this linter can be disabled with `set_option linter.unusedVariables false`
⚠ [832/854] Replayed Book1.Prop27.step1
warning: ././././Book1/Prop27/step1.lean:6:5: unused variable `h1`
note: this linter can be disabled with `set_option linter.unusedVariables false`
warning: ././././Book1/Prop27/step1.lean:7:5: unused variable `h2`
note: this linter can be disabled with `set_option linter.unusedVariables false`
warning: ././././Book1/Prop27/step1.lean:7:24: unused variable `h3`
note: this linter can be disabled with `set_option linter.unusedVariables false`
warning: ././././Book1/Prop27/step1.lean:8:5: unused variable `h4`
note: this linter can be disabled with `set_option linter.unusedVariables false`
warning: ././././Book1/Prop27/step1.lean:8:24: unused variable `h5`
note: this linter can be disabled with `set_option linter.unusedVariables false`
warning: ././././Book1/Prop27/step1.lean:9:5: unused variable `h6`
note: this linter can be disabled with `set_option linter.unusedVariables false`
warning: ././././Book1/Prop27/step1.lean:9:24: unused variable `h7`
note: this linter can be disabled with `set_option linter.unusedVariables false`
⚠ [834/854] Replayed Book1.Prop04.Main
warning: ././././Book1/Prop04/Main.lean:5:8: declaration uses 'sorry'
⚠ [835/854] Replayed Book1.Prop05.Main
warning: ././././Book1/Prop05/Main.lean:8:8: declaration uses 'sorry'
⚠ [837/854] Replayed Book1.Prop07.Main
warning: ././././Book1/Prop07/Main.lean:5:8: declaration uses 'sorry'
⚠ [838/854] Replayed Book1.Prop09.Main
warning: ././././Book1/Prop09/Main.lean:8:8: declaration uses 'sorry'
⚠ [843/854] Replayed Book1.Prop29.Main
warning: ././././Book1/Prop29/Main.lean:7:8: declaration uses 'sorry'
⚠ [844/854] Replayed Book1.Prop30.step2
warning: ././././Book1/Prop30/step2.lean:7:5: unused variable `h1`
note: this linter can be disabled with `set_option linter.unusedVariables false`
warning: ././././Book1/Prop30/step2.lean:8:5: unused variable `h5`
note: this linter can be disabled with `set_option linter.unusedVariables false`
warning: ././././Book1/Prop30/step2.lean:10:5: unused variable `h13`
note: this linter can be disabled with `set_option linter.unusedVariables false`
⚠ [845/854] Replayed Book1.Prop30.step3
warning: ././././Book1/Prop30/step3.lean:10:27: unused variable `h11`
note: this linter can be disabled with `set_option linter.unusedVariables false`
warning: ././././Book1/Prop30/step3.lean:10:51: unused variable `h12`
note: this linter can be disabled with `set_option linter.unusedVariables false`
warning: ././././Book1/Prop30/step3.lean:11:5: unused variable `h13`
note: this linter can be disabled with `set_option linter.unusedVariables false`
⚠ [846/854] Replayed Book1.Prop10.Main
warning: ././././Book1/Prop10/Main.lean:7:8: declaration uses 'sorry'
⚠ [847/854] Replayed Book1.Prop16.Main
warning: ././././Book1/Prop16/Main.lean:8:8: declaration uses 'sorry'
⚠ [848/854] Replayed Book1.Prop27.step4
warning: ././././Book1/Prop27/step4.lean:7:43: unused variable `h3`
note: this linter can be disabled with `set_option linter.unusedVariables false`
warning: ././././Book1/Prop27/step4.lean:8:43: unused variable `h6`
note: this linter can be disabled with `set_option linter.unusedVariables false`
warning: ././././Book1/Prop27/step4.lean:8:62: unused variable `h7`
note: this linter can be disabled with `set_option linter.unusedVariables false`
warning: ././././Book1/Prop27/step4.lean:10:5: unused variable `h10`
note: this linter can be disabled with `set_option linter.unusedVariables false`
warning: ././././Book1/Prop27/step4.lean:10:27: unused variable `h11`
note: this linter can be disabled with `set_option linter.unusedVariables false`
⚠ [849/854] Built Book1.Prop30.step7_othercases
warning: ././././Book1/Prop30/step7_othercases.lean:6:5: unused variable `h1`
note: this linter can be disabled with `set_option linter.unusedVariables false`
warning: ././././Book1/Prop30/step7_othercases.lean:6:36: unused variable `h2`
note: this linter can be disabled with `set_option linter.unusedVariables false`
