⚠ [786/853] Replayed Book1.Prop01.Main
warning: ././././Book1/Prop01/Main.lean:5:8: declaration uses 'sorry'
⚠ [788/853] Replayed Book1.Prop02.Main
warning: ././././Book1/Prop02/Main.lean:6:8: declaration uses 'sorry'
⚠ [792/853] Replayed Book1.Prop03.step3
warning: ././././Book1/Prop03/step3.lean:6:5: unused variable `h1`
note: this linter can be disabled with `set_option linter.unusedVariables false`
warning: ././././Book1/Prop03/step3.lean:6:27: unused variable `h2`
note: this linter can be disabled with `set_option linter.unusedVariables false`
warning: ././././Book1/Prop03/step3.lean:6:49: unused variable `h3`
note: this linter can be disabled with `set_option linter.unusedVariables false`
⚠ [796/853] Replayed Book1.Prop03.Main
warning: ././././Book1/Prop03/Main.lean:30:5: unused variable `step2`
note: this linter can be disabled with `set_option linter.unusedVariables false`
warning: ././././Book1/Prop03/Main.lean:54:5: unused variable `step5`
note: this linter can be disabled with `set_option linter.unusedVariables false`
⚠ [797/853] Replayed Book1.Prop04.Main
warning: ././././Book1/Prop04/Main.lean:5:8: declaration uses 'sorry'
⚠ [824/853] Replayed Book1.Prop05.Main
warning: ././././Book1/Prop05/Main.lean:8:8: declaration uses 'sorry'
⚠ [826/853] Replayed Book1.Prop07.Main
warning: ././././Book1/Prop07/Main.lean:5:8: declaration uses 'sorry'
⚠ [827/853] Replayed Book1.Prop08.Main
warning: ././././Book1/Prop08/Main.lean:5:8: declaration uses 'sorry'
⚠ [828/853] Replayed Book1.Prop09.Main
warning: ././././Book1/Prop09/Main.lean:8:8: declaration uses 'sorry'
⚠ [830/853] Replayed Book1.Prop11.Main
warning: ././././Book1/Prop11/Main.lean:8:8: declaration uses 'sorry'
⚠ [832/853] Replayed Book1.Prop13.Main
warning: ././././Book1/Prop13/Main.lean:6:8: declaration uses 'sorry'
⚠ [833/853] Replayed Book1.Prop15.Main
warning: ././././Book1/Prop15/Main.lean:5:8: declaration uses 'sorry'
⚠ [834/853] Replayed Book1.Prop34.Main
warning: ././././Book1/Prop34/Main.lean:6:8: declaration uses 'sorry'
⚠ [835/853] Replayed Book1.Prop36.step1
warning: ././././Book1/Prop36/step1.lean:6:5: unused variable `p1`
note: this linter can be disabled with `set_option linter.unusedVariables false`
warning: ././././Book1/Prop36/step1.lean:6:24: unused variable `p2`
note: this linter can be disabled with `set_option linter.unusedVariables false`
warning: ././././Book1/Prop36/step1.lean:6:43: unused variable `p3`
note: this linter can be disabled with `set_option linter.unusedVariables false`
warning: ././././Book1/Prop36/step1.lean:6:62: unused variable `p4`
note: this linter can be disabled with `set_option linter.unusedVariables false`
warning: ././././Book1/Prop36/step1.lean:7:5: unused variable `p5`
note: this linter can be disabled with `set_option linter.unusedVariables false`
warning: ././././Book1/Prop36/step1.lean:7:24: unused variable `p6`
note: this linter can be disabled with `set_option linter.unusedVariables false`
warning: ././././Book1/Prop36/step1.lean:7:43: unused variable `p7`
note: this linter can be disabled with `set_option linter.unusedVariables false`
warning: ././././Book1/Prop36/step1.lean:7:62: unused variable `p8`
note: this linter can be disabled with `set_option linter.unusedVariables false`
warning: ././././Book1/Prop36/step1.lean:8:5: unused variable `p9`
note: this linter can be disabled with `set_option linter.unusedVariables false`
warning: ././././Book1/Prop36/step1.lean:8:24: unused variable `p10`
note: this linter can be disabled with `set_option linter.unusedVariables false`
warning: ././././Book1/Prop36/step1.lean:8:44: unused variable `p11`
note: this linter can be disabled with `set_option linter.unusedVariables false`
warning: ././././Book1/Prop36/step1.lean:8:64: unused variable `p12`
note: this linter can be disabled with `set_option linter.unusedVariables false`
warning: ././././Book1/Prop36/step1.lean:9:5: unused variable `p13`
note: this linter can be disabled with `set_option linter.unusedVariables false`
warning: ././././Book1/Prop36/step1.lean:9:25: unused variable `p14`
note: this linter can be disabled with `set_option linter.unusedVariables false`
warning: ././././Book1/Prop36/step1.lean:9:45: unused variable `p15`
note: this linter can be disabled with `set_option linter.unusedVariables false`
warning: ././././Book1/Prop36/step1.lean:9:65: unused variable `p16`
note: this linter can be disabled with `set_option linter.unusedVariables false`
⚠ [837/853] Replayed Book1.Prop36.step3
warning: ././././Book1/Prop36/step3.lean:6:5: unused variable `h1`
note: this linter can be disabled with `set_option linter.unusedVariables false`
⚠ [838/853] Replayed Book1.Prop36.step4
warning: ././././Book1/Prop36/step4.lean:7:5: unused variable `p27`
note: this linter can be disabled with `set_option linter.unusedVariables false`
warning: ././././Book1/Prop36/step4.lean:7:25: unused variable `p28`
note: this linter can be disabled with `set_option linter.unusedVariables false`
warning: ././././Book1/Prop36/step4.lean:7:45: unused variable `p29`
note: this linter can be disabled with `set_option linter.unusedVariables false`
warning: ././././Book1/Prop36/step4.lean:7:65: unused variable `p30`
note: this linter can be disabled with `set_option linter.unusedVariables false`
⚠ [839/853] Replayed Book1.Prop33.Main
warning: ././././Book1/Prop33/Main.lean:5:8: declaration uses 'sorry'
⚠ [840/853] Replayed Book1.Prop36.step5
warning: ././././Book1/Prop36/step5.lean:7:5: unused variable `p1`
note: this linter can be disabled with `set_option linter.unusedVariables false`
warning: ././././Book1/Prop36/step5.lean:7:24: unused variable `p2`
note: this linter can be disabled with `set_option linter.unusedVariables false`
warning: ././././Book1/Prop36/step5.lean:8:43: unused variable `p7`
note: this linter can be disabled with `set_option linter.unusedVariables false`
warning: ././././Book1/Prop36/step5.lean:8:62: unused variable `p8`
note: this linter can be disabled with `set_option linter.unusedVariables false`
warning: ././././Book1/Prop36/step5.lean:9:5: unused variable `p9`
note: this linter can be disabled with `set_option linter.unusedVariables false`
warning: ././././Book1/Prop36/step5.lean:9:24: unused variable `p10`
note: this linter can be disabled with `set_option linter.unusedVariables false`
warning: ././././Book1/Prop36/step5.lean:9:44: unused variable `p11`
note: this linter can be disabled with `set_option linter.unusedVariables false`
warning: ././././Book1/Prop36/step5.lean:9:64: unused variable `p12`
note: this linter can be disabled with `set_option linter.unusedVariables false`
warning: ././././Book1/Prop36/step5.lean:10:5: unused variable `p13`
note: this linter can be disabled with `set_option linter.unusedVariables false`
warning: ././././Book1/Prop36/step5.lean:10:25: unused variable `p14`
note: this linter can be disabled with `set_option linter.unusedVariables false`
warning: ././././Book1/Prop36/step5.lean:10:45: unused variable `p15`
note: this linter can be disabled with `set_option linter.unusedVariables false`
warning: ././././Book1/Prop36/step5.lean:10:65: unused variable `p16`
note: this linter can be disabled with `set_option linter.unusedVariables false`
warning: ././././Book1/Prop36/step5.lean:14:5: unused variable `p27`
note: this linter can be disabled with `set_option linter.unusedVariables false`
warning: ././././Book1/Prop36/step5.lean:14:25: unused variable `p28`
note: this linter can be disabled with `set_option linter.unusedVariables false`
warning: ././././Book1/Prop36/step5.lean:14:45: unused variable `p29`
note: this linter can be disabled with `set_option linter.unusedVariables false`
warning: ././././Book1/Prop36/step5.lean:14:65: unused variable `p30`
note: this linter can be disabled with `set_option linter.unusedVariables false`
⚠ [841/853] Replayed Book1.Prop36.step6
warning: ././././Book1/Prop36/step6.lean:6:5: unused variable `p1`
note: this linter can be disabled with `set_option linter.unusedVariables false`
warning: ././././Book1/Prop36/step6.lean:6:24: unused variable `p2`
note: this linter can be disabled with `set_option linter.unusedVariables false`
warning: ././././Book1/Prop36/step6.lean:7:43: unused variable `p7`
note: this linter can be disabled with `set_option linter.unusedVariables false`
warning: ././././Book1/Prop36/step6.lean:7:62: unused variable `p8`
note: this linter can be disabled with `set_option linter.unusedVariables false`
warning: ././././Book1/Prop36/step6.lean:8:5: unused variable `p9`
note: this linter can be disabled with `set_option linter.unusedVariables false`
warning: ././././Book1/Prop36/step6.lean:8:24: unused variable `p10`
note: this linter can be disabled with `set_option linter.unusedVariables false`
warning: ././././Book1/Prop36/step6.lean:8:44: unused variable `p11`
note: this linter can be disabled with `set_option linter.unusedVariables false`
warning: ././././Book1/Prop36/step6.lean:8:64: unused variable `p12`
note: this linter can be disabled with `set_option linter.unusedVariables false`
warning: ././././Book1/Prop36/step6.lean:9:5: unused variable `p13`
note: this linter can be disabled with `set_option linter.unusedVariables false`
warning: ././././Book1/Prop36/step6.lean:9:25: unused variable `p14`
note: this linter can be disabled with `set_option linter.unusedVariables false`
warning: ././././Book1/Prop36/step6.lean:9:45: unused variable `p15`
note: this linter can be disabled with `set_option linter.unusedVariables false`
warning: ././././Book1/Prop36/step6.lean:9:65: unused variable `p16`
note: this linter can be disabled with `set_option linter.unusedVariables false`
warning: ././././Book1/Prop36/step6.lean:13:5: unused variable `p27`
note: this linter can be disabled with `set_option linter.unusedVariables false`
warning: ././././Book1/Prop36/step6.lean:13:25: unused variable `p28`
note: this linter can be disabled with `set_option linter.unusedVariables false`
warning: ././././Book1/Prop36/step6.lean:13:45: unused variable `p29`
note: this linter can be disabled with `set_option linter.unusedVariables false`
warning: ././././Book1/Prop36/step6.lean:13:65: unused variable `p30`
note: this linter can be disabled with `set_option linter.unusedVariables false`
⚠ [842/853] Replayed Book1.Prop35.Main
warning: ././././Book1/Prop35/Main.lean:5:8: declaration uses 'sorry'
⚠ [844/853] Replayed Book1.Prop10.Main
warning: ././././Book1/Prop10/Main.lean:7:8: declaration uses 'sorry'
⚠ [845/853] Replayed Book1.Prop16.Main
warning: ././././Book1/Prop16/Main.lean:8:8: declaration uses 'sorry'
⚠ [846/853] Replayed Book1.Prop26.Main
warning: ././././Book1/Prop26/Main.lean:9:8: declaration uses 'sorry'
⚠ [847/853] Replayed Book1.Prop29.Main
warning: ././././Book1/Prop29/Main.lean:7:8: declaration uses 'sorry'
⚠ [851/853] Replayed Book1.Prop36.step7
warning: ././././Book1/Prop36/step7.lean:8:5: unused variable `p5`
note: this linter can be disabled with `set_option linter.unusedVariables false`
warning: ././././Book1/Prop36/step7.lean:8:24: unused variable `p6`
note: this linter can be disabled with `set_option linter.unusedVariables false`
warning: ././././Book1/Prop36/step7.lean:11:5: unused variable `p21`
note: this linter can be disabled with `set_option linter.unusedVariables false`
