[check_step --drive] step17 (todo) — running --subtree step17

[check_step --subtree step17] auditing the step17 cone — 5 node(s) in Book3/Prop36 (sub-nodes before step17):
  ✗ step17_fa: SP FAILED (see below) — deepest failure; fix it first.

[faithful_lib] build of Book3.Prop36.step17 exceeded 45s wall clock — TOO BIG. DECOMPOSE into more backing files; NEVER raise the cap. Last output before the kill (what it was elaborating when it stalled):
warning: ././././Book1/Prop10/Main.lean:7:8: declaration uses 'sorry'
⚠ [840/862] Replayed Book1.Prop16.Main
warning: ././././Book1/Prop16/Main.lean:8:8: declaration uses 'sorry'
⚠ [847/862] Replayed Book1.Prop31.Main
warning: ././././Book1/Prop31/Main.lean:7:8: declaration uses 'sorry'
⚠ [848/862] Replayed Book1.Prop41.Main
warning: ././././Book1/Prop41/Main.lean:5:8: declaration uses 'sorry'
⚠ [849/862] Replayed Book1.Prop11.Main
warning: ././././Book1/Prop11/Main.lean:8:8: declaration uses 'sorry'
⚠ [851/862] Replayed Book1.Prop13.Main
warning: ././././Book1/Prop13/Main.lean:6:8: declaration uses 'sorry'
⚠ [852/862] Replayed Book1.Prop15.Main
warning: ././././Book1/Prop15/Main.lean:5:8: declaration uses 'sorry'
⚠ [853/862] Replayed Book1.Prop29.Main
warning: ././././Book1/Prop29/Main.lean:7:8: declaration uses 'sorry'
⚠ [855/862] Replayed Book1.Prop26.Main
warning: ././././Book1/Prop26/Main.lean:9:8: declaration uses 'sorry'
⚠ [856/862] Replayed Book1.Prop34.Main
warning: ././././Book1/Prop34/Main.lean:6:8: declaration uses 'sorry'
⚠ [858/862] Replayed Book1.Prop46.Main
warning: ././././Book1/Prop46/Main.lean:8:8: declaration uses 'sorry'
⚠ [860/862] Replayed Book1.Prop47.Main
warning: ././././Book1/Prop47/Main.lean:10:8: declaration uses 'sorry'
⚠ [861/862] Replayed Book3.Prop36.step17_fa
warning: ././././Book3/Prop36/step17_fa.lean:9:8: declaration uses 'sorry'

[check_step --drive] STOPPED at step17 — fix it, then re-run --drive to resume.
