[check_step --all] bottom-up audit of 33 node(s) in Book3/Prop36 (sub-nodes before their parents):
  ✓ step1: SP[isolated] + P (leaf, zero-sorry)
  ✓ step2: SP[isolated] + P (leaf, zero-sorry)
  ✓ step3: SP[isolated] + P (leaf sorry-free; residual `sorry` is only in an unproven cited DEPENDENCY — EXPECTED/OK, proven modulo deps)
  ✓ step4: SP[isolated] + P (leaf, zero-sorry)
  ✓ step5: SP[isolated] + P (leaf sorry-free; residual `sorry` is only in an unproven cited DEPENDENCY — EXPECTED/OK, proven modulo deps)
  ✓ step6: SP[isolated] + P (leaf, zero-sorry)
  ✓ step7: SP[isolated] + P (leaf, zero-sorry)
  ✓ step8: SP[isolated] + P (leaf sorry-free; residual `sorry` is only in an unproven cited DEPENDENCY — EXPECTED/OK, proven modulo deps)
  ✓ step9: SP[isolated] + P (leaf, zero-sorry)
  ✓ step10: SP[isolated] + P (leaf, zero-sorry)
  ✓ step11: SP[isolated] + P (leaf, zero-sorry)
  ✓ step13: SP[isolated] + P (leaf, zero-sorry)
  ✓ step14: SP[isolated] + P (leaf, zero-sorry)
  ✓ step15: SP[isolated] + P (leaf, zero-sorry)
  ✓ step16: SP[isolated] + P (leaf sorry-free; residual `sorry` is only in an unproven cited DEPENDENCY — EXPECTED/OK, proven modulo deps)
  ✓ step17_af: SP[isolated] + P (leaf sorry-free; residual `sorry` is only in an unproven cited DEPENDENCY — EXPECTED/OK, proven modulo deps)
  ✓ step17_fin: SP[isolated] + Combine (container)
  ✓ step17_bet: SP[isolated] + Combine (container)
  ✓ step17: SP[isolated] + Combine (container)
  ✓ step18: SP[isolated] + P (leaf, zero-sorry)
  ✓ step19: SP[isolated] + P (leaf, zero-sorry)
  ✓ step20: SP[isolated] + P (leaf sorry-free; residual `sorry` is only in an unproven cited DEPENDENCY — EXPECTED/OK, proven modulo deps)
  ✓ step21: SP[isolated] + P (leaf, zero-sorry)
  ✓ step22: SP[isolated] + P (leaf, zero-sorry)
  ✓ step23: SP[isolated] + P (leaf sorry-free; residual `sorry` is only in an unproven cited DEPENDENCY — EXPECTED/OK, proven modulo deps)
  ✓ step24: SP[isolated] + P (leaf sorry-free; residual `sorry` is only in an unproven cited DEPENDENCY — EXPECTED/OK, proven modulo deps)
  ✓ step25: SP[isolated] + P (leaf, zero-sorry)
  ✓ step26: SP[isolated] + P (leaf, zero-sorry)
  ✓ step27: SP[isolated] + P (leaf, zero-sorry)
  ✓ step28: SP[isolated] + P (leaf sorry-free; residual `sorry` is only in an unproven cited DEPENDENCY — EXPECTED/OK, proven modulo deps)
  ✓ step29: SP[isolated] + P (leaf, zero-sorry)
  ✓ step30: SP[isolated] + P (leaf, zero-sorry)
  ✓ step31: SP[isolated] + P (leaf, zero-sorry)

PASS: all 33 node(s) certified — every call site supplies its hyps (isolated SP, no SMT), every container's combine is certified by its OWN combine-check, and Main has no stray sorry. (Leaf dependencies left as `sorry` are tolerated — see any ⚠ above.) Run `python3 scripts/wire_main.py Book3/Prop36`.
