⚠ [786/848] Replayed Book1.Prop01.Main
warning: ././././Book1/Prop01/Main.lean:5:8: declaration uses 'sorry'
⚠ [788/848] Replayed Book1.Prop02.Main
warning: ././././Book1/Prop02/Main.lean:6:8: declaration uses 'sorry'
⚠ [792/848] Replayed Book1.Prop03.step3
warning: ././././Book1/Prop03/step3.lean:6:5: unused variable `h1`
note: this linter can be disabled with `set_option linter.unusedVariables false`
warning: ././././Book1/Prop03/step3.lean:6:27: unused variable `h2`
note: this linter can be disabled with `set_option linter.unusedVariables false`
warning: ././././Book1/Prop03/step3.lean:6:49: unused variable `h3`
note: this linter can be disabled with `set_option linter.unusedVariables false`
⚠ [796/848] Replayed Book1.Prop03.Main
warning: ././././Book1/Prop03/Main.lean:30:5: unused variable `step2`
note: this linter can be disabled with `set_option linter.unusedVariables false`
⚠ [798/848] Replayed Book1.Prop20.step3
warning: ././././Book1/Prop20/step3.lean:6:5: unused variable `h1`
note: this linter can be disabled with `set_option linter.unusedVariables false`
warning: ././././Book1/Prop20/step3.lean:6:24: unused variable `h2`
note: this linter can be disabled with `set_option linter.unusedVariables false`
⚠ [799/848] Replayed Book1.Prop04.Main
warning: ././././Book1/Prop04/Main.lean:5:8: declaration uses 'sorry'
⚠ [810/848] Replayed Mathlib.Tactic.Linarith.Verification
warning: cached build log is corrupted: offset 1036: expected end of input
⚠ [826/848] Replayed Book1.Prop19.Main
warning: ././././Book1/Prop19/Main.lean:5:8: declaration uses 'sorry'
⚠ [827/848] Replayed Book1.Prop20.step6
warning: ././././Book1/Prop20/step6.lean:7:5: unused variable `h1`
note: this linter can be disabled with `set_option linter.unusedVariables false`
⚠ [828/848] Replayed Book1.Prop20.step7
warning: ././././Book1/Prop20/step7.lean:6:5: unused variable `h1`
note: this linter can be disabled with `set_option linter.unusedVariables false`
⚠ [829/848] Replayed Book1.Prop20.step8
warning: ././././Book1/Prop20/step8.lean:6:5: unused variable `h1`
note: this linter can be disabled with `set_option linter.unusedVariables false`
⚠ [830/848] Replayed Book1.Prop05.Main
warning: ././././Book1/Prop05/Main.lean:8:8: declaration uses 'sorry'
⚠ [832/848] Replayed Book1.Prop20.step4
warning: ././././Book1/Prop20/step4.lean:7:24: unused variable `h2`
note: this linter can be disabled with `set_option linter.unusedVariables false`
✖ [835/848] Building Book1.Prop20.step9
trace: .> LEAN_PATH=././.lake/packages/batteries/.lake/build/lib:././.lake/packages/Qq/.lake/build/lib:././.lake/packages/aesop/.lake/build/lib:././.lake/packages/proofwidgets/.lake/build/lib:././.lake/packages/Cli/.lake/build/lib:././.lake/packages/importGraph/.lake/build/lib:././.lake/packages/mathlib/.lake/build/lib:././.lake/packages/smt/.lake/build/lib:././.lake/packages/checkdecls/.lake/build/lib:././.lake/build/lib LD_LIBRARY_PATH=././.lake/packages/batteries/.lake/build/lib:././.lake/packages/smt/.lake/build/lib:././.lake/build/lib /home/user/.elan/toolchains/leanprover--lean4---v4.8.0-rc2/bin/lean -DrelaxedAutoImplicit=true ././././Book1/Prop20/step9.lean -R ./././. -o ././.lake/build/lib/Book1/Prop20/step9.olean -i ././.lake/build/lib/Book1/Prop20/step9.ilean -c ././.lake/build/ir/Book1/Prop20/step9.c --load-dynlib=././.lake/packages/batteries/.lake/build/lib/libBatteries-Data-List-Init-Lemmas-1.so --load-dynlib=././.lake/packages/batteries/.lake/build/lib/libBatteries-CodeAction-Attr-1.so --load-dynlib=././.lake/packages/batteries/.lake/build/lib/libBatteries-CodeAction-Basic-1.so --load-dynlib=././.lake/packages/batteries/.lake/build/lib/libBatteries-Lean-Position-1.so --load-dynlib=././.lake/packages/batteries/.lake/build/lib/libBatteries-CodeAction-Deprecated-1.so --load-dynlib=././.lake/packages/batteries/.lake/build/lib/libBatteries-Tactic-Alias-1.so --load-dynlib=././.lake/packages/batteries/.lake/build/lib/libBatteries-Data-List-Basic-1.so --load-dynlib=././.lake/packages/batteries/.lake/build/lib/libBatteries-Data-AssocList-1.so --load-dynlib=././.lake/packages/batteries/.lake/build/lib/libBatteries-Data-Nat-Basic-1.so --load-dynlib=././.lake/packages/batteries/.lake/build/lib/libBatteries-Classes-SatisfiesM-1.so --load-dynlib=././.lake/packages/batteries/.lake/build/lib/libBatteries-Data-Array-Monadic-1.so --load-dynlib=././.lake/packages/batteries/.lake/build/lib/libBatteries-Classes-BEq-1.so --load-dynlib=././.lake/packages/batteries/.lake/build/lib/libBatteries-Data-HashMap-Basic-1.so --load-dynlib=././.lake/packages/batteries/.lake/build/lib/libBatteries-Control-ForInStep-Basic-1.so --load-dynlib=././.lake/packages/batteries/.lake/build/lib/libBatteries-Control-ForInStep-Lemmas-1.so --load-dynlib=././.lake/packages/batteries/.lake/build/lib/libBatteries-Lean-Meta-Basic-1.so --load-dynlib=././.lake/packages/batteries/.lake/build/lib/libBatteries-Tactic-Init-1.so --load-dynlib=././.lake/packages/batteries/.lake/build/lib/libBatteries-Data-List-Lemmas-1.so --load-dynlib=././.lake/packages/batteries/.lake/build/lib/libBatteries-Data-List-Init-Attach-1.so --load-dynlib=././.lake/packages/batteries/.lake/build/lib/libBatteries-Data-Array-Init-Lemmas-1.so --load-dynlib=././.lake/packages/batteries/.lake/build/lib/libBatteries-Data-Array-Basic-1.so --load-dynlib=././.lake/packages/batteries/.lake/build/lib/libBatteries-Tactic-SeqFocus-1.so --load-dynlib=././.lake/packages/batteries/.lake/build/lib/libBatteries-Util-ProofWanted-1.so --load-dynlib=././.lake/packages/batteries/.lake/build/lib/libBatteries-Data-Array-Lemmas-1.so --load-dynlib=././.lake/packages/batteries/.lake/build/lib/libBatteries-Data-HashMap-Lemmas-1.so --load-dynlib=././.lake/packages/batteries/.lake/build/lib/libBatteries-Data-Nat-Lemmas-1.so --load-dynlib=././.lake/packages/batteries/.lake/build/lib/libBatteries-Data-HashMap-WF-1.so --load-dynlib=././.lake/packages/batteries/.lake/build/lib/libBatteries-Data-HashMap-1.so --load-dynlib=././.lake/packages/smt/.lake/build/lib/libSmt-Data-Sexp-1.so --load-dynlib=././.lake/packages/smt/.lake/build/lib/libSmt-Dsl-Sexp-1.so --load-dynlib=././.lake/packages/smt/.lake/build/lib/libSmt-Term-1.so --load-dynlib=././.lake/packages/smt/.lake/build/lib/libSmt-Commands-1.so --load-dynlib=././.lake/packages/smt/.lake/build/lib/libSmt-Solver-1.so --json
error: ././././Book1/Prop20/step9.lean:13:2: no goals to be solved
error: Lean exited with code 1
✖ [836/848] Building Book3.Prop11.step3
trace: .> LEAN_PATH=././.lake/packages/batteries/.lake/build/lib:././.lake/packages/Qq/.lake/build/lib:././.lake/packages/aesop/.lake/build/lib:././.lake/packages/proofwidgets/.lake/build/lib:././.lake/packages/Cli/.lake/build/lib:././.lake/packages/importGraph/.lake/build/lib:././.lake/packages/mathlib/.lake/build/lib:././.lake/packages/smt/.lake/build/lib:././.lake/packages/checkdecls/.lake/build/lib:././.lake/build/lib LD_LIBRARY_PATH=././.lake/packages/batteries/.lake/build/lib:././.lake/packages/smt/.lake/build/lib:././.lake/build/lib /home/user/.elan/toolchains/leanprover--lean4---v4.8.0-rc2/bin/lean -DrelaxedAutoImplicit=true ././././Book3/Prop11/step3.lean -R ./././. -o ././.lake/build/lib/Book3/Prop11/step3.olean -i ././.lake/build/lib/Book3/Prop11/step3.ilean -c ././.lake/build/ir/Book3/Prop11/step3.c --load-dynlib=././.lake/packages/batteries/.lake/build/lib/libBatteries-Data-List-Init-Lemmas-1.so --load-dynlib=././.lake/packages/batteries/.lake/build/lib/libBatteries-CodeAction-Attr-1.so --load-dynlib=././.lake/packages/batteries/.lake/build/lib/libBatteries-CodeAction-Basic-1.so --load-dynlib=././.lake/packages/batteries/.lake/build/lib/libBatteries-Lean-Position-1.so --load-dynlib=././.lake/packages/batteries/.lake/build/lib/libBatteries-CodeAction-Deprecated-1.so --load-dynlib=././.lake/packages/batteries/.lake/build/lib/libBatteries-Tactic-Alias-1.so --load-dynlib=././.lake/packages/batteries/.lake/build/lib/libBatteries-Data-List-Basic-1.so --load-dynlib=././.lake/packages/batteries/.lake/build/lib/libBatteries-Data-AssocList-1.so --load-dynlib=././.lake/packages/batteries/.lake/build/lib/libBatteries-Data-Nat-Basic-1.so --load-dynlib=././.lake/packages/batteries/.lake/build/lib/libBatteries-Classes-SatisfiesM-1.so --load-dynlib=././.lake/packages/batteries/.lake/build/lib/libBatteries-Data-Array-Monadic-1.so --load-dynlib=././.lake/packages/batteries/.lake/build/lib/libBatteries-Classes-BEq-1.so --load-dynlib=././.lake/packages/batteries/.lake/build/lib/libBatteries-Data-HashMap-Basic-1.so --load-dynlib=././.lake/packages/batteries/.lake/build/lib/libBatteries-Control-ForInStep-Basic-1.so --load-dynlib=././.lake/packages/batteries/.lake/build/lib/libBatteries-Control-ForInStep-Lemmas-1.so --load-dynlib=././.lake/packages/batteries/.lake/build/lib/libBatteries-Lean-Meta-Basic-1.so --load-dynlib=././.lake/packages/batteries/.lake/build/lib/libBatteries-Tactic-Init-1.so --load-dynlib=././.lake/packages/batteries/.lake/build/lib/libBatteries-Data-List-Lemmas-1.so --load-dynlib=././.lake/packages/batteries/.lake/build/lib/libBatteries-Data-List-Init-Attach-1.so --load-dynlib=././.lake/packages/batteries/.lake/build/lib/libBatteries-Data-Array-Init-Lemmas-1.so --load-dynlib=././.lake/packages/batteries/.lake/build/lib/libBatteries-Data-Array-Basic-1.so --load-dynlib=././.lake/packages/batteries/.lake/build/lib/libBatteries-Tactic-SeqFocus-1.so --load-dynlib=././.lake/packages/batteries/.lake/build/lib/libBatteries-Util-ProofWanted-1.so --load-dynlib=././.lake/packages/batteries/.lake/build/lib/libBatteries-Data-Array-Lemmas-1.so --load-dynlib=././.lake/packages/batteries/.lake/build/lib/libBatteries-Data-HashMap-Lemmas-1.so --load-dynlib=././.lake/packages/batteries/.lake/build/lib/libBatteries-Data-Nat-Lemmas-1.so --load-dynlib=././.lake/packages/batteries/.lake/build/lib/libBatteries-Data-HashMap-WF-1.so --load-dynlib=././.lake/packages/batteries/.lake/build/lib/libBatteries-Data-HashMap-1.so --load-dynlib=././.lake/packages/smt/.lake/build/lib/libSmt-Data-Sexp-1.so --load-dynlib=././.lake/packages/smt/.lake/build/lib/libSmt-Dsl-Sexp-1.so --load-dynlib=././.lake/packages/smt/.lake/build/lib/libSmt-Term-1.so --load-dynlib=././.lake/packages/smt/.lake/build/lib/libSmt-Commands-1.so --load-dynlib=././.lake/packages/smt/.lake/build/lib/libSmt-Solver-1.so --json
error: ././././Book3/Prop11/step3.lean:8:2: [Smt.Translator] Unknown metric operation HSub.hSub.{0, 0, 0} Real Real Real (instHSub.{0} Real Real.instSub) (Segment.length (Segment.endpoints _uniq.117 _uniq.119)) (Segment.length (Segment.endpoints _uniq.118 _uniq.117))
error: Lean exited with code 1
⚠ [837/848] Built Book3.Prop11.step5
warning: ././././Book3/Prop11/step5.lean:6:5: unused variable `h1`
note: this linter can be disabled with `set_option linter.unusedVariables false`
warning: ././././Book3/Prop11/step5.lean:6:27: unused variable `h2`
note: this linter can be disabled with `set_option linter.unusedVariables false`
warning: ././././Book3/Prop11/step5.lean:6:49: unused variable `h3`
note: this linter can be disabled with `set_option linter.unusedVariables false`
✖ [838/848] Building Book3.Prop11.step4
trace: .> LEAN_PATH=././.lake/packages/batteries/.lake/build/lib:././.lake/packages/Qq/.lake/build/lib:././.lake/packages/aesop/.lake/build/lib:././.lake/packages/proofwidgets/.lake/build/lib:././.lake/packages/Cli/.lake/build/lib:././.lake/packages/importGraph/.lake/build/lib:././.lake/packages/mathlib/.lake/build/lib:././.lake/packages/smt/.lake/build/lib:././.lake/packages/checkdecls/.lake/build/lib:././.lake/build/lib LD_LIBRARY_PATH=././.lake/packages/batteries/.lake/build/lib:././.lake/packages/smt/.lake/build/lib:././.lake/build/lib /home/user/.elan/toolchains/leanprover--lean4---v4.8.0-rc2/bin/lean -DrelaxedAutoImplicit=true ././././Book3/Prop11/step4.lean -R ./././. -o ././.lake/build/lib/Book3/Prop11/step4.olean -i ././.lake/build/lib/Book3/Prop11/step4.ilean -c ././.lake/build/ir/Book3/Prop11/step4.c --load-dynlib=././.lake/packages/batteries/.lake/build/lib/libBatteries-Data-List-Init-Lemmas-1.so --load-dynlib=././.lake/packages/batteries/.lake/build/lib/libBatteries-CodeAction-Attr-1.so --load-dynlib=././.lake/packages/batteries/.lake/build/lib/libBatteries-CodeAction-Basic-1.so --load-dynlib=././.lake/packages/batteries/.lake/build/lib/libBatteries-Lean-Position-1.so --load-dynlib=././.lake/packages/batteries/.lake/build/lib/libBatteries-CodeAction-Deprecated-1.so --load-dynlib=././.lake/packages/batteries/.lake/build/lib/libBatteries-Tactic-Alias-1.so --load-dynlib=././.lake/packages/batteries/.lake/build/lib/libBatteries-Data-List-Basic-1.so --load-dynlib=././.lake/packages/batteries/.lake/build/lib/libBatteries-Data-AssocList-1.so --load-dynlib=././.lake/packages/batteries/.lake/build/lib/libBatteries-Data-Nat-Basic-1.so --load-dynlib=././.lake/packages/batteries/.lake/build/lib/libBatteries-Classes-SatisfiesM-1.so --load-dynlib=././.lake/packages/batteries/.lake/build/lib/libBatteries-Data-Array-Monadic-1.so --load-dynlib=././.lake/packages/batteries/.lake/build/lib/libBatteries-Classes-BEq-1.so --load-dynlib=././.lake/packages/batteries/.lake/build/lib/libBatteries-Data-HashMap-Basic-1.so --load-dynlib=././.lake/packages/batteries/.lake/build/lib/libBatteries-Control-ForInStep-Basic-1.so --load-dynlib=././.lake/packages/batteries/.lake/build/lib/libBatteries-Control-ForInStep-Lemmas-1.so --load-dynlib=././.lake/packages/batteries/.lake/build/lib/libBatteries-Lean-Meta-Basic-1.so --load-dynlib=././.lake/packages/batteries/.lake/build/lib/libBatteries-Tactic-Init-1.so --load-dynlib=././.lake/packages/batteries/.lake/build/lib/libBatteries-Data-List-Lemmas-1.so --load-dynlib=././.lake/packages/batteries/.lake/build/lib/libBatteries-Data-List-Init-Attach-1.so --load-dynlib=././.lake/packages/batteries/.lake/build/lib/libBatteries-Data-Array-Init-Lemmas-1.so --load-dynlib=././.lake/packages/batteries/.lake/build/lib/libBatteries-Data-Array-Basic-1.so --load-dynlib=././.lake/packages/batteries/.lake/build/lib/libBatteries-Tactic-SeqFocus-1.so --load-dynlib=././.lake/packages/batteries/.lake/build/lib/libBatteries-Util-ProofWanted-1.so --load-dynlib=././.lake/packages/batteries/.lake/build/lib/libBatteries-Data-Array-Lemmas-1.so --load-dynlib=././.lake/packages/batteries/.lake/build/lib/libBatteries-Data-HashMap-Lemmas-1.so --load-dynlib=././.lake/packages/batteries/.lake/build/lib/libBatteries-Data-Nat-Lemmas-1.so --load-dynlib=././.lake/packages/batteries/.lake/build/lib/libBatteries-Data-HashMap-WF-1.so --load-dynlib=././.lake/packages/batteries/.lake/build/lib/libBatteries-Data-HashMap-1.so --load-dynlib=././.lake/packages/smt/.lake/build/lib/libSmt-Data-Sexp-1.so --load-dynlib=././.lake/packages/smt/.lake/build/lib/libSmt-Dsl-Sexp-1.so --load-dynlib=././.lake/packages/smt/.lake/build/lib/libSmt-Term-1.so --load-dynlib=././.lake/packages/smt/.lake/build/lib/libSmt-Commands-1.so --load-dynlib=././.lake/packages/smt/.lake/build/lib/libSmt-Solver-1.so --json
error: ././././Book3/Prop11/step4.lean:8:2: [Smt.Translator] Unknown metric operation HSub.hSub.{0, 0, 0} Real Real Real (instHSub.{0} Real Real.instSub) (Segment.length (Segment.endpoints _uniq.73 _uniq.75)) (Segment.length (Segment.endpoints _uniq.74 _uniq.73))
error: Lean exited with code 1
✔ [839/848] Built Book3.Prop11.step6
✔ [840/848] Built Book3.Prop11.step8
✔ [841/848] Built Book3.Prop11.step9
✔ [842/848] Built Book3.Prop11.step7
✔ [843/848] Built Book3.Prop11.step1
⚠ [844/848] Built Book3.Prop11.step2
warning: ././././Book3/Prop11/step2.lean:7:5: unused variable `h5`
note: this linter can be disabled with `set_option linter.unusedVariables false`
warning: ././././Book3/Prop11/step2.lean:7:27: unused variable `h6`
note: this linter can be disabled with `set_option linter.unusedVariables false`
warning: ././././Book3/Prop11/step2.lean:7:49: unused variable `h7`
note: this linter can be disabled with `set_option linter.unusedVariables false`
warning: ././././Book3/Prop11/step2.lean:7:71: unused variable `h8`
note: this linter can be disabled with `set_option linter.unusedVariables false`
