[check_step --drive] step4 (stale) — running --subtree step4

[check_step --subtree step4] auditing the step4 cone — 1 node(s) in Book3/Prop06 (sub-nodes before step4):
  ✓ step4: SP[isolated] + P (leaf, zero-sorry)

PASS: step4's subtree certified (SF/SP over every in-cone call site + P every leaf in the cone). This is NOT the whole prop — keep driving the remaining steps, then run `check_step Book3/Prop06 --all` ONCE at the very end.
[check_step --drive] step5 (stale) — running --subtree step5

[check_step --subtree step5] auditing the step5 cone — 1 node(s) in Book3/Prop06 (sub-nodes before step5):
  ✓ step5: SP[isolated] + P (leaf, zero-sorry)

PASS: step5's subtree certified (SF/SP over every in-cone call site + P every leaf in the cone). This is NOT the whole prop — keep driving the remaining steps, then run `check_step Book3/Prop06 --all` ONCE at the very end.
[check_step --drive] step6 (stale) — running --subtree step6

[check_step --subtree step6] auditing the step6 cone — 1 node(s) in Book3/Prop06 (sub-nodes before step6):
  ✓ step6: SP[isolated] + P (leaf, zero-sorry)

PASS: step6's subtree certified (SF/SP over every in-cone call site + P every leaf in the cone). This is NOT the whole prop — keep driving the remaining steps, then run `check_step Book3/Prop06 --all` ONCE at the very end.
[check_step --drive] step7 (stale) — running --subtree step7

[check_step --subtree step7] auditing the step7 cone — 1 node(s) in Book3/Prop06 (sub-nodes before step7):
  ✓ step7: SP[isolated] + P (leaf, zero-sorry)

PASS: step7's subtree certified (SF/SP over every in-cone call site + P every leaf in the cone). This is NOT the whole prop — keep driving the remaining steps, then run `check_step Book3/Prop06 --all` ONCE at the very end.
[check_step --drive] step8 (stale) — running --subtree step8

[check_step --subtree step8] auditing the step8 cone — 1 node(s) in Book3/Prop06 (sub-nodes before step8):
  ✓ step8: SP[isolated] + P (leaf, zero-sorry)

PASS: step8's subtree certified (SF/SP over every in-cone call site + P every leaf in the cone). This is NOT the whole prop — keep driving the remaining steps, then run `check_step Book3/Prop06 --all` ONCE at the very end.
[check_step --drive] all Main nodes done.
  ⟹ check_step --all is GUARANTEED to pass. Run it ONCE as the final witness, then Phase C.
