[check_step --all] bottom-up audit of 41 node(s) in Book3/Prop36 (sub-nodes before their parents):
  ✓ step1: SP[isolated] + P (leaf, zero-sorry)
  ✓ step2: SP[isolated] + P (leaf, zero-sorry)
  ✓ step3: SP[isolated] + P (leaf sorry-free; residual `sorry` is only in an unproven cited DEPENDENCY — EXPECTED/OK, proven modulo deps)
  ✓ step4: SP[isolated] + P (leaf, zero-sorry)
  ✓ step5: SP[isolated] + P (leaf sorry-free; residual `sorry` is only in an unproven cited DEPENDENCY — EXPECTED/OK, proven modulo deps)
  ✓ step6: SP[isolated] + P (leaf, zero-sorry)
  ✓ step7: SP[isolated] + P (leaf, zero-sorry)
  ✓ step8_tri: SP[isolated] + P (leaf, zero-sorry)
  ✓ step8: SP[isolated] + Combine (container)
  ✓ step9: SP[isolated] + P (leaf, zero-sorry)
  ✓ step10: SP[isolated] + P (leaf, zero-sorry)
  ✓ step11: SP[isolated] + P (leaf, zero-sorry)
  ✓ step13: SP[isolated] + P (leaf, zero-sorry)
  ✓ step14: SP[isolated] + P (leaf, zero-sorry)
  ✓ step15: SP[isolated] + P (leaf, zero-sorry)
  ✓ step16: SP[isolated] + P (leaf sorry-free; residual `sorry` is only in an unproven cited DEPENDENCY — EXPECTED/OK, proven modulo deps)
  ✓ step17_btw_fne: SP[isolated] + P (leaf sorry-free; residual `sorry` is only in an unproven cited DEPENDENCY — EXPECTED/OK, proven modulo deps)
  ✓ step17_btw_pyth: SP[isolated] + P (leaf sorry-free; residual `sorry` is only in an unproven cited DEPENDENCY — EXPECTED/OK, proven modulo deps)
  ✓ step17_btw: SP[isolated] + Combine (container)
  ✓ step17: SP[isolated] + Combine (container)
  ✓ step18: SP[isolated] + P (leaf, zero-sorry)
  ✓ step19: SP[isolated] + P (leaf, zero-sorry)
  ✓ step20: SP[isolated] + P (leaf sorry-free; residual `sorry` is only in an unproven cited DEPENDENCY — EXPECTED/OK, proven modulo deps)
  ✓ step21: SP[isolated] + P (leaf, zero-sorry)
  ✓ step22: SP[isolated] + P (leaf, zero-sorry)
  ✓ step23_tri: SP[isolated] + P (leaf, zero-sorry)
  ✓ step23_pyth: SP[isolated] + P (leaf sorry-free; residual `sorry` is only in an unproven cited DEPENDENCY — EXPECTED/OK, proven modulo deps)
  ✓ step23: SP[isolated] + Combine (container)
  ✓ step24_angle: SP[isolated] + P (leaf, zero-sorry)
  ✓ step24_tri: SP[isolated] + P (leaf, zero-sorry)
  ✓ step24_pyth: SP[isolated] + P (leaf sorry-free; residual `sorry` is only in an unproven cited DEPENDENCY — EXPECTED/OK, proven modulo deps)
  ✓ step24: SP[isolated] + Combine (container)
  ✓ step25: SP[isolated] + P (leaf, zero-sorry)
  ✓ step26: SP[isolated] + P (leaf, zero-sorry)
  ✓ step27: SP[isolated] + P (leaf, zero-sorry)
  ✓ step28_tri: SP[isolated] + P (leaf, zero-sorry)
  ✓ step28_pyth: SP[isolated] + P (leaf sorry-free; residual `sorry` is only in an unproven cited DEPENDENCY — EXPECTED/OK, proven modulo deps)
  ✓ step28: SP[isolated] + Combine (container)
  ✓ step29: SP[isolated] + P (leaf, zero-sorry)
  ✓ step30: SP[isolated] + P (leaf, zero-sorry)
  ✓ step31: SP[isolated] + P (leaf, zero-sorry)

PASS: all 41 node(s) certified — every call site supplies its hyps (isolated SP, no SMT), every container's combine is certified by its OWN combine-check, and Main has no stray sorry. (Leaf dependencies left as `sorry` are tolerated — see any ⚠ above.) Run `python3 scripts/wire_main.py Book3/Prop36`.
