=== Main.lean — MODE: source/regex (no build) ===
    quick offline sanity check (text is EXACT; dependency match is number-only, not book-aware)
  [PASS] sentence locators are contiguous with no duplicates
         11 sentences
  [PASS] all sentences present + concatenation reproduces the original text exactly
         concatenation reproduces canonical text exactly, in order (11 sentences (3.11.0..3.11.10) vs Book3/data/texts_proofs/11.txt)
  [PASS] every cited [Prop.~B.M] is a Main construction (`… as …`) or deferred to Phase B (construction-aware, number-only)
         0 construction prop(s) in Main: (none)
         3 proof-internal citation(s) deferred to Phase B (their step helpers must cite these): 1.20, 3.1 (×2)
  [PASS] no forbidden bulk goal-closing tactics in the main proof body
         none found
  [PASS] @assumption text is a normalized substring of its owning sentence
         2 annotation(s) checked
  [PASS] no euclid_sentence has a vacuous `True` claim
         9 sentence claim(s) are non-trivial
  [PASS] euclid_intro/conclude_sentence bracket the proof (leading / trailing only)
         placement OK
  [PASS] assumption valid/gap tags unchanged (+ gaps backed, valids inline)
         tags match assumption_tags.json (or none recorded)
  [note] not machine-checked: that each step's type honestly captures its sentence (review by hand)
  => ALL PASS (source/regex mode)
