===== GRADE 2026-07-22 22:50:53 · Book2/Prop03 · arm=ablated · node=cpunode2 =====
worktree: /home/user/code/autoform/methodology_compare_worktrees/ablated/LeanEuclidPlus

----- [sorry_count] -----
sorry count = 0  (must be 0)

----- [check_faithful] -----
=== Main.lean — MODE: source/regex (no build) ===
    quick offline sanity check (text is EXACT; dependency match is number-only, not book-aware)
  [PASS] sentence locators are contiguous with no duplicates
         10 sentences
  [PASS] all sentences present + concatenation reproduces the original text exactly
         concatenation reproduces canonical text exactly, in order (10 sentences (2.3.0..2.3.9) vs Book2/data/texts_proofs/3.txt)
  [PASS] every cited [Prop.~B.M] is a Main construction (`… as …`) or deferred to Phase B (construction-aware, number-only)
         2 construction prop(s) in Main: proposition_31, proposition_46
  [PASS] @assumption text is a normalized substring of its owning sentence
         2 annotation(s) checked
  [PASS] no euclid_sentence has a vacuous `True` claim
         8 sentence claim(s) are non-trivial
  [PASS] euclid_intro/conclude_sentence bracket the proof (leading / trailing only)
         placement OK
  [note] not machine-checked: that each step's type honestly captures its sentence (review by hand)
  => ALL PASS (source/regex mode)
----- [check_backing] -----
=== Prop03/Main.lean — MODE: backing (source, no build) ===
  [PASS] every sentence delegates to helper_<book>_<prop>_stepN in its own file
         8 checked
  [PASS] each sentence's helper call supplies every hypothesis via euclid_assumption (show type)
         8 checked
  => ALL PASS (backing mode)
----- [check_signatures] -----
OK: all 1 proposition signatures matching 'Book2/Prop03/Main.lean' unchanged
----- [check_steps] -----
[check_steps] verifying approved Phase-A claim types are unchanged (approve/update with: check_steps.py --save Book<N>/Prop<NN>.lean)
OK: all 8 approved step claim(s) + assumptions unchanged in Book2/Prop03/Main.lean
----- [lake_build: Book2.Prop03.Main] -----
⚠ [786/892] Replayed Book1.Prop01.Main
warning: ././././Book1/Prop01/Main.lean:5:8: declaration uses 'sorry'
⚠ [788/892] Replayed Book1.Prop02.Main
warning: ././././Book1/Prop02/Main.lean:6:8: declaration uses 'sorry'
⚠ [792/892] Replayed Book1.Prop03.step3
warning: ././././Book1/Prop03/step3.lean:6:5: unused variable `h1`
note: this linter can be disabled with `set_option linter.unusedVariables false`
warning: ././././Book1/Prop03/step3.lean:6:27: unused variable `h2`
note: this linter can be disabled with `set_option linter.unusedVariables false`
warning: ././././Book1/Prop03/step3.lean:6:49: unused variable `h3`
note: this linter can be disabled with `set_option linter.unusedVariables false`
⚠ [796/892] Replayed Book1.Prop03.Main
warning: ././././Book1/Prop03/Main.lean:30:5: unused variable `step2`
note: this linter can be disabled with `set_option linter.unusedVariables false`
⚠ [797/892] Replayed Book1.Prop08.Main
warning: ././././Book1/Prop08/Main.lean:5:8: declaration uses 'sorry'
⚠ [808/892] Replayed Mathlib.Tactic.Linarith.Verification
warning: cached build log is corrupted: offset 1036: expected end of input
⚠ [824/892] Replayed Book1.Prop11.Main
warning: ././././Book1/Prop11/Main.lean:8:8: declaration uses 'sorry'
⚠ [826/892] Replayed Book1.Prop13.Main
warning: ././././Book1/Prop13/Main.lean:6:8: declaration uses 'sorry'
⚠ [827/892] Replayed Book1.Prop15.Main
warning: ././././Book1/Prop15/Main.lean:5:8: declaration uses 'sorry'
⚠ [828/892] Replayed Book1.Prop29.Main
warning: ././././Book1/Prop29/Main.lean:7:8: declaration uses 'sorry'
⚠ [831/892] Replayed Book1.Prop20.step3
warning: ././././Book1/Prop20/step3.lean:6:5: unused variable `h1`
note: this linter can be disabled with `set_option linter.unusedVariables false`
warning: ././././Book1/Prop20/step3.lean:6:24: unused variable `h2`
note: this linter can be disabled with `set_option linter.unusedVariables false`
⚠ [832/892] Replayed Book1.Prop04.Main
warning: ././././Book1/Prop04/Main.lean:5:8: declaration uses 'sorry'
⚠ [833/892] Replayed Book1.Prop05.Main
warning: ././././Book1/Prop05/Main.lean:8:8: declaration uses 'sorry'
⚠ [835/892] Replayed Book1.Prop20.step4
warning: ././././Book1/Prop20/step4.lean:7:24: unused variable `h2`
note: this linter can be disabled with `set_option linter.unusedVariables false`
⚠ [836/892] Replayed Book1.Prop19.Main
warning: ././././Book1/Prop19/Main.lean:5:8: declaration uses 'sorry'
⚠ [837/892] Replayed Book1.Prop20.step6
warning: ././././Book1/Prop20/step6.lean:7:5: unused variable `h1`
note: this linter can be disabled with `set_option linter.unusedVariables false`
⚠ [838/892] Replayed Book1.Prop20.step7
warning: ././././Book1/Prop20/step7.lean:6:5: unused variable `h1`
note: this linter can be disabled with `set_option linter.unusedVariables false`
⚠ [839/892] Replayed Book1.Prop20.step8
warning: ././././Book1/Prop20/step8.lean:6:5: unused variable `h1`
note: this linter can be disabled with `set_option linter.unusedVariables false`
⚠ [842/892] Replayed Book1.Prop22.Main
warning: ././././Book1/Prop22/Main.lean:6:8: declaration uses 'sorry'
⚠ [844/892] Replayed Book1.Prop27.step1
warning: ././././Book1/Prop27/step1.lean:6:5: unused variable `h1`
note: this linter can be disabled with `set_option linter.unusedVariables false`
warning: ././././Book1/Prop27/step1.lean:6:24: unused variable `h2`
note: this linter can be disabled with `set_option linter.unusedVariables false`
warning: ././././Book1/Prop27/step1.lean:6:43: unused variable `h3`
note: this linter can be disabled with `set_option linter.unusedVariables false`
warning: ././././Book1/Prop27/step1.lean:7:5: unused variable `h4`
note: this linter can be disabled with `set_option linter.unusedVariables false`
warning: ././././Book1/Prop27/step1.lean:8:5: unused variable `h5`
note: this linter can be disabled with `set_option linter.unusedVariables false`
warning: ././././Book1/Prop27/step1.lean:8:24: unused variable `h6`
note: this linter can be disabled with `set_option linter.unusedVariables false`
warning: ././././Book1/Prop27/step1.lean:9:5: unused variable `h7`
note: this linter can be disabled with `set_option linter.unusedVariables false`
warning: ././././Book1/Prop27/step1.lean:9:24: unused variable `h8`
note: this linter can be disabled with `set_option linter.unusedVariables false`
⚠ [846/892] Replayed Book1.Prop27.step3
warning: ././././Book1/Prop27/step3.lean:7:5: unused variable `h2`
note: this linter can be disabled with `set_option linter.unusedVariables false`
warning: ././././Book1/Prop27/step3.lean:7:24: unused variable `h3`
note: this linter can be disabled with `set_option linter.unusedVariables false`
warning: ././././Book1/Prop27/step3.lean:7:43: unused variable `h4`
note: this linter can be disabled with `set_option linter.unusedVariables false`
⚠ [847/892] Replayed Book1.Prop07.Main
warning: ././././Book1/Prop07/Main.lean:5:8: declaration uses 'sorry'
⚠ [848/892] Replayed Book1.Prop09.Main
warning: ././././Book1/Prop09/Main.lean:8:8: declaration uses 'sorry'
⚠ [850/892] Replayed Book1.Prop10.Main
warning: ././././Book1/Prop10/Main.lean:7:8: declaration uses 'sorry'
⚠ [851/892] Replayed Book1.Prop16.Main
warning: ././././Book1/Prop16/Main.lean:8:8: declaration uses 'sorry'
⚠ [857/892] Replayed Book1.Prop31.step2
warning: ././././Book1/Prop31/step2.lean:7:5: unused variable `h3`
note: this linter can be disabled with `set_option linter.unusedVariables false`
warning: ././././Book1/Prop31/step2.lean:7:27: unused variable `h4`
note: this linter can be disabled with `set_option linter.unusedVariables false`
⚠ [858/892] Replayed Book1.Prop31.step3
warning: ././././Book1/Prop31/step3.lean:6:5: unused variable `h1`
note: this linter can be disabled with `set_option linter.unusedVariables false`
⚠ [860/892] Replayed Book1.Prop26.Main
warning: ././././Book1/Prop26/Main.lean:9:8: declaration uses 'sorry'
⚠ [861/892] Replayed Book1.Prop34.Main
warning: ././././Book1/Prop34/Main.lean:6:8: declaration uses 'sorry'
⚠ [863/892] Replayed Book1.Prop30.step1
warning: ././././Book1/Prop30/step1.lean:6:5: unused variable `h1`
note: this linter can be disabled with `set_option linter.unusedVariables false`
warning: ././././Book1/Prop30/step1.lean:6:24: unused variable `h2`
note: this linter can be disabled with `set_option linter.unusedVariables false`
warning: ././././Book1/Prop30/step1.lean:6:43: unused variable `h3`
note: this linter can be disabled with `set_option linter.unusedVariables false`
warning: ././././Book1/Prop30/step1.lean:7:5: unused variable `h4`
note: this linter can be disabled with `set_option linter.unusedVariables false`
warning: ././././Book1/Prop30/step1.lean:7:24: unused variable `h5`
note: this linter can be disabled with `set_option linter.unusedVariables false`
warning: ././././Book1/Prop30/step1.lean:8:5: unused variable `h6`
note: this linter can be disabled with `set_option linter.unusedVariables false`
warning: ././././Book1/Prop30/step1.lean:8:24: unused variable `h7`
note: this linter can be disabled with `set_option linter.unusedVariables false`
warning: ././././Book1/Prop30/step1.lean:9:5: unused variable `h8`
note: this linter can be disabled with `set_option linter.unusedVariables false`
warning: ././././Book1/Prop30/step1.lean:9:24: unused variable `h9`
note: this linter can be disabled with `set_option linter.unusedVariables false`
warning: ././././Book1/Prop30/step1.lean:10:5: unused variable `h10`
note: this linter can be disabled with `set_option linter.unusedVariables false`
warning: ././././Book1/Prop30/step1.lean:10:25: unused variable `h11`
note: this linter can be disabled with `set_option linter.unusedVariables false`
⚠ [864/892] Replayed Book1.Prop30.step2
warning: ././././Book1/Prop30/step2.lean:11:5: unused variable `h10`
note: this linter can be disabled with `set_option linter.unusedVariables false`
⚠ [865/892] Replayed Book1.Prop30.step3
warning: ././././Book1/Prop30/step3.lean:11:5: unused variable `h10`
note: this linter can be disabled with `set_option linter.unusedVariables false`
warning: ././././Book1/Prop30/step3.lean:11:29: unused variable `h11`
note: this linter can be disabled with `set_option linter.unusedVariables false`
⚠ [868/892] Replayed Book1.Prop30.step6
warning: ././././Book1/Prop30/step6.lean:6:5: unused variable `h1`
note: this linter can be disabled with `set_option linter.unusedVariables false`
warning: ././././Book1/Prop30/step6.lean:6:28: unused variable `h2`
note: this linter can be disabled with `set_option linter.unusedVariables false`
warning: ././././Book1/Prop30/step6.lean:6:49: unused variable `h3`
note: this linter can be disabled with `set_option linter.unusedVariables false`
✖ [870/892] Building Book1.Prop20.step9
trace: .> LEAN_PATH=././.lake/packages/batteries/.lake/build/lib:././.lake/packages/Qq/.lake/build/lib:././.lake/packages/aesop/.lake/build/lib:././.lake/packages/proofwidgets/.lake/build/lib:././.lake/packages/Cli/.lake/build/lib:././.lake/packages/importGraph/.lake/build/lib:././.lake/packages/mathlib/.lake/build/lib:././.lake/packages/smt/.lake/build/lib:././.lake/packages/checkdecls/.lake/build/lib:././.lake/build/lib LD_LIBRARY_PATH=././.lake/packages/batteries/.lake/build/lib:././.lake/packages/smt/.lake/build/lib:././.lake/build/lib /home/user/.elan/toolchains/leanprover--lean4---v4.8.0-rc2/bin/lean -DrelaxedAutoImplicit=true ././././Book1/Prop20/step9.lean -R ./././. -o ././.lake/build/lib/Book1/Prop20/step9.olean -i ././.lake/build/lib/Book1/Prop20/step9.ilean -c ././.lake/build/ir/Book1/Prop20/step9.c --load-dynlib=././.lake/packages/batteries/.lake/build/lib/libBatteries-Data-List-Init-Lemmas-1.so --load-dynlib=././.lake/packages/batteries/.lake/build/lib/libBatteries-CodeAction-Attr-1.so --load-dynlib=././.lake/packages/batteries/.lake/build/lib/libBatteries-CodeAction-Basic-1.so --load-dynlib=././.lake/packages/batteries/.lake/build/lib/libBatteries-Lean-Position-1.so --load-dynlib=././.lake/packages/batteries/.lake/build/lib/libBatteries-CodeAction-Deprecated-1.so --load-dynlib=././.lake/packages/batteries/.lake/build/lib/libBatteries-Tactic-Alias-1.so --load-dynlib=././.lake/packages/batteries/.lake/build/lib/libBatteries-Data-List-Basic-1.so --load-dynlib=././.lake/packages/batteries/.lake/build/lib/libBatteries-Data-AssocList-1.so --load-dynlib=././.lake/packages/batteries/.lake/build/lib/libBatteries-Data-Nat-Basic-1.so --load-dynlib=././.lake/packages/batteries/.lake/build/lib/libBatteries-Classes-SatisfiesM-1.so --load-dynlib=././.lake/packages/batteries/.lake/build/lib/libBatteries-Data-Array-Monadic-1.so --load-dynlib=././.lake/packages/batteries/.lake/build/lib/libBatteries-Classes-BEq-1.so --load-dynlib=././.lake/packages/batteries/.lake/build/lib/libBatteries-Data-HashMap-Basic-1.so --load-dynlib=././.lake/packages/batteries/.lake/build/lib/libBatteries-Control-ForInStep-Basic-1.so --load-dynlib=././.lake/packages/batteries/.lake/build/lib/libBatteries-Control-ForInStep-Lemmas-1.so --load-dynlib=././.lake/packages/batteries/.lake/build/lib/libBatteries-Lean-Meta-Basic-1.so --load-dynlib=././.lake/packages/batteries/.lake/build/lib/libBatteries-Tactic-Init-1.so --load-dynlib=././.lake/packages/batteries/.lake/build/lib/libBatteries-Data-List-Lemmas-1.so --load-dynlib=././.lake/packages/batteries/.lake/build/lib/libBatteries-Data-List-Init-Attach-1.so --load-dynlib=././.lake/packages/batteries/.lake/build/lib/libBatteries-Data-Array-Init-Lemmas-1.so --load-dynlib=././.lake/packages/batteries/.lake/build/lib/libBatteries-Data-Array-Basic-1.so --load-dynlib=././.lake/packages/batteries/.lake/build/lib/libBatteries-Tactic-SeqFocus-1.so --load-dynlib=././.lake/packages/batteries/.lake/build/lib/libBatteries-Util-ProofWanted-1.so --load-dynlib=././.lake/packages/batteries/.lake/build/lib/libBatteries-Data-Array-Lemmas-1.so --load-dynlib=././.lake/packages/batteries/.lake/build/lib/libBatteries-Data-HashMap-Lemmas-1.so --load-dynlib=././.lake/packages/batteries/.lake/build/lib/libBatteries-Data-Nat-Lemmas-1.so --load-dynlib=././.lake/packages/batteries/.lake/build/lib/libBatteries-Data-HashMap-WF-1.so --load-dynlib=././.lake/packages/batteries/.lake/build/lib/libBatteries-Data-HashMap-1.so --load-dynlib=././.lake/packages/smt/.lake/build/lib/libSmt-Data-Sexp-1.so --load-dynlib=././.lake/packages/smt/.lake/build/lib/libSmt-Dsl-Sexp-1.so --load-dynlib=././.lake/packages/smt/.lake/build/lib/libSmt-Term-1.so --load-dynlib=././.lake/packages/smt/.lake/build/lib/libSmt-Commands-1.so --load-dynlib=././.lake/packages/smt/.lake/build/lib/libSmt-Solver-1.so --json
error: ././././Book1/Prop20/step9.lean:13:2: no goals to be solved
error: Lean exited with code 1
✔ [871/892] Built Book2.Prop03.step1
✔ [872/892] Built Book2.Prop03.step3
✔ [873/892] Built Book2.Prop03.step8
>>> lake_build FAILED (nonzero exit or 3600s timeout)
