===== GRADE 2026-07-22 00:09:18 · Book1/Prop27 · arm=mymethod · node=cpu039 =====
worktree: /home/user2/code/autoform/methodology_compare_worktrees/full/LeanEuclidPlus

----- [sorry_count] -----
sorry count = 0  (must be 0)

----- [check_faithful] -----
=== Main.lean — MODE: source/regex (no build) ===
    quick offline sanity check (text is EXACT; dependency match is number-only, not book-aware)
  [PASS] sentence locators are contiguous with no duplicates
         10 sentences
  [PASS] all sentences present + concatenation reproduces the original text exactly
         concatenation reproduces canonical text exactly, in order (10 sentences (1.27.0..1.27.9) vs Book1/data/texts_proofs/27.txt)
  [PASS] every cited [Prop.~B.M] is a Main construction (`… as …`) or deferred to Phase B (construction-aware, number-only)
         0 construction prop(s) in Main: (none)
         1 proof-internal citation(s) deferred to Phase B (their step helpers must cite these): 1.16
  [PASS] @assumption text is a normalized substring of its owning sentence
         2 annotation(s) checked
  [PASS] no euclid_sentence has a vacuous `True` claim
         8 sentence claim(s) are non-trivial
  [PASS] euclid_intro/conclude_sentence bracket the proof (leading / trailing only)
         placement OK
  [note] not machine-checked: that each step's type honestly captures its sentence (review by hand)
  => ALL PASS (source/regex mode)
----- [check_backing] -----
=== Prop27/Main.lean — MODE: backing (source, no build) ===
  [PASS] every sentence delegates to helper_<book>_<prop>_stepN in its own file
         8 checked
  [PASS] each sentence's helper call supplies every hypothesis via euclid_assumption (show type)
         8 checked
  => ALL PASS (backing mode)
----- [check_signatures] -----
OK: all 1 proposition signatures matching 'Book1/Prop27/Main.lean' unchanged
----- [check_steps] -----
[check_steps] verifying approved Phase-A claim types are unchanged (approve/update with: check_steps.py --save Book<N>/Prop<NN>.lean)
OK: all 8 approved step claim(s) + assumptions unchanged in Book1/Prop27/Main.lean
----- [lake_build: Book1.Prop27.Main] -----
⚠ [789/834] Replayed Book1.Prop01.Main
warning: ././././Book1/Prop01/Main.lean:5:8: declaration uses 'sorry'
⚠ [791/834] Replayed Book1.Prop02.Main
warning: ././././Book1/Prop02/Main.lean:6:8: declaration uses 'sorry'
⚠ [793/834] Replayed Book1.Prop03.Main
warning: ././././Book1/Prop03/Main.lean:7:8: declaration uses 'sorry'
⚠ [794/834] Replayed Book1.Prop04.Main
warning: ././././Book1/Prop04/Main.lean:5:8: declaration uses 'sorry'
⚠ [821/834] Replayed Book1.Prop07.Main
warning: ././././Book1/Prop07/Main.lean:5:8: declaration uses 'sorry'
⚠ [822/834] Replayed Book1.Prop08.Main
warning: ././././Book1/Prop08/Main.lean:5:8: declaration uses 'sorry'
⚠ [826/834] Replayed Book1.Prop05.Main
warning: ././././Book1/Prop05/Main.lean:8:8: declaration uses 'sorry'
⚠ [828/834] Replayed Book1.Prop09.Main
warning: ././././Book1/Prop09/Main.lean:8:8: declaration uses 'sorry'
⚠ [830/834] Replayed Book1.Prop10.Main
warning: ././././Book1/Prop10/Main.lean:7:8: declaration uses 'sorry'
⚠ [831/834] Replayed Book1.Prop16.Main
warning: ././././Book1/Prop16/Main.lean:8:8: declaration uses 'sorry'
✔ [832/834] Built Book1.Prop27.step4
✔ [833/834] Built Book1.Prop27.step6
✔ [834/834] Built Book1.Prop27.Main
Build completed successfully.
===== ALL CHECKS PASSED =====
