✔ [757/1473] Built Batteries.Lean.Util.Path:c.o
✔ [758/1473] Built SystemE.Theory.Sorts.Primitives:c.o
✔ [759/1473] Built Mathlib.Init.Data.Nat.Notation:c.o
✔ [760/1473] Built Batteries.Data.Int.Order:c.o
✔ [761/1473] Built Mathlib.Init.Data.Int.Basic:c.o
✔ [762/1473] Built Mathlib.Data.String.Defs:c.o
✔ [763/1473] Built Mathlib.Data.Array.Defs:c.o
✔ [764/1473] Built Mathlib.Util.MemoFix:c.o
✔ [765/1473] Built Mathlib.Lean.Expr.ReplaceRec:c.o
✔ [766/1473] Built Mathlib.Lean.EnvExtension:c.o
✔ [767/1473] Built Batteries.Lean.NameMapAttribute:c.o
✔ [768/1473] Built Batteries.Util.LibraryNote:c.o
✔ [769/1473] Built Batteries.Tactic.Lint:c.o
✔ [770/1473] Built Batteries.Logic:c.o
✔ [771/1473] Built Batteries.Lean.Name:c.o
✔ [772/1473] Built Batteries.Data.Nat.Gcd:c.o
✔ [773/1473] Built Batteries.Data.Int.DivMod:c.o
✔ [774/1473] Built Mathlib.Init.ZeroOne:c.o
✔ [775/1473] Built Mathlib.Tactic.Eqns:c.o
✔ [776/1473] Built Batteries.Data.Array.Match:c.o
✔ [777/1473] Built Mathlib.Tactic.TypeStar:c.o
✔ [778/1473] Built Batteries.Classes.Cast:c.o
✔ [779/1473] Built Batteries.Classes.Order:c.o
✔ [780/1473] Built Batteries.Classes.RatCast:c.o
✔ [781/1473] Built Batteries.Data.Array:c.o
✔ [782/1473] Built Batteries.Data.BinomialHeap:c.o
✔ [783/1473] Built Batteries.Data.BitVec.Lemmas:c.o
✔ [784/1473] Built Batteries.Tactic.Lint.TypeClass:c.o
✔ [785/1473] Built Mathlib.Lean.Elab.Tactic.Basic:c.o
✔ [786/1473] Built Batteries.Lean.Expr:c.o
✔ [787/1473] Built Mathlib.Tactic.Simps.NotationClass:c.o
✔ [788/1473] Built Batteries.Data.String.Basic:c.o
✔ [789/1473] Built Batteries.Lean.Float:c.o
✔ [790/1473] Built Mathlib.Tactic.Lemma:c.o
✔ [791/1473] Built Mathlib.Util.AssertExists:c.o
✔ [792/1473] Built Batteries.CodeAction:c.o
✔ [793/1473] Built Batteries.Control.ForInStep:c.o
✔ [794/1473] Built Batteries.Control.Lemmas:c.o
✔ [795/1473] Built Batteries.Data.BinomialHeap.Lemmas:c.o
✔ [796/1473] Built Batteries.Data.BitVec:c.o
✔ [797/1473] Built Batteries.Data.ByteArray:c.o
✔ [798/1473] Built Batteries.Data.UInt:c.o
✔ [799/1473] Built Batteries.Data.Int.Lemmas:c.o
✔ [800/1473] Built Batteries.Data.Range:c.o
✔ [801/1473] Built Mathlib.Lean.Meta:c.o
✔ [802/1473] Built Batteries.Data.Bool:c.o
✔ [803/1473] Built Batteries.Data.Fin:c.o
✔ [804/1473] Built Batteries.Data.Int:c.o
✔ [805/1473] Built Batteries.Data.List.EraseIdx:c.o
✔ [806/1473] Built Batteries.Data.Option.Lemmas:c.o
✔ [807/1473] Built Batteries.Tactic.OpenPrivate:c.o
✔ [808/1473] Built Batteries.Tactic.Lint.Basic:c.o
✔ [809/1473] Built Batteries.Data.Rat.Basic:c.o
✔ [810/1473] Built Mathlib.Algebra.Group.Defs:c.o
✔ [811/1473] Built Batteries.Data.Array.Merge:c.o
✔ [812/1473] Built Batteries.Data.DList:c.o
✔ [813/1473] Built Batteries.Data.List.Count:c.o
✔ [814/1473] Built Batteries.Data.List.Pairwise:c.o
✔ [815/1473] Built Batteries.Lean.System.IO:c.o
✔ [816/1473] Built Batteries.Data.RBMap.Depth:c.o
✔ [817/1473] Built Mathlib.Mathport.Rename:c.o
✔ [818/1473] Built Batteries.Data.Fin.Lemmas:c.o
✔ [819/1473] Built Batteries.Data.List.Perm:c.o
✔ [820/1473] Built Batteries.Data.List:c.o
✔ [821/1473] Built Batteries.Data.MLList.Heartbeats:c.o
✔ [822/1473] Built Batteries.Data.MLList:c.o
✔ [823/1473] Built Batteries.Data.Nat:c.o
✔ [824/1473] Built Batteries.Data.Option:c.o
✔ [825/1473] Built Batteries.Data.Range.Lemmas:c.o
✔ [826/1473] Built Batteries.Lean.PersistentHashMap:c.o
✔ [827/1473] Built Batteries.Data.Char:c.o
✔ [828/1473] Built Batteries.Data.RBMap.Alter:c.o
✔ [829/1473] Built Batteries.Data.RBMap:c.o
✔ [830/1473] Built Batteries.Data.Rat:c.o
✔ [831/1473] Built Batteries.Data.String.Lemmas:c.o
✔ [832/1473] Built Batteries.Data.Sum.Lemmas:c.o
✔ [833/1473] Built Batteries.Data.Sum:c.o
✔ [834/1473] Built Batteries.StdDeprecations:c.o
✔ [835/1473] Built Batteries.Data.Fin.Basic:c.o
✔ [836/1473] Built Batteries.Data.LazyList:c.o
✔ [837/1473] Built Batteries.Data.MLList.IO:c.o
✔ [838/1473] Built Batteries.Data.RBMap.WF:c.o
✔ [839/1473] Built Batteries.Data.RBMap.Lemmas:c.o
✔ [840/1473] Built Batteries.Data.Rat.Lemmas:c.o
✔ [841/1473] Built Batteries.Data.String:c.o
✔ [842/1473] Built Batteries.Data.Sum.Basic:c.o
✔ [843/1473] Built Batteries.Data.UnionFind:c.o
✔ [844/1473] Built Batteries.Lean.TagAttribute:c.o
✔ [845/1473] Built Batteries.Lean.Except:c.o
✔ [846/1473] Built Batteries.Lean.Syntax:c.o
✔ [847/1473] Built Batteries.Tactic.Unreachable:c.o
✔ [848/1473] Built Batteries.Tactic.Basic:c.o
✔ [849/1473] Built Batteries.Data.PairingHeap:c.o
✔ [850/1473] Built Batteries.Data.UnionFind.Basic:c.o
✔ [851/1473] Built Batteries.Data.UnionFind.Lemmas:c.o
✔ [852/1473] Built Batteries.Lean.IO.Process:c.o
✔ [853/1473] Built Batteries.Lean.MonadBacktrack:c.o
✔ [854/1473] Built Batteries.Lean.Meta.UnusedNames:c.o
✔ [855/1473] Built Batteries.Lean.SMap:c.o
✔ [856/1473] Built Batteries.Linter:c.o
✔ [857/1473] Built Batteries.Tactic.Exact:c.o
✔ [858/1473] Built Mathlib.Lean.Meta.Simp:c.o
✔ [859/1473] Built Batteries.Data.BinomialHeap.Basic:c.o
✔ [860/1473] Built Batteries.Lean.Delaborator:c.o
✔ [861/1473] Built Batteries.Lean.Json:c.o
✔ [862/1473] Built Batteries.Lean.Meta.Expr:c.o
✔ [863/1473] Built Batteries.Lean.Meta.Inaccessible:c.o
✔ [864/1473] Built Batteries.Lean.NameMap:c.o
✔ [865/1473] Built Batteries.Lean.Util.EnvSearch:c.o
✔ [866/1473] Built Batteries.WF:c.o
✔ [867/1473] Built Batteries.Tactic.Lint.Misc:c.o
✔ [868/1473] Built Batteries.Lean.Meta.Clear:c.o
✔ [869/1473] Built Batteries.Lean.Meta.DiscrTree:c.o
✔ [870/1473] Built Batteries.Lean.Meta.SavedState:c.o
✔ [871/1473] Built Batteries.Tactic.Classical:c.o
✔ [872/1473] Built Batteries.Test.Internal.DummyLabelAttr:c.o
✔ [873/1473] Built Batteries.Util.Pickle:c.o
✔ [874/1473] Built Batteries:c.o
✔ [875/1473] Built Mathlib.Init.Function:c.o
✔ [876/1473] Built Mathlib.Logic.Nontrivial.Defs:c.o
✔ [877/1473] Built Batteries.Tactic.Lint.Simp:c.o
✔ [878/1473] Built Batteries.Lean.HashMap:c.o
✔ [879/1473] Built Batteries.Lean.HashSet:c.o
✔ [880/1473] Built Batteries.Lean.Meta.AssertHypotheses:c.o
✔ [881/1473] Built Batteries.Lean.Meta.InstantiateMVars:c.o
✔ [882/1473] Built Batteries.Lean.Meta.Simp:c.o
✔ [883/1473] Built Batteries.Tactic.PermuteGoals:c.o
✔ [884/1473] Built Mathlib.Logic.Function.Basic:c.o
✔ [885/1473] Built Mathlib.Data.Nat.Cast.Defs:c.o
✔ [886/1473] Built Mathlib.Lean.Expr.Basic:c.o
✔ [887/1473] Built Batteries.Lean.PersistentHashSet:c.o
✔ [888/1473] Built Batteries.Tactic.Where:c.o
✔ [889/1473] Built Mathlib.Algebra.Group.Semiconj.Defs:c.o
✔ [890/1473] Built Batteries.CodeAction.Misc:c.o
✔ [891/1473] Built Batteries.Lean.AttributeExtra:c.o
✔ [892/1473] Built Batteries.Tactic.NoMatch:c.o
✔ [893/1473] Built Mathlib.Tactic.ExtendDoc:c.o
✔ [894/1473] Built Mathlib.Logic.Nonempty:c.o
✔ [895/1473] Built Mathlib.Init.Set:c.o
✔ [896/1473] Built Mathlib.Mathport.Attributes:c.o
✔ [897/1473] Built Mathlib.Logic.Basic:c.o
✔ [898/1473] Built Mathlib.Algebra.GroupWithZero.Defs:c.o
✔ [899/1473] Built Mathlib.Data.Rat.Init:c.o
✔ [900/1473] Built Aesop.Constants:c.o
✔ [901/1473] Built Batteries.Tactic.ShowUnused:c.o
✔ [902/1473] Built Mathlib.Tactic.Attr.Register:c.o
✔ [903/1473] Built Mathlib.Data.Int.Cast.Defs:c.o
✔ [904/1473] Built Aesop.Tree:c.o
✔ [905/1473] Built Batteries.Tactic.Lint.Frontend:c.o
✔ [906/1473] Built Batteries.Linter.UnnecessarySeqFocus:c.o
✔ [907/1473] Built Batteries.Util.Cache:c.o
✔ [908/1473] Built Batteries.Util.ExtendedBinder:c.o
✔ [909/1473] Built Mathlib.Init.Logic:c.o
✔ [910/1473] Built Mathlib.Init.Algebra.Classes:c.o
✔ [911/1473] Built Mathlib.Algebra.Ring.Defs:c.o
✔ [912/1473] Built Mathlib.Algebra.Field.Defs:c.o
✔ [913/1473] Built Aesop.Check:c.o
✔ [914/1473] Built Aesop.Rule.Name:c.o
✔ [915/1473] Built Aesop.Options.Internal:c.o
✔ [916/1473] Built Aesop.Options:c.o
✔ [917/1473] Built Aesop.Rule.Basic:c.o
✔ [918/1473] Built Aesop.RuleSet.Member:c.o
✔ [919/1473] Built Aesop.RuleSet.Filter:c.o
✔ [920/1473] Built Batteries.Control.Nondet.Basic:c.o
✔ [921/1473] Built Batteries.Linter.UnreachableTactic:c.o
✔ [922/1473] Built Aesop.Frontend.Basic:c.o
✔ [923/1473] Built Batteries.Tactic.SqueezeScope:c.o
✔ [924/1473] Built Aesop.Index.Basic:c.o
✔ [925/1473] Built Aesop.Builder.Apply:c.o
✔ [926/1473] Built Batteries.Tactic.Instances:c.o
✔ [927/1473] Built Batteries.Tactic.PrintDependents:c.o
✔ [928/1473] Built Mathlib.Tactic.AdaptationNote:c.o
✔ [929/1473] Built Aesop.Nanos:c.o
✔ [930/1473] Built Aesop.Util.UnorderedArraySet:c.o
✔ [931/1473] Built Aesop.Frontend.Extension.Init:c.o
✔ [932/1473] Built Aesop.Builder.Basic:c.o
✔ [933/1473] Built Aesop.Builder.Constructors:c.o
✔ [934/1473] Built Aesop.Builder:c.o
✔ [935/1473] Built Aesop.RuleTac.Preprocess:c.o
✔ [936/1473] Built Batteries.Tactic.PrintPrefix:c.o
✔ [937/1473] Built Mathlib.Tactic.PPWithUniv:c.o
✔ [938/1473] Built Mathlib.Tactic.ProjectionNotation:c.o
✔ [939/1473] Built Mathlib.Tactic.SplitIfs:c.o
✔ [940/1473] Built Mathlib.Tactic.Spread:c.o
✔ [941/1473] Built Mathlib.Algebra.Group.Commute.Defs:c.o
✔ [942/1473] Built Aesop.Percent:c.o
✔ [943/1473] Built Aesop.Rule:c.o
✔ [944/1473] Built Aesop.ElabM:c.o
✔ [945/1473] Built Aesop.RuleTac.ElabRuleTerm:c.o
✔ [946/1473] Built Aesop.Builder.NormSimp:c.o
✔ [947/1473] Built Aesop.Search.Queue.Class:c.o
✔ [948/1473] Built Aesop.Builder.Unfold:c.o
✔ [949/1473] Built Aesop:c.o
✔ [950/1473] Built Batteries.Util.CheckTactic:c.o
✔ [951/1473] Built Mathlib.Tactic.Core:c.o
✔ [952/1473] Built Aesop.Tracing:c.o
✔ [953/1473] Built Aesop.Builder.Tactic:c.o
✔ [954/1473] Built Aesop.Search.Expansion.Basic:c.o
✔ [955/1473] Built Aesop.RuleTac:c.o
✔ [956/1473] Built Aesop.BuiltinRules.Ext:c.o
✔ [957/1473] Built Aesop.BuiltinRules:c.o
✔ [958/1473] Built Mathlib.Algebra.Group.Basic:c.o
✔ [959/1473] Built Batteries.Data.MLList.Basic:c.o
✔ [960/1473] Built Batteries.Tactic.Congr:c.o
✔ [961/1473] Built Aesop.Options.Public:c.o
✔ [962/1473] Built Aesop.Builder.Cases:c.o
✔ [963/1473] Built Aesop.RuleTac.Tactic:c.o
✔ [964/1473] Built Aesop.Stats.Extension:c.o
✔ [965/1473] Built Mathlib.Init.Data.Nat.Lemmas:c.o
✔ [966/1473] Built Mathlib.Data.Sum.Basic:c.o
✔ [967/1473] Built Aesop.Util.UnionFind:c.o
✔ [968/1473] Built Aesop.RuleTac.Basic:c.o
✔ [969/1473] Built Aesop.Tree.UnsafeQueue:c.o
✔ [970/1473] Built Aesop.Tree.RunMetaM:c.o
✔ [971/1473] Built Aesop.Tree.TreeM:c.o
✔ [972/1473] Built Aesop.Tree.Free:c.o
✔ [973/1473] Built Aesop.Search.Queue:c.o
✔ [974/1473] Built Mathlib.Init.Data.Nat.Basic:c.o
✔ [975/1473] Built Mathlib.Init.Data.Ordering.Basic:c.o
✔ [976/1473] Built Mathlib.Data.Int.Defs:c.o
✔ [977/1473] Built Mathlib.Logic.Nontrivial.Basic:c.o
✔ [978/1473] Built Mathlib.Tactic.Relation.Trans:c.o
✔ [979/1473] Built Aesop.RuleSet.Name:c.o
✔ [980/1473] Built Aesop.Search.Expansion.Simp:c.o
✔ [981/1473] Built Aesop.Stats.Basic:c.o
✔ [982/1473] Built Aesop.BuiltinRules.Intros:c.o
✔ [983/1473] Built Mathlib.Data.Nat.Defs:c.o
✔ [984/1473] Built Mathlib.Logic.IsEmpty:c.o
✔ [985/1473] Built Mathlib.Tactic.Inhabit:c.o
✔ [986/1473] Built Mathlib.Data.Bool.Basic:c.o
✔ [987/1473] Built Aesop.Builder.Default:c.o
✔ [988/1473] Built Mathlib.Data.Option.Defs:c.o
✔ [989/1473] Built Mathlib.Logic.Function.Conjugate:c.o
✔ [990/1473] Built Aesop.Search.RuleSelection:c.o
✔ [991/1473] Built Mathlib.Data.FunLike.Basic:c.o
✔ [992/1473] Built Mathlib.Data.FunLike.Embedding:c.o
✔ [993/1473] Built Mathlib.Init.Data.Quot:c.o
✔ [994/1473] Built Mathlib.Init.Data.Bool.Lemmas:c.o
✔ [995/1473] Built Aesop.Frontend.Attribute:c.o
✔ [996/1473] Built Aesop.RuleTac.Apply:c.o
✔ [997/1473] Built Aesop.Search.SearchM:c.o
✔ [998/1473] Built Aesop.Search.ExpandSafePrefix:c.o
✔ [999/1473] Built Mathlib.Data.Prod.Basic:c.o
✔ [1000/1473] Built Mathlib.Algebra.Group.Hom.Basic:c.o
✔ [1001/1473] Built Mathlib.Data.Sigma.Basic:c.o
✔ [1002/1473] Built Mathlib.Logic.Relator:c.o
✔ [1003/1473] Built Mathlib.Algebra.GroupWithZero.NeZero:c.o
✔ [1004/1473] Built Mathlib.Tactic.Basic:c.o
✔ [1005/1473] Built Aesop.Frontend.Extension:c.o
✔ [1006/1473] Built Aesop.Builder.Forward:c.o
✔ [1007/1473] Built Aesop.BuiltinRules.DestructProducts:c.o
✔ [1008/1473] Built Mathlib.Lean.Elab.Term:c.o
✔ [1009/1473] Built Mathlib.Tactic.Contrapose:c.o
✔ [1010/1473] Built Mathlib.Tactic.Attr.Core:c.o
✔ [1011/1473] Built Mathlib.Algebra.NeZero:c.o
✔ [1012/1473] Built Mathlib.Algebra.GroupWithZero.Basic:c.o
✔ [1013/1473] Built Mathlib.Init.Data.Int.Order:c.o
✔ [1014/1473] Built Mathlib.Order.Max:c.o
✔ [1015/1473] Built Aesop.Tree.Traversal:c.o
✔ [1016/1473] Built Aesop.BuiltinRules.Subst:c.o
✔ [1017/1473] Built Aesop.Stats.Report:c.o
✔ [1018/1473] Built Aesop.Frontend:c.o
✔ [1019/1473] Built Mathlib.Init.Order.Defs:c.o
✔ [1020/1473] Built Mathlib.Tactic.GCongr.ForwardAttr:c.o
✔ [1021/1473] Built Mathlib.Logic.Unique:c.o
✔ [1022/1473] Built Mathlib.Data.FunLike.Equiv:c.o
✔ [1023/1473] Built Mathlib.Algebra.GroupWithZero.Hom:c.o
✔ [1024/1473] Built Mathlib.Algebra.GroupWithZero.Units.Basic:c.o
✔ [1025/1473] Built Mathlib.Order.Compare:c.o
✔ [1026/1473] Built Mathlib.Algebra.Order.Monoid.Unbundled.Defs:c.o
✔ [1027/1473] Built Mathlib.Algebra.Group.Pi.Basic:c.o
✔ [1028/1473] Built Mathlib.Algebra.Group.Hom.Defs:c.o
✔ [1029/1473] Built Mathlib.Data.Subtype:c.o
✔ [1030/1473] Built Mathlib.Lean.PrettyPrinter.Delaborator:c.o
✔ [1031/1473] Built Mathlib.Algebra.CharZero.Defs:c.o
✔ [1032/1473] Built Mathlib.Order.Notation:c.o
✔ [1033/1473] Built Mathlib.Order.Synonym:c.o
✔ [1034/1473] Built Mathlib.Order.RelClasses:c.o
✔ [1035/1473] Built Mathlib.Init.Data.Sigma.Basic:c.o
✔ [1036/1473] Built Aesop.Exception:c.o
✔ [1037/1473] Built Aesop.BuiltinRules.Split:c.o
✔ [1038/1473] Built Mathlib.Tactic.Convert:c.o
✔ [1039/1473] Built Mathlib.Tactic.ScopedNS:c.o
✔ [1040/1473] Built Mathlib.Algebra.Group.Units:c.o
✔ [1041/1473] Built Mathlib.Algebra.Ring.Basic:c.o
✔ [1042/1473] Built Mathlib.Order.Monotone.Basic:c.o
✔ [1043/1473] Built Mathlib.Algebra.Order.Sub.Defs:c.o
✔ [1044/1473] Built Mathlib.Algebra.Order.Monoid.Unbundled.MinMax:c.o
✔ [1045/1473] Built Mathlib.Algebra.Order.Ring.CharZero:c.o
✔ [1046/1473] Built Aesop.Tree.ExtractScript:c.o
✔ [1047/1473] Built Mathlib.Logic.Equiv.Defs:c.o
✔ [1048/1473] Built Mathlib.Data.Int.Cast.Basic:c.o
✔ [1049/1473] Built Mathlib.Order.MinMax:c.o
✔ [1050/1473] Built Mathlib.Algebra.Group.Even:c.o
✔ [1051/1473] Built Mathlib.Algebra.Group.Nat:c.o
✔ [1052/1473] Built Mathlib.Lean.Name:c.o
✔ [1053/1473] Built Mathlib.Tactic.Nontriviality:c.o
✔ [1054/1473] Built Mathlib.Logic.Function.Iterate:c.o
✔ [1055/1473] Built Aesop.Tree.Tracing:c.o
✔ [1056/1473] Built Mathlib.Algebra.Group.Equiv.Basic:c.o
✔ [1057/1473] Built Mathlib.Logic.Relation:c.o
✔ [1058/1473] Built Mathlib.Algebra.Order.GroupWithZero.Unbundled:c.o
✔ [1059/1473] Built Mathlib.Algebra.Order.Monoid.NatCast:c.o
✔ [1060/1473] Built Aesop.Frontend.Tactic:c.o
✔ [1061/1473] Built Mathlib.Algebra.Ring.Opposite:c.o
✔ [1062/1473] Built Mathlib.Order.ULift:c.o
✔ [1063/1473] Built Mathlib.Algebra.Order.Monoid.Unbundled.Basic:c.o
✔ [1064/1473] Built Mathlib.Algebra.Order.Monoid.Canonical.Defs:c.o
✔ [1065/1473] Built Qq:c.o
✔ [1066/1473] Built Mathlib.Data.Finite.Defs:c.o
✔ [1067/1473] Built ProofWidgets.Compat:c.o
✔ [1068/1473] Built ProofWidgets.Component.Panel.GoalTypePanel:c.o
✔ [1069/1473] Built Mathlib.Tactic.Coe:c.o
✔ [1070/1473] Built Mathlib.Algebra.Group.InjSurj:c.o
✔ [1071/1473] Built Qq.MetaM:c.o
✔ [1072/1473] Built Mathlib.Order.Lattice:c.o
✔ [1073/1473] Built Mathlib.Algebra.Order.Monoid.Defs:c.o
✔ [1074/1473] Built ProofWidgets.Component.FilterDetails:c.o
✔ [1075/1473] Built ProofWidgets.Component.MakeEditLink:c.o
✔ [1076/1473] Built ProofWidgets:c.o
✔ [1077/1473] Built Aesop.Tree.ExtractProof:c.o
✔ [1078/1473] Built Mathlib.Data.Quot:c.o
✔ [1079/1473] Built Mathlib.Init.Order.LinearOrder:c.o
✔ [1080/1473] Built Mathlib.Order.Basic:c.o
✔ [1081/1473] Built Mathlib.Algebra.Order.Group.Defs:c.o
✔ [1082/1473] Built Mathlib.Algebra.Order.ZeroLEOne:c.o
✔ [1083/1473] Built Mathlib.Tactic.Cases:c.o
✔ [1084/1473] Built Aesop.Tree.Data:c.o
✔ [1085/1473] Built Aesop.Main:c.o
✔ [1086/1473] Built Mathlib.Tactic.Nontriviality.Core:c.o
✔ [1087/1473] Built Mathlib.Algebra.Opposites:c.o
✔ [1088/1473] Built Qq.ForLean.Do:c.o
✔ [1089/1473] Built ProofWidgets.Component.Basic:c.o
✔ [1090/1473] Built ProofWidgets.Component.HtmlDisplay:c.o
✔ [1091/1473] Built ProofWidgets.Component.OfRpcMethod:c.o
✔ [1092/1473] Built Mathlib.Util.WithWeakNamespace:c.o
✔ [1093/1473] Built Mathlib.Order.BoundedOrder:c.o
✔ [1094/1473] Built Mathlib.Tactic.ApplyAt:c.o
✔ [1095/1473] Built Aesop.Util.Tactic:c.o
✔ [1096/1473] Built Aesop.BuiltinRules.Assumption:c.o
✔ [1097/1473] Built Aesop.BuiltinRules.ApplyHyps:c.o
✔ [1098/1473] Built Aesop.Frontend.Command:c.o
✔ [1099/1473] Built Mathlib.Tactic.Conv:c.o
✔ [1100/1473] Built Qq.ForLean.ToExpr:c.o
✔ [1101/1473] Built Qq.Typ:c.o
✔ [1102/1473] Built Mathlib.Algebra.Group.Opposite:c.o
✔ [1103/1473] Built Mathlib.Tactic.ApplyCongr:c.o
✔ [1104/1473] Built Mathlib.Tactic.ByContra:c.o
✔ [1105/1473] Built Mathlib.Tactic.RSuffices:c.o
✔ [1106/1473] Built Mathlib.Order.Disjoint:c.o
✔ [1107/1473] Built ProofWidgets.Component.PenroseDiagram:c.o
✔ [1108/1473] Built Mathlib.Tactic.Congrm:c.o
✔ [1109/1473] Built Mathlib.Algebra.Group.Int:c.o
✔ [1110/1473] Built Mathlib.Util.Tactic:c.o
✔ [1111/1473] Built Mathlib.Logic.Equiv.Basic:c.o
✔ [1112/1473] Built Mathlib.Algebra.Order.Ring.Defs:c.o
✔ [1113/1473] Built ProofWidgets.Component.Panel.Basic:c.o
✔ [1114/1473] Built Mathlib.Tactic.Linter.Lint:c.o
✔ [1115/1473] Built Mathlib.Tactic.Constructor:c.o
✔ [1116/1473] Built Mathlib.Control.EquivFunctor:c.o
✔ [1117/1473] Built Aesop.RuleTac.Cases:c.o
✔ [1118/1473] Built Aesop.Tree.State:c.o
✔ [1119/1473] Built Mathlib.Tactic.SimpRw:c.o
✔ [1120/1473] Built Mathlib.Tactic.Substs:c.o
✔ [1121/1473] Built Qq.ForLean.ReduceEval:c.o
✔ [1122/1473] Built Qq.Delab:c.o
✔ [1123/1473] Built Mathlib.Algebra.Ring.Hom.Defs:c.o
✔ [1124/1473] Built Qq.SortLocalDecls:c.o
✔ [1125/1473] Built Mathlib.Algebra.Group.TypeTags:c.o
✔ [1126/1473] Built ImportGraph.RequiredModules:c.o
✔ [1127/1473] Built ProofWidgets.Cancellable:c.o
✔ [1128/1473] Built ProofWidgets.Component.Recharts:c.o
✔ [1129/1473] Built Mathlib.Tactic.ToLevel:c.o
✔ [1130/1473] Built Mathlib.Tactic.RenameBVar:c.o
✔ [1131/1473] Built Mathlib.Algebra.GroupWithZero.InjSurj:c.o
✔ [1132/1473] Built Mathlib.Algebra.Group.Units.Hom:c.o
✔ [1133/1473] Built Mathlib.Init.Control.Combinators:c.o
✔ [1134/1473] Built Mathlib.Data.Option.NAry:c.o
✔ [1135/1473] Built Mathlib.Algebra.Order.Group.Lattice:c.o
✔ [1136/1473] Built ProofWidgets.Util:c.o
✔ [1137/1473] Built Mathlib.Algebra.Order.Group.Int:c.o
✔ [1138/1473] Built Mathlib.Lean.Meta.Basic:c.o
✔ [1139/1473] Built Mathlib.Util.WhatsNew:c.o
✔ [1140/1473] Built Mathlib.Algebra.Ring.Units:c.o
✔ [1141/1473] Built Mathlib.Algebra.Group.Units.Equiv:c.o
✔ [1142/1473] Built Mathlib.Logic.Embedding.Basic:c.o
✔ [1143/1473] Built Mathlib.Order.RelIso.Basic:c.o
✔ [1144/1473] Built Mathlib.Algebra.Order.Group.OrderIso:c.o
✔ [1145/1473] Built Mathlib.Algebra.Order.Ring.Int:c.o
✔ [1146/1473] Built Mathlib.Data.SProd:c.o
✔ [1147/1473] Built Mathlib.Order.SymmDiff:c.o
✔ [1148/1473] Built Mathlib.Algebra.GroupWithZero.Semiconj:c.o
✔ [1149/1473] Built Aesop.Util.Basic:c.o
✔ [1150/1473] Built Aesop.Util.EqualUpToIds:c.o
✔ [1151/1473] Built Mathlib.Tactic.Lift:c.o
✔ [1152/1473] Built ProofWidgets.Presentation.Expr:c.o
✔ [1153/1473] Built Mathlib.Tactic.ExtractLets:c.o
✔ [1154/1473] Built Mathlib.Tactic.Says:c.o
✔ [1155/1473] Built Mathlib.Tactic.SwapVar:c.o
✔ [1156/1473] Built Mathlib.Tactic.ToExpr:c.o
✔ [1157/1473] Built Mathlib.Algebra.Order.Group.Abs:c.o
✔ [1158/1473] Built Mathlib.Data.Set.Defs:c.o
✔ [1159/1473] Built Mathlib.Algebra.Ring.Hom.Basic:c.o
✔ [1160/1473] Built Mathlib.Algebra.Group.Semiconj.Units:c.o
✔ [1161/1473] Built Mathlib.Init.Classical:c.o
✔ [1162/1473] Built Mathlib.Algebra.Ring.Semiconj:c.o
✔ [1163/1473] Built Aesop.RulePattern:c.o
✔ [1164/1473] Built Mathlib.Tactic.GuardGoalNums:c.o
✔ [1165/1473] Built Mathlib.Tactic.HigherOrder:c.o
✔ [1166/1473] Built Mathlib.Tactic.Linter.HashCommandLinter:c.o
✔ [1167/1473] Built Mathlib.Tactic.Trace:c.o
✔ [1168/1473] Built Mathlib.Tactic.Widget.SelectInsertParamsClass:c.o
✔ [1169/1473] Built Mathlib.Order.WithBot:c.o
✔ [1170/1473] Built Mathlib.Order.BooleanAlgebra:c.o
✔ [1171/1473] Built Mathlib.Algebra.Ring.Commute:c.o
✔ [1172/1473] Built Mathlib.Data.Nat.Cast.Basic:c.o
✔ [1173/1473] Built Mathlib.Tactic.Widget.SelectPanelUtils:c.o
✔ [1174/1473] Built Mathlib.Tactic.Widget.Congrm:c.o
✔ [1175/1473] Built Mathlib.Order.Heyting.Basic:c.o
✔ [1176/1473] Built Mathlib.Algebra.GroupWithZero.Commute:c.o
✔ [1177/1473] Built Mathlib.Algebra.GroupWithZero.Units.Equiv:c.o
✔ [1178/1473] Built Mathlib.Algebra.Order.Sub.Canonical:c.o
✔ [1179/1473] Built Mathlib.Tactic.ApplyWith:c.o
✔ [1180/1473] Built Mathlib.Algebra.Divisibility.Basic:c.o
✔ [1181/1473] Built ImportGraph.Imports:c.o
✔ [1182/1473] Built Mathlib.Tactic.ClearExclamation:c.o
✔ [1183/1473] Built Mathlib.Tactic.NthRewrite:c.o
✔ [1184/1473] Built Mathlib.Tactic.TypeCheck:c.o
✔ [1185/1473] Built Mathlib.Algebra.Ring.InjSurj:c.o
✔ [1186/1473] Built Mathlib.Algebra.Order.Monoid.Units:c.o
✔ [1187/1473] Built Mathlib.Algebra.Ring.Parity:c.o
✔ [1188/1473] Built Mathlib.Algebra.Order.Ring.Canonical:c.o
✔ [1189/1473] Built Batteries.Tactic.Case:c.o
✔ [1190/1473] Built Aesop.Tree.AddRapp:c.o
✔ [1191/1473] Built Qq.AssertInstancesCommute:c.o
✔ [1192/1473] Built Mathlib.Tactic.Check:c.o
✔ [1193/1473] Built Mathlib.Data.Option.Basic:c.o
✔ [1194/1473] Built Mathlib.Tactic.Monotonicity.Attr:c.o
✔ [1195/1473] Built Mathlib.Order.Hom.Basic:c.o
✔ [1196/1473] Built Mathlib.Algebra.Order.Group.Synonym:c.o
✔ [1197/1473] Built Mathlib.Data.Bracket:c.o
✔ [1198/1473] Built Mathlib.Algebra.Group.WithOne.Defs:c.o
✔ [1199/1473] Built Mathlib.Algebra.Order.GroupWithZero.Synonym:c.o
✔ [1200/1473] Built Mathlib.Algebra.Order.Monoid.TypeTags:c.o
✔ [1201/1473] Built Mathlib.Algebra.Order.Ring.Nat:c.o
✔ [1202/1473] Built Mathlib.Algebra.Group.Invertible.Defs:c.o
✔ [1203/1473] Built Mathlib.Algebra.GroupPower.IterateHom:c.o
✔ [1204/1473] Built Mathlib.Data.Set.Subsingleton:c.o
✔ [1205/1473] Built Aesop.Script:c.o
✔ [1206/1473] Built Mathlib.Lean.Meta.CongrTheorems:c.o
✔ [1207/1473] Built Mathlib.Tactic.ExtractGoal:c.o
✔ [1208/1473] Built Mathlib.Tactic.InferParam:c.o
✔ [1209/1473] Built Mathlib.Tactic.Rename:c.o
✔ [1210/1473] Built Mathlib.Data.Nat.Cast.Order:c.o
✔ [1211/1473] Built Mathlib.Data.Int.Cast.Lemmas:c.o
✔ [1212/1473] Built Aesop.RuleTac.Forward:c.o
✔ [1213/1473] Built Mathlib.Tactic.Use:c.o
✔ [1214/1473] Built ProofWidgets.Data.Svg:c.o
✔ [1215/1473] Built ProofWidgets.Component.Panel.SelectionPanel:c.o
✔ [1216/1473] Built Mathlib.Tactic.Clear_:c.o
✔ [1217/1473] Built Mathlib.Tactic.Find:c.o
✔ [1218/1473] Built Mathlib.Tactic.Widget.Calc:c.o
✔ [1219/1473] Built Mathlib.Tactic.Widget.Conv:c.o
✔ [1220/1473] Built Mathlib.Tactic.WLOG:c.o
✔ [1221/1473] Built Mathlib.Tactic.Common:c.o
✔ [1222/1473] Built Mathlib.Logic.Equiv.Option:c.o
✔ [1223/1473] Built Mathlib.Data.Nat.Cast.Commute:c.o
✔ [1224/1473] Built Mathlib.Algebra.Ring.Nat:c.o
✔ [1225/1473] Built Mathlib.Data.Nat.Cast.NeZero:c.o
✔ [1226/1473] Built Mathlib.Algebra.Order.Group.Nat:c.o
✔ [1227/1473] Built Mathlib.Algebra.Order.Group.Units:c.o
✔ [1228/1473] Built Mathlib.Algebra.Order.Monoid.Basic:c.o
✔ [1229/1473] Built Mathlib.Algebra.Order.GroupWithZero.Canonical:c.o
✔ [1230/1473] Built Mathlib.Algebra.Group.Action.Defs:c.o
✔ [1231/1473] Built Mathlib.GroupTheory.GroupAction.Defs:c.o
✔ [1232/1473] Built Mathlib.Data.Set.Prod:c.o
✔ [1233/1473] Built Mathlib.Logic.Equiv.Set:c.o
✔ [1234/1473] Built Mathlib.Algebra.GroupWithZero.Units.Lemmas:c.o
✔ [1235/1473] Built Mathlib.Algebra.Order.Group.InjSurj:c.o
✔ [1236/1473] Built Mathlib.Order.Directed:c.o
✔ [1237/1473] Built Mathlib.Data.Nat.Set:c.o
✔ [1238/1473] Built Aesop.Index:c.o
✔ [1239/1473] Built Mathlib.Tactic.Choose:c.o
✔ [1240/1473] Built Mathlib.Tactic.Hint:c.o
✔ [1241/1473] Built Mathlib.Tactic.Linter:c.o
✔ [1242/1473] Built Mathlib.Tactic.Observe:c.o
✔ [1243/1473] Built Mathlib.Order.PropInstances:c.o
✔ [1244/1473] Built Mathlib.Algebra.Ring.Equiv:c.o
✔ [1245/1473] Built Mathlib.Algebra.Ring.Aut:c.o
✔ [1246/1473] Built ProofWidgets.Component.InteractiveSvg:c.o
✔ [1247/1473] Built Mathlib.Tactic.ClearExcept:c.o
✔ [1248/1473] Built Mathlib.Tactic.Recover:c.o
✔ [1249/1473] Built Mathlib.Algebra.GroupWithZero.WithZero:c.o
✔ [1250/1473] Built Mathlib.GroupTheory.GroupAction.Opposite:c.o
✔ [1251/1473] Built Mathlib.GroupTheory.GroupAction.Units:c.o
✔ [1252/1473] Built Mathlib.Util.CompileInductive:c.o
✔ [1253/1473] Built Mathlib.Tactic.IrreducibleDef:c.o
✔ [1254/1473] Built Mathlib.Tactic.Propose:c.o
✔ [1255/1473] Built Mathlib.Util.CountHeartbeats:c.o
✔ [1256/1473] Built Mathlib.Algebra.Ring.Int:c.o
✔ [1257/1473] Built Mathlib.Data.Set.Image:c.o
✔ [1258/1473] Built Mathlib.Data.Set.Function:c.o
✔ [1259/1473] Built Mathlib.GroupTheory.Perm.Basic:c.o
✔ [1260/1473] Built Mathlib.GroupTheory.GroupAction.Group:c.o
✔ [1261/1473] Built Mathlib.Algebra.Ring.Action.Basic:c.o
✔ [1262/1473] Built Mathlib.Algebra.Ring.CompTypeclasses:c.o
✔ [1263/1473] Built Aesop.Tree.Check:c.o
✔ [1264/1473] Built Mathlib.Tactic.PushNeg:c.o
✔ [1265/1473] Built Mathlib.Data.Prod.PProd:c.o
✔ [1266/1473] Built Mathlib.Data.Set.Basic:c.o
✔ [1267/1473] Built Mathlib.Algebra.Group.Commute.Units:c.o
✔ [1268/1473] Built Mathlib.Algebra.Group.Prod:c.o
✔ [1269/1473] Built Mathlib.Algebra.Group.Aut:c.o
✔ [1270/1473] Built Mathlib.Data.Set.NAry:c.o
✔ [1271/1473] Built Mathlib.Order.WellFounded:c.o
✔ [1272/1473] Built Mathlib.Control.Functor:c.o
✔ [1273/1473] Built Mathlib.Init.Data.List.Basic:c.o
✔ [1274/1473] Built Mathlib.Data.List.GetD:c.o
✔ [1275/1473] Built Mathlib.Data.Nat.Size:c.o
✔ [1276/1473] Built Mathlib.Tactic.MkIffOfInductiveProp:c.o
✔ [1277/1473] Built ProofWidgets.Data.Html:c.o
✔ [1278/1473] Built Mathlib.Tactic.DefEqTransformations:c.o
✔ [1279/1473] Built Mathlib.Tactic.DeriveToExpr:c.o
✔ [1280/1473] Built Mathlib.Order.Interval.Set.Basic:c.o
✔ [1281/1473] Built Mathlib.Control.ULift:c.o
✔ [1282/1473] Built Mathlib.Data.ULift:c.o
✔ [1283/1473] Built Mathlib.Data.Nat.Bitwise:c.o
✔ [1284/1473] Built Mathlib.Algebra.GroupPower.Order:c.o
✔ [1285/1473] Built Mathlib.Algebra.Ring.Divisibility.Basic:c.o
✔ [1286/1473] Built Mathlib.Algebra.Order.Ring.Abs:c.o
✔ [1287/1473] Built Mathlib.Data.Int.Lemmas:c.o
✔ [1288/1473] Built Aesop.Frontend.RuleExpr:c.o
✔ [1289/1473] Built Mathlib.Algebra.Field.Opposite:c.o
✔ [1290/1473] Built Mathlib.Data.Bool.Set:c.o
✔ [1291/1473] Built Mathlib.Data.Set.Lattice:c.o
✔ [1292/1473] Built Mathlib.Order.ConditionallyCompleteLattice.Basic:c.o
✔ [1293/1473] Built Mathlib.Order.Interval.Set.OrderEmbedding:c.o
✔ [1294/1473] Built Mathlib.Data.Set.Pairwise.Basic:c.o
✔ [1295/1473] Built Mathlib.Data.Nat.Bits:c.o
✔ [1296/1473] Built Mathlib.Algebra.Order.Ring.InjSurj:c.o
✔ [1297/1473] Built Mathlib.Order.Interval.Set.UnorderedInterval:c.o
✔ [1298/1473] Built Mathlib.Order.Antichain:c.o
✔ [1299/1473] Built Mathlib.Tactic.Relation.Rfl:c.o
✔ [1300/1473] Built Mathlib.Order.CompleteLattice:c.o
✔ [1301/1473] Built Mathlib.Algebra.Order.Field.Rat:c.o
✔ [1303/1473] Built Mathlib.Tactic.Tauto:c.o
✔ [1304/1473] Built Mathlib.Algebra.Group.Invertible.Basic:c.o
✔ [1305/1473] Built Mathlib.Order.Bounds.Basic:c.o
✔ [1306/1473] Built Mathlib.Logic.Pairwise:c.o
✔ [1307/1473] Built Mathlib.Order.CompleteBooleanAlgebra:c.o
✔ [1308/1473] Built Mathlib.Order.GaloisConnection:c.o
✔ [1309/1473] Built Mathlib.Order.Interval.Set.Image:c.o
✔ [1310/1473] Built Mathlib.Order.Interval.Set.OrdConnected:c.o
✔ [1311/1473] Built Mathlib.Data.List.Defs:c.o
✔ [1312/1473] Built Mathlib.Algebra.Group.Semiconj.Basic:c.o
✔ [1314/1473] Built Mathlib.Tactic.GuardHypNums:c.o
✔ [1315/1473] Built Mathlib.Tactic.Linter.AttributeInstanceIn:c.o
✔ [1316/1473] Built Mathlib.Tactic.SuccessIfFailWithMsg:c.o
✔ [1317/1473] Built Mathlib.Tactic.SudoSetOption:c.o
✔ [1318/1473] Built Mathlib.Order.Hom.Set:c.o
✔ [1319/1473] Built Mathlib.Order.LatticeIntervals:c.o
✔ [1320/1473] Built Mathlib.Control.Basic:c.o
✔ [1321/1473] Built Mathlib.Data.Rat.Defs:c.o
✔ [1322/1473] Built Mathlib.Algebra.Ring.Rat:c.o
✔ [1323/1473] Built Mathlib.Data.Rat.Order:c.o
✔ [1324/1473] Built Mathlib.Algebra.Group.Commute.Basic:c.o
✔ [1325/1473] Built Mathlib.Algebra.Order.Field.Defs:c.o
✔ [1326/1473] Built Mathlib.Data.PNat.Defs:c.o
✔ [1327/1473] Built Mathlib.Algebra.Order.Invertible:c.o
✔ [1329/1473] Built Mathlib.Tactic.CasesM:c.o
✔ [1330/1473] Built Mathlib.Tactic.SimpIntro:c.o
✔ [1331/1473] Built Mathlib.Algebra.Order.Monoid.OrderDual:c.o
✔ [1332/1473] Built Mathlib.Algebra.Order.Monoid.Unbundled.Pow:c.o
✔ [1333/1473] Built Mathlib.Tactic.FBinop:c.o
✔ [1334/1473] Built Mathlib.Order.CompleteLatticeIntervals:c.o
✔ [1335/1473] Built Mathlib.Algebra.Order.Field.Canonical.Defs:c.o
✔ [1336/1473] Built Mathlib.Algebra.Field.Basic:c.o
✔ [1337/1473] Built Mathlib.Algebra.Divisibility.Units:c.o
✔ [1338/1473] Built Mathlib.Data.Rat.Lemmas:c.o
✔ [1339/1473] Built Mathlib.Data.Rat.Cast.Defs:c.o
✔ [1340/1473] Built Mathlib.Order.Cover:c.o
✔ [1341/1473] Built Mathlib.Data.Int.Cast.Field:c.o
✔ [1342/1473] Built Mathlib.Algebra.Ring.Invertible:c.o
✔ [1344/1473] Built Mathlib.Util.Delaborators:c.o
✔ [1345/1473] Built Mathlib.Data.NNRat.Defs:c.o
✔ [1346/1473] Built Mathlib.Algebra.Star.Basic:c.o
✔ [1347/1473] Built Mathlib.Order.Bounds.OrderIso:c.o
✔ [1348/1473] Built Mathlib.Data.Int.Order.Lemmas:c.o
✔ [1349/1473] Built Mathlib.Algebra.GroupWithZero.Divisibility:c.o
✔ [1350/1473] Built Mathlib.Data.Int.CharZero:c.o
✔ [1351/1473] Built Mathlib.Util.Qq:c.o
✔ [1352/1473] Built Mathlib.Algebra.Ring.Regular:c.o
✔ [1353/1473] Built Mathlib.Algebra.Order.Group.MinMax:c.o
✔ [1355/1473] Built Mathlib.Tactic.Simps.Basic:c.o
✔ [1356/1473] Built Mathlib.Tactic.FailIfNoProgress:c.o
✔ [1357/1473] Built Mathlib.Order.SetNotation:c.o
✔ [1358/1473] Built Mathlib.Tactic.SetLike:c.o
✔ [1359/1473] Built Mathlib.Data.Nat.Factorial.Basic:c.o
✔ [1360/1473] Built Mathlib.Algebra.GroupWithZero.Invertible:c.o
✔ [1361/1473] Built Mathlib.Algebra.GroupWithZero.Pi:c.o
✔ [1362/1473] Built Mathlib.Init.Align:c.o
✔ [1364/1473] Built Batteries.Data.RBMap.Basic:c.o
✔ [1365/1473] Built Aesop.Search.Expansion.Norm:c.o
✔ [1366/1473] Built Mathlib.Data.Int.Bitwise:c.o
✔ [1367/1473] Built Mathlib.Algebra.Order.Field.InjSurj:c.o
✔ [1368/1473] Built Mathlib.Data.SetLike.Basic:c.o
✔ [1369/1473] Built Mathlib.Algebra.Regular.Basic:c.o
✔ [1370/1473] Built Mathlib.Algebra.Group.Pi.Lemmas:c.o
✔ [1371/1473] Built Mathlib.Data.Rat.Cast.CharZero:c.o
✔ [1373/1473] Built Mathlib.Tactic.GCongr.Core:c.o
✔ [1374/1473] Built Mathlib.Tactic.Set:c.o
✔ [1375/1473] Built Mathlib.Algebra.Group.Support:c.o
✔ [1376/1473] Built Mathlib.Tactic.HaveI:c.o
✔ [1377/1473] Built Mathlib.Algebra.Order.Positive.Ring:c.o
✔ [1389/1473] Built Aesop.Search.Expansion:c.o
✔ [1390/1473] Built Mathlib.Tactic.Existsi:c.o
✔ [1391/1473] Built Mathlib.Tactic.UnsetOption:c.o
✔ [1392/1473] Built Mathlib.Algebra.Order.Nonneg.Field:c.o
✔ [1393/1473] Built Mathlib.Algebra.Order.Group.PosPart:c.o
✔ [1394/1473] Built Mathlib.Order.Antisymmetrization:c.o
✔ [1395/1473] Built Mathlib.Algebra.Order.AbsoluteValue:c.o
✔ [1396/1473] Built Mathlib.Algebra.Group.Hom.Instances:c.o
✔ [1397/1473] Built Mathlib.Algebra.Ring.Pi:c.o
✔ [1398/1473] Built Mathlib.GroupTheory.GroupAction.Pi:c.o
✔ [1399/1473] Built Mathlib.GroupTheory.GroupAction.Ring:c.o
✔ [1400/1473] Built Mathlib.Tactic.GCongr:c.o
✔ [1401/1473] Built Mathlib.Tactic.TryThis:c.o
✔ [1402/1473] Built Mathlib.Data.PNat.Basic:c.o
✔ [1403/1473] Built Mathlib.Tactic.Ring.PNat:c.o
✔ [1404/1473] Built Mathlib.Tactic.Ring:c.o
✔ [1405/1473] Built SystemE.Meta.Tactics.Intros:c.o
✔ [1406/1473] Built SystemE.Meta.Smt.EuclidTheory:c.o
✔ [1407/1473] Built SystemE.Meta.Tactics.Formalization.Export:c.o
✔ [1417/1473] Built Mathlib.Tactic.ToAdditive:c.o
✔ [1418/1473] Built Mathlib.Tactic.Variable:c.o
✔ [1419/1473] Built Mathlib.Util.AtomM:c.o
✔ [1420/1473] Built SystemE.Theory.Sorts.Triangles:c.o
✔ [1421/1473] Built SystemE.Theory.Sorts:c.o
✔ [1422/1473] Built SystemE.Theory.Relations:c.o
✔ [1423/1473] Built SystemE.Theory.Inferences.Transfer:c.o
✔ [1424/1473] Built SystemE.Meta.Smt.ELang:c.o
✔ [1427/1473] Built Mathlib.Tactic.GeneralizeProofs:c.o
✔ [1428/1473] Built Qq.Match:c.o
✔ [1429/1473] Built Mathlib.Algebra.Order.Hom.Basic:c.o
✔ [1430/1473] Built Mathlib.Data.Real.Basic:c.o
✔ [1431/1473] Built SystemE.Theory.Sorts.Segments:c.o
✔ [1432/1473] Built SystemE.Theory.Sorts.Angles:c.o
✔ [1433/1473] Built SystemE.Theory.Inferences.Diagrammatic:c.o
✔ [1434/1473] Built SystemE.Theory.Inferences.Metric:c.o
✔ [1435/1473] Built SystemE.Theory.Inferences.Superposition:c.o
✔ [1436/1473] Built SystemE.Theory.Inferences:c.o
✔ [1437/1473] Built SystemE.Theory.Constructions.Points:c.o
✔ [1438/1473] Built SystemE.Theory.Constructions.LinesAndCircles:c.o
✔ [1439/1473] Built SystemE.Theory.Constructions.Intersections:c.o
✔ [1440/1473] Built SystemE.Theory.Constructions:c.o
✔ [1441/1473] Built SystemE.Theory:c.o
✔ [1442/1473] Built SystemE.Smt:c.o
✔ [1443/1473] Built SystemE.Tactics:c.o
✔ [1444/1473] Built SystemE:c.o
✔ [1445/1473] Built Mathlib.Algebra.Order.CauSeq.Basic:c.o
✔ [1446/1473] Built SystemE.Meta.Smt.Esmt:c.o
✔ [1447/1473] Built Aesop.RuleSet:c.o
✔ [1448/1473] Built Mathlib.Tactic.Congr!:c.o
✔ [1449/1473] Built Mathlib.Tactic.HelpCmd:c.o
✔ [1450/1473] Built Mathlib.Algebra.Order.Nonneg.Ring:c.o
✔ [1451/1473] Built Mathlib.Tactic.NormNum.Pow:c.o
✔ [1452/1473] Built SystemE.Meta.Smt.Solver:c.o
✔ [1453/1473] Built Mathlib.Algebra.Order.CauSeq.Completion:c.o
✔ [1454/1473] Built SystemE.Meta.Tactics.Faithful:c.o
✔ [1455/1473] Built Mathlib.Algebra.Order.Field.Basic:c.o
✔ [1456/1473] Built Mathlib.Tactic.NormNum.Inv:c.o
✔ [1457/1473] Built Mathlib.Tactic.TermCongr:c.o
✔ [1458/1473] Built Mathlib.Tactic.NormNum.Result:c.o
✔ [1459/1473] Built Mathlib.Tactic.Ring.RingNF:c.o
✔ [1460/1473] Built SystemE.Meta.Tactics.Util:c.o
✔ [1461/1473] Built Aesop.Search.Main:c.o
✔ [1462/1473] Built Mathlib.Mathport.Notation:c.o
✔ [1463/1473] Built Mathlib.Tactic.NormNum.Core:c.o
✔ [1464/1473] Built Mathlib.Tactic.Positivity.Core:c.o
✔ [1465/1473] Built SystemE.Meta.Smt.Translator:c.o
✔ [1466/1473] Built FaithfulExport
✔ [1467/1473] Built FaithfulExport:c.o
✔ [1468/1473] Built Qq.Macro:c.o
✔ [1469/1473] Built SystemE.Meta.Tactics.Solve:c.o
✔ [1470/1473] Built Mathlib.Tactic.NormNum.Basic:c.o
✔ [1471/1473] Built Mathlib.Tactic.Positivity.Basic:c.o
✔ [1472/1473] Built Mathlib.Tactic.Ring.Basic:c.o
✔ [1473/1473] Built faithful_export
=== faithful-VAznHl.json — MODE: --olean (compiled, AUTHORITATIVE) ===
    text reproduction is EXACT; dependency match is BOOK-AWARE + transitive (resolved names)
--- Book1 Prop 5 ---
  [PASS] sentence locators are contiguous with no duplicates
         25 sentences
  [FAIL] every cited [Prop.~B.M] is referenced in the prop (book-aware: Main construction or sentence's cone)
         1.5.17 (Book1.Prop05.Main:103) cites [Prop.~1.4] but no `proposition_4` of Book 1 is applied `… as …` in Book1.Prop05.Main (construction) nor inside its helper cone (node `step17`)
         1.5.8 (Book1.Prop05.Main:58) cites [Prop.~1.4] but no `proposition_4` of Book 1 is applied `… as …` in Book1.Prop05.Main (construction) nor inside its helper cone (node `step8`)
  [PASS] all sentences present + concatenation reproduces the original text exactly
         concatenation reproduces canonical text exactly, in order (25 sentences (1.5.0..1.5.24) vs Book1/data/texts_proofs/5.txt)
--- Book1 Prop 7 ---
  [PASS] sentence locators are contiguous with no duplicates
         11 sentences
  [FAIL] every cited [Prop.~B.M] is referenced in the prop (book-aware: Main construction or sentence's cone)
         1.7.7 (Book1.Prop07.Main:44) cites [Prop.~1.5] but no `proposition_5` of Book 1 is applied `… as …` in Book1.Prop07.Main (construction) nor inside its helper cone (node `step7`)
         1.7.4 (Book1.Prop07.Main:29) cites [Prop.~1.5] but no `proposition_5` of Book 1 is applied `… as …` in Book1.Prop07.Main (construction) nor inside its helper cone (node `step4`)
  [PASS] all sentences present + concatenation reproduces the original text exactly
         concatenation reproduces canonical text exactly, in order (11 sentences (1.7.0..1.7.10) vs Book1/data/texts_proofs/7.txt)
--- Book1 Prop 8 ---
  [PASS] sentence locators are contiguous with no duplicates
         12 sentences
  [FAIL] every cited [Prop.~B.M] is referenced in the prop (book-aware: Main construction or sentence's cone)
         1.8.7 (Book1.Prop08.Main:67) cites [Prop.~1.7] but no `proposition_7` of Book 1 is applied `… as …` in Book1.Prop08.Main (construction) nor inside its helper cone (node `step7`)
  [PASS] all sentences present + concatenation reproduces the original text exactly
         concatenation reproduces canonical text exactly, in order (12 sentences (1.8.0..1.8.11) vs Book1/data/texts_proofs/8.txt)
--- Book1 Prop 9 ---
  [PASS] sentence locators are contiguous with no duplicates
         11 sentences
  [FAIL] every cited [Prop.~B.M] is referenced in the prop (book-aware: Main construction or sentence's cone)
         1.9.9 (Book1.Prop09.Main:60) cites [Prop.~1.8] but no `proposition_8` of Book 1 is applied `… as …` in Book1.Prop09.Main (construction) nor inside its helper cone (node `step9`)
  [PASS] all sentences present + concatenation reproduces the original text exactly
         concatenation reproduces canonical text exactly, in order (11 sentences (1.9.0..1.9.10) vs Book1/data/texts_proofs/9.txt)
--- Book1 Prop 10 ---
  [PASS] sentence locators are contiguous with no duplicates
         8 sentences
  [FAIL] every cited [Prop.~B.M] is referenced in the prop (book-aware: Main construction or sentence's cone)
         1.10.6 (Book1.Prop10.Main:45) cites [Prop.~1.4] but no `proposition_4` of Book 1 is applied `… as …` in Book1.Prop10.Main (construction) nor inside its helper cone (node `step6`)
  [PASS] all sentences present + concatenation reproduces the original text exactly
         concatenation reproduces canonical text exactly, in order (8 sentences (1.10.0..1.10.7) vs Book1/data/texts_proofs/10.txt)
--- Book1 Prop 12 ---
  [PASS] sentence locators are contiguous with no duplicates
         13 sentences
  [PASS] every cited [Prop.~B.M] is referenced in the prop (book-aware: Main construction or sentence's cone)
         all 2 citation(s) resolve to the cited book+number
  [PASS] all sentences present + concatenation reproduces the original text exactly
         concatenation reproduces canonical text exactly, in order (13 sentences (1.12.0..1.12.12) vs Book1/data/texts_proofs/12.txt)
  [WARN] 5 background prop(s) also FAILED: Book1 Prop 5, Book1 Prop 7, Book1 Prop 8, Book1 Prop 9, Book1 Prop 10
  [note] not machine-checked: that each step's type honestly captures its sentence (review by hand)
  => FAILED (--olean mode, authoritative)
