[check_step --drive] step17 (stale) — running --subtree step17

[check_step --subtree step17] auditing the step17 cone — 1 node(s) in Book1/Prop45 (sub-nodes before step17):
  ✓ step17: SP[isolated] + P (leaf sorry-free; residual `sorry` is only in an unproven cited DEPENDENCY — EXPECTED/OK, proven modulo deps)

PASS: step17's subtree certified (SF/SP over every in-cone call site + P every leaf in the cone). This is NOT the whole prop — keep driving the remaining steps, then run `check_step Book1/Prop45 --all` ONCE at the very end.
[check_step --drive] all Main nodes done.
  ⟹ check_step --all is GUARANTEED to pass. Run it ONCE as the final witness, then Phase C.
[check_step --status] Book1/Prop45 — Main nodes (source order):

  ✓ step1    Main subtree certified, inputs fresh
  ✓ step2    Main subtree certified, inputs fresh
  ✓ step3    Main subtree certified, inputs fresh
  ✓ step4    Main subtree certified, inputs fresh
  ✓ step5    Main subtree certified, inputs fresh
  ✓ step6    Main subtree certified, inputs fresh
  ✓ step7    Main subtree certified, inputs fresh
  ✓ step8    Main subtree certified, inputs fresh
  ✓ step9    Main subtree certified, inputs fresh
  ✓ step10   Main subtree certified, inputs fresh
  ✓ step11   Main subtree certified, inputs fresh
  ✓ step12   Main subtree certified, inputs fresh
  ✓ step13   Main subtree certified, inputs fresh
  ✓ step14   Main subtree certified, inputs fresh
  ✓ step15   Main subtree certified, inputs fresh
  ✓ step16   Main subtree certified, inputs fresh
  ✓ step17_assumption1 Main subtree certified, inputs fresh
  ✓ step17_assumption2 Main subtree certified, inputs fresh
  ✓ step17   Main subtree certified, inputs fresh
  ✓ step18   Main subtree certified, inputs fresh
  ✓ step19   Main subtree certified, inputs fresh
  ✓ step20   Main subtree certified, inputs fresh
  ✓ step21   Main subtree certified, inputs fresh
  ✓ hangle   Main subtree certified, inputs fresh

  whole-prop checks (instant, source-only):
    ✓ criterion-3 deps         every cited [Prop.~B.N] satisfied
    ✓ integrity (whole prop)   naming law · 30s caps · no stray sorry/import
    ✓ no orphans               every backing-file node reachable from a Main node

  SUMMARY: 24/24 Main nodes ✓ · 3/3 whole-prop checks ✓
  ⟹ check_step --all is GUARANTEED to pass. Run it ONCE as the final witness, then Phase C.
[check_step --all] bottom-up audit of 24 node(s) in Book1/Prop45 (sub-nodes before their parents):
  ✓ hangle: SP[isolated] + P (leaf, zero-sorry)
  ✓ step1: SP[isolated] + P (leaf, zero-sorry)
  ✓ step2: SP[isolated] + P (leaf, zero-sorry)
  ✓ step3: SP[isolated] + P (leaf, zero-sorry)
  ✓ step4: SP[isolated] + P (leaf, zero-sorry)
  ✓ step5: SP[isolated] + P (leaf, zero-sorry)
  ✓ step6: SP[isolated] + P (leaf, zero-sorry)
  ✓ step7: SP[isolated] + P (leaf sorry-free; residual `sorry` is only in an unproven cited DEPENDENCY — EXPECTED/OK, proven modulo deps)
  ✓ step8: SP[isolated] + P (leaf, zero-sorry)
  ✓ step9: SP[isolated] + P (leaf, zero-sorry)
  ✓ step10: SP[isolated] + P (leaf sorry-free; residual `sorry` is only in an unproven cited DEPENDENCY — EXPECTED/OK, proven modulo deps)
  ✓ step11: SP[isolated] + P (leaf sorry-free; residual `sorry` is only in an unproven cited DEPENDENCY — EXPECTED/OK, proven modulo deps)
  ✓ step12: SP[isolated] + P (leaf, zero-sorry)
  ✓ step13: SP[isolated] + P (leaf, zero-sorry)
  ✓ step14: SP[isolated] + P (leaf sorry-free; residual `sorry` is only in an unproven cited DEPENDENCY — EXPECTED/OK, proven modulo deps)
  ✓ step15: SP[isolated] + P (leaf, zero-sorry)
  ✓ step16: SP[isolated] + P (leaf sorry-free; residual `sorry` is only in an unproven cited DEPENDENCY — EXPECTED/OK, proven modulo deps)
  ✓ step17: SP[isolated] + P (leaf sorry-free; residual `sorry` is only in an unproven cited DEPENDENCY — EXPECTED/OK, proven modulo deps)
  ✓ step17_assumption1: SP[isolated] + P (leaf sorry-free; residual `sorry` is only in an unproven cited DEPENDENCY — EXPECTED/OK, proven modulo deps)
  ✓ step17_assumption2: SP[isolated] + P (leaf sorry-free; residual `sorry` is only in an unproven cited DEPENDENCY — EXPECTED/OK, proven modulo deps)
  ✓ step18: SP[isolated] + P (leaf, zero-sorry)
  ✓ step19: SP[isolated] + P (leaf sorry-free; residual `sorry` is only in an unproven cited DEPENDENCY — EXPECTED/OK, proven modulo deps)
  ✓ step20: SP[isolated] + P (leaf, zero-sorry)
  ✓ step21: SP[isolated] + P (leaf, zero-sorry)

PASS: all 24 node(s) certified — every call site supplies its hyps (isolated SP, no SMT), every container's combine is certified by its OWN combine-check, and Main has no stray sorry. (Leaf dependencies left as `sorry` are tolerated — see any ⚠ above.) Run `python3 scripts/wire_main.py Book1/Prop45`.
[wire_main] wiring: rewrote 24 node body(ies) across Book1/Prop45; 30s caps deleted (→ 300s default).
[wire_main] building Book1.Prop45.Main once (uncapped, no wall timeout)…
PASS (with unproven deps): Book1.Prop45.Main built green. Main is fully wired (no literal `sorry` in Main), but a `declaration uses 'sorry'` warning means it transitively depends on a backing file still left `:= by sorry`. Phase C wiring committed. Now run the authoritative checks: scripts/check_faithful.sh, check_steps.py, check_signatures.py.
