############ building Book1.Prop45.step1
⚠ [786/786] Replayed Book1.Prop45.step1
warning: ././././Book1/Prop45/step1.lean:6:5: unused variable `h1`
note: this linter can be disabled with `set_option linter.unusedVariables false`
warning: ././././Book1/Prop45/step1.lean:6:24: unused variable `h2`
note: this linter can be disabled with `set_option linter.unusedVariables false`
Build completed successfully.
---- exit=0 for step1
############ building Book1.Prop45.step2
Build completed successfully.
---- exit=0 for step2
############ building Book1.Prop45.step3
⚠ [786/786] Replayed Book1.Prop45.step3
warning: ././././Book1/Prop45/step3.lean:9:5: unused variable `h13`
note: this linter can be disabled with `set_option linter.unusedVariables false`
warning: ././././Book1/Prop45/step3.lean:9:26: unused variable `h14`
note: this linter can be disabled with `set_option linter.unusedVariables false`
warning: ././././Book1/Prop45/step3.lean:9:47: unused variable `h15`
note: this linter can be disabled with `set_option linter.unusedVariables false`
Build completed successfully.
---- exit=0 for step3
############ building Book1.Prop45.step4
Build completed successfully.
---- exit=0 for step4
############ building Book1.Prop45.step5
Build completed successfully.
---- exit=0 for step5
############ building Book1.Prop45.step6
✖ [786/786] Building Book1.Prop45.step6
trace: .> LEAN_PATH=././.lake/packages/batteries/.lake/build/lib:././.lake/packages/Qq/.lake/build/lib:././.lake/packages/aesop/.lake/build/lib:././.lake/packages/proofwidgets/.lake/build/lib:././.lake/packages/Cli/.lake/build/lib:././.lake/packages/importGraph/.lake/build/lib:././.lake/packages/mathlib/.lake/build/lib:././.lake/packages/smt/.lake/build/lib:././.lake/packages/checkdecls/.lake/build/lib:././.lake/build/lib LD_LIBRARY_PATH=././.lake/packages/batteries/.lake/build/lib:././.lake/packages/smt/.lake/build/lib:././.lake/build/lib /h/56/taddmao/.elan/toolchains/leanprover--lean4---v4.8.0-rc2/bin/lean -DrelaxedAutoImplicit=true ././././Book1/Prop45/step6.lean -R ./././. -o ././.lake/build/lib/Book1/Prop45/step6.olean -i ././.lake/build/lib/Book1/Prop45/step6.ilean -c ././.lake/build/ir/Book1/Prop45/step6.c --load-dynlib=././.lake/packages/batteries/.lake/build/lib/libBatteries-Data-List-Init-Lemmas-1.so --load-dynlib=././.lake/packages/batteries/.lake/build/lib/libBatteries-CodeAction-Attr-1.so --load-dynlib=././.lake/packages/batteries/.lake/build/lib/libBatteries-CodeAction-Basic-1.so --load-dynlib=././.lake/packages/batteries/.lake/build/lib/libBatteries-Lean-Position-1.so --load-dynlib=././.lake/packages/batteries/.lake/build/lib/libBatteries-CodeAction-Deprecated-1.so --load-dynlib=././.lake/packages/batteries/.lake/build/lib/libBatteries-Tactic-Alias-1.so --load-dynlib=././.lake/packages/batteries/.lake/build/lib/libBatteries-Data-List-Basic-1.so --load-dynlib=././.lake/packages/batteries/.lake/build/lib/libBatteries-Data-AssocList-1.so --load-dynlib=././.lake/packages/batteries/.lake/build/lib/libBatteries-Data-Nat-Basic-1.so --load-dynlib=././.lake/packages/batteries/.lake/build/lib/libBatteries-Classes-SatisfiesM-1.so --load-dynlib=././.lake/packages/batteries/.lake/build/lib/libBatteries-Data-Array-Monadic-1.so --load-dynlib=././.lake/packages/batteries/.lake/build/lib/libBatteries-Classes-BEq-1.so --load-dynlib=././.lake/packages/batteries/.lake/build/lib/libBatteries-Data-HashMap-Basic-1.so --load-dynlib=././.lake/packages/batteries/.lake/build/lib/libBatteries-Control-ForInStep-Basic-1.so --load-dynlib=././.lake/packages/batteries/.lake/build/lib/libBatteries-Control-ForInStep-Lemmas-1.so --load-dynlib=././.lake/packages/batteries/.lake/build/lib/libBatteries-Lean-Meta-Basic-1.so --load-dynlib=././.lake/packages/batteries/.lake/build/lib/libBatteries-Tactic-Init-1.so --load-dynlib=././.lake/packages/batteries/.lake/build/lib/libBatteries-Data-List-Lemmas-1.so --load-dynlib=././.lake/packages/batteries/.lake/build/lib/libBatteries-Data-List-Init-Attach-1.so --load-dynlib=././.lake/packages/batteries/.lake/build/lib/libBatteries-Data-Array-Init-Lemmas-1.so --load-dynlib=././.lake/packages/batteries/.lake/build/lib/libBatteries-Data-Array-Basic-1.so --load-dynlib=././.lake/packages/batteries/.lake/build/lib/libBatteries-Tactic-SeqFocus-1.so --load-dynlib=././.lake/packages/batteries/.lake/build/lib/libBatteries-Util-ProofWanted-1.so --load-dynlib=././.lake/packages/batteries/.lake/build/lib/libBatteries-Data-Array-Lemmas-1.so --load-dynlib=././.lake/packages/batteries/.lake/build/lib/libBatteries-Data-HashMap-Lemmas-1.so --load-dynlib=././.lake/packages/batteries/.lake/build/lib/libBatteries-Data-Nat-Lemmas-1.so --load-dynlib=././.lake/packages/batteries/.lake/build/lib/libBatteries-Data-HashMap-WF-1.so --load-dynlib=././.lake/packages/batteries/.lake/build/lib/libBatteries-Data-HashMap-1.so --load-dynlib=././.lake/packages/smt/.lake/build/lib/libSmt-Data-Sexp-1.so --load-dynlib=././.lake/packages/smt/.lake/build/lib/libSmt-Dsl-Sexp-1.so --load-dynlib=././.lake/packages/smt/.lake/build/lib/libSmt-Term-1.so --load-dynlib=././.lake/packages/smt/.lake/build/lib/libSmt-Commands-1.so --load-dynlib=././.lake/packages/smt/.lake/build/lib/libSmt-Solver-1.so --json
error: ././././Book1/Prop45/step6.lean:8:2: failed
error: Lean exited with code 1
Some builds logged failures:
- Book1.Prop45.step6
error: build failed
---- exit=1 for step6
############ building Book1.Prop45.step7
⚠ [786/830] Replayed Book1.Prop01.Main
warning: ././././Book1/Prop01/Main.lean:5:8: declaration uses 'sorry'
⚠ [788/830] Replayed Book1.Prop02.Main
warning: ././././Book1/Prop02/Main.lean:6:8: declaration uses 'sorry'
⚠ [792/830] Replayed Book1.Prop03.step3
warning: ././././Book1/Prop03/step3.lean:6:5: unused variable `h1`
note: this linter can be disabled with `set_option linter.unusedVariables false`
warning: ././././Book1/Prop03/step3.lean:6:27: unused variable `h2`
note: this linter can be disabled with `set_option linter.unusedVariables false`
warning: ././././Book1/Prop03/step3.lean:6:49: unused variable `h3`
note: this linter can be disabled with `set_option linter.unusedVariables false`
⚠ [796/830] Replayed Book1.Prop03.Main
warning: ././././Book1/Prop03/Main.lean:30:5: unused variable `step2`
note: this linter can be disabled with `set_option linter.unusedVariables false`
warning: ././././Book1/Prop03/Main.lean:54:5: unused variable `step5`
note: this linter can be disabled with `set_option linter.unusedVariables false`
⚠ [797/830] Replayed Book1.Prop08.Main
warning: ././././Book1/Prop08/Main.lean:5:8: declaration uses 'sorry'
⚠ [821/830] Replayed Book1.Prop15.Main
warning: ././././Book1/Prop15/Main.lean:5:8: declaration uses 'sorry'
⚠ [825/830] Replayed Book1.Prop11.Main
warning: ././././Book1/Prop11/Main.lean:8:8: declaration uses 'sorry'
⚠ [827/830] Replayed Book1.Prop13.Main
warning: ././././Book1/Prop13/Main.lean:6:8: declaration uses 'sorry'
⚠ [828/830] Replayed Book1.Prop29.Main
warning: ././././Book1/Prop29/Main.lean:7:8: declaration uses 'sorry'
⚠ [830/830] Replayed Book1.Prop45.step7
warning: ././././Book1/Prop45/step7.lean:7:5: unused variable `h1`
note: this linter can be disabled with `set_option linter.unusedVariables false`
warning: ././././Book1/Prop45/step7.lean:7:24: unused variable `h2`
note: this linter can be disabled with `set_option linter.unusedVariables false`
Build completed successfully.
---- exit=0 for step7
############ building Book1.Prop45.step8
✖ [786/786] Building Book1.Prop45.step8
trace: .> LEAN_PATH=././.lake/packages/batteries/.lake/build/lib:././.lake/packages/Qq/.lake/build/lib:././.lake/packages/aesop/.lake/build/lib:././.lake/packages/proofwidgets/.lake/build/lib:././.lake/packages/Cli/.lake/build/lib:././.lake/packages/importGraph/.lake/build/lib:././.lake/packages/mathlib/.lake/build/lib:././.lake/packages/smt/.lake/build/lib:././.lake/packages/checkdecls/.lake/build/lib:././.lake/build/lib LD_LIBRARY_PATH=././.lake/packages/batteries/.lake/build/lib:././.lake/packages/smt/.lake/build/lib:././.lake/build/lib /h/56/taddmao/.elan/toolchains/leanprover--lean4---v4.8.0-rc2/bin/lean -DrelaxedAutoImplicit=true ././././Book1/Prop45/step8.lean -R ./././. -o ././.lake/build/lib/Book1/Prop45/step8.olean -i ././.lake/build/lib/Book1/Prop45/step8.ilean -c ././.lake/build/ir/Book1/Prop45/step8.c --load-dynlib=././.lake/packages/batteries/.lake/build/lib/libBatteries-Data-List-Init-Lemmas-1.so --load-dynlib=././.lake/packages/batteries/.lake/build/lib/libBatteries-CodeAction-Attr-1.so --load-dynlib=././.lake/packages/batteries/.lake/build/lib/libBatteries-CodeAction-Basic-1.so --load-dynlib=././.lake/packages/batteries/.lake/build/lib/libBatteries-Lean-Position-1.so --load-dynlib=././.lake/packages/batteries/.lake/build/lib/libBatteries-CodeAction-Deprecated-1.so --load-dynlib=././.lake/packages/batteries/.lake/build/lib/libBatteries-Tactic-Alias-1.so --load-dynlib=././.lake/packages/batteries/.lake/build/lib/libBatteries-Data-List-Basic-1.so --load-dynlib=././.lake/packages/batteries/.lake/build/lib/libBatteries-Data-AssocList-1.so --load-dynlib=././.lake/packages/batteries/.lake/build/lib/libBatteries-Data-Nat-Basic-1.so --load-dynlib=././.lake/packages/batteries/.lake/build/lib/libBatteries-Classes-SatisfiesM-1.so --load-dynlib=././.lake/packages/batteries/.lake/build/lib/libBatteries-Data-Array-Monadic-1.so --load-dynlib=././.lake/packages/batteries/.lake/build/lib/libBatteries-Classes-BEq-1.so --load-dynlib=././.lake/packages/batteries/.lake/build/lib/libBatteries-Data-HashMap-Basic-1.so --load-dynlib=././.lake/packages/batteries/.lake/build/lib/libBatteries-Control-ForInStep-Basic-1.so --load-dynlib=././.lake/packages/batteries/.lake/build/lib/libBatteries-Control-ForInStep-Lemmas-1.so --load-dynlib=././.lake/packages/batteries/.lake/build/lib/libBatteries-Lean-Meta-Basic-1.so --load-dynlib=././.lake/packages/batteries/.lake/build/lib/libBatteries-Tactic-Init-1.so --load-dynlib=././.lake/packages/batteries/.lake/build/lib/libBatteries-Data-List-Lemmas-1.so --load-dynlib=././.lake/packages/batteries/.lake/build/lib/libBatteries-Data-List-Init-Attach-1.so --load-dynlib=././.lake/packages/batteries/.lake/build/lib/libBatteries-Data-Array-Init-Lemmas-1.so --load-dynlib=././.lake/packages/batteries/.lake/build/lib/libBatteries-Data-Array-Basic-1.so --load-dynlib=././.lake/packages/batteries/.lake/build/lib/libBatteries-Tactic-SeqFocus-1.so --load-dynlib=././.lake/packages/batteries/.lake/build/lib/libBatteries-Util-ProofWanted-1.so --load-dynlib=././.lake/packages/batteries/.lake/build/lib/libBatteries-Data-Array-Lemmas-1.so --load-dynlib=././.lake/packages/batteries/.lake/build/lib/libBatteries-Data-HashMap-Lemmas-1.so --load-dynlib=././.lake/packages/batteries/.lake/build/lib/libBatteries-Data-Nat-Lemmas-1.so --load-dynlib=././.lake/packages/batteries/.lake/build/lib/libBatteries-Data-HashMap-WF-1.so --load-dynlib=././.lake/packages/batteries/.lake/build/lib/libBatteries-Data-HashMap-1.so --load-dynlib=././.lake/packages/smt/.lake/build/lib/libSmt-Data-Sexp-1.so --load-dynlib=././.lake/packages/smt/.lake/build/lib/libSmt-Dsl-Sexp-1.so --load-dynlib=././.lake/packages/smt/.lake/build/lib/libSmt-Term-1.so --load-dynlib=././.lake/packages/smt/.lake/build/lib/libSmt-Commands-1.so --load-dynlib=././.lake/packages/smt/.lake/build/lib/libSmt-Solver-1.so --json
error: ././././Book1/Prop45/step8.lean:9:2: failed
error: Lean exited with code 1
Some builds logged failures:
- Book1.Prop45.step8
error: build failed
---- exit=1 for step8
############ building Book1.Prop45.step9
⚠ [786/786] Replayed Book1.Prop45.step9
warning: ././././Book1/Prop45/step9.lean:6:45: unused variable `h3`
note: this linter can be disabled with `set_option linter.unusedVariables false`
Build completed successfully.
---- exit=0 for step9
############ building Book1.Prop45.step10
⚠ [786/787] Replayed Book1.Prop14.Main
warning: ././././Book1/Prop14/Main.lean:5:8: declaration uses 'sorry'
Build completed successfully.
---- exit=0 for step10
############ building Book1.Prop45.step11
⚠ [786/830] Replayed Book1.Prop01.Main
warning: ././././Book1/Prop01/Main.lean:5:8: declaration uses 'sorry'
⚠ [788/830] Replayed Book1.Prop02.Main
warning: ././././Book1/Prop02/Main.lean:6:8: declaration uses 'sorry'
⚠ [791/830] Replayed Book1.Prop03.step3
warning: ././././Book1/Prop03/step3.lean:6:5: unused variable `h1`
note: this linter can be disabled with `set_option linter.unusedVariables false`
warning: ././././Book1/Prop03/step3.lean:6:27: unused variable `h2`
note: this linter can be disabled with `set_option linter.unusedVariables false`
warning: ././././Book1/Prop03/step3.lean:6:49: unused variable `h3`
note: this linter can be disabled with `set_option linter.unusedVariables false`
⚠ [795/830] Replayed Book1.Prop08.Main
warning: ././././Book1/Prop08/Main.lean:5:8: declaration uses 'sorry'
⚠ [821/830] Replayed Book1.Prop15.Main
warning: ././././Book1/Prop15/Main.lean:5:8: declaration uses 'sorry'
⚠ [823/830] Replayed Book1.Prop03.Main
warning: ././././Book1/Prop03/Main.lean:30:5: unused variable `step2`
note: this linter can be disabled with `set_option linter.unusedVariables false`
warning: ././././Book1/Prop03/Main.lean:54:5: unused variable `step5`
note: this linter can be disabled with `set_option linter.unusedVariables false`
⚠ [825/830] Replayed Book1.Prop11.Main
warning: ././././Book1/Prop11/Main.lean:8:8: declaration uses 'sorry'
⚠ [827/830] Replayed Book1.Prop13.Main
warning: ././././Book1/Prop13/Main.lean:6:8: declaration uses 'sorry'
⚠ [828/830] Replayed Book1.Prop29.Main
warning: ././././Book1/Prop29/Main.lean:7:8: declaration uses 'sorry'
Build completed successfully.
---- exit=0 for step11
