uncaught exception: object file '././.lake/build/lib/Book1.olean' of module Book1 does not exist
[check_steps] verifying approved Phase-A claim types are unchanged (approve/update with: check_steps.py --save Book<N>/Prop<NN>.lean)
OK: all 21 approved step claim(s) + assumptions unchanged in Book1/Prop45/Main.lean
REMOVED  Book/Prop01.lean::proposition_1  (was Book/Prop01.lean:5)
REMOVED  Book/Prop01.lean::proposition_1'  (was Book/Prop01.lean:66)
REMOVED  Book/Prop02.lean::proposition_2  (was Book/Prop02.lean:6)
REMOVED  Book/Prop02.lean::proposition_2'  (was Book/Prop02.lean:29)
REMOVED  Book/Prop03.lean::proposition_3  (was Book/Prop03.lean:6)
REMOVED  Book/Prop04.lean::proposition_4  (was Book/Prop04.lean:5)
REMOVED  Book/Prop05.lean::proposition_5  (was Book/Prop05.lean:7)
REMOVED  Book/Prop05.lean::proposition_5'  (was Book/Prop05.lean:26)
REMOVED  Book/Prop06.lean::proposition_6  (was Book/Prop06.lean:7)
REMOVED  Book/Prop07.lean::proposition_7  (was Book/Prop07.lean:6)
REMOVED  Book/Prop08.lean::proposition_8  (was Book/Prop08.lean:6)
REMOVED  Book/Prop09.lean::proposition_9  (was Book/Prop09.lean:10)
REMOVED  Book/Prop09.lean::proposition_9'  (was Book/Prop09.lean:36)
REMOVED  Book/Prop10.lean::proposition_10  (was Book/Prop10.lean:8)
REMOVED  Book/Prop11.lean::proposition_11  (was Book/Prop11.lean:8)
REMOVED  Book/Prop11.lean::proposition_11'  (was Book/Prop11.lean:24)
REMOVED  Book/Prop11.lean::proposition_11''  (was Book/Prop11.lean:41)
REMOVED  Book/Prop11.lean::proposition_11'''  (was Book/Prop11.lean:51)
REMOVED  Book/Prop12.lean::proposition_12  (was Book/Prop12.lean:7)
REMOVED  Book/Prop13.lean::proposition_13  (was Book/Prop13.lean:6)
REMOVED  Book/Prop14.lean::proposition_14  (was Book/Prop14.lean:6)
REMOVED  Book/Prop15.lean::proposition_15  (was Book/Prop15.lean:6)
REMOVED  Book/Prop16.lean::proposition_16  (was Book/Prop16.lean:9)
REMOVED  Book/Prop17.lean::proposition_17  (was Book/Prop17.lean:7)
REMOVED  Book/Prop18.lean::proposition_18  (was Book/Prop18.lean:8)
REMOVED  Book/Prop19.lean::proposition_19  (was Book/Prop19.lean:7)
REMOVED  Book/Prop20.lean::proposition_20  (was Book/Prop20.lean:8)
REMOVED  Book/Prop21.lean::proposition_21  (was Book/Prop21.lean:7)
REMOVED  Book/Prop22.lean::proposition_22  (was Book/Prop22.lean:6)
REMOVED  Book/Prop22.lean::proposition_22'  (was Book/Prop22.lean:34)
REMOVED  Book/Prop22.lean::proposition_22''  (was Book/Prop22.lean:58)
REMOVED  Book/Prop23.lean::proposition_23  (was Book/Prop23.lean:8)
REMOVED  Book/Prop23.lean::proposition_23'  (was Book/Prop23.lean:35)
REMOVED  Book/Prop24.lean::proposition_24  (was Book/Prop24.lean:51)
REMOVED  Book/Prop25.lean::proposition_25  (was Book/Prop25.lean:7)
REMOVED  Book/Prop26.lean::proposition_26  (was Book/Prop26.lean:8)
REMOVED  Book/Prop27.lean::proposition_27  (was Book/Prop27.lean:6)
REMOVED  Book/Prop28.lean::proposition_28  (was Book/Prop28.lean:8)
REMOVED  Book/Prop29.lean::proposition_29  (was Book/Prop29.lean:7)
REMOVED  Book/Prop29.lean::proposition_29'  (was Book/Prop29.lean:31)
REMOVED  Book/Prop29.lean::proposition_29''  (was Book/Prop29.lean:41)
REMOVED  Book/Prop29.lean::proposition_29'''  (was Book/Prop29.lean:53)
REMOVED  Book/Prop29.lean::proposition_29''''  (was Book/Prop29.lean:63)
REMOVED  Book/Prop29.lean::proposition_29'''''  (was Book/Prop29.lean:75)
REMOVED  Book/Prop30.lean::proposition_30  (was Book/Prop30.lean:8)
REMOVED  Book/Prop31.lean::proposition_31  (was Book/Prop31.lean:8)
REMOVED  Book/Prop32.lean::proposition_32  (was Book/Prop32.lean:9)
REMOVED  Book/Prop33.lean::proposition_33  (was Book/Prop33.lean:9)
REMOVED  Book/Prop34.lean::proposition_34  (was Book/Prop34.lean:8)
REMOVED  Book/Prop34.lean::proposition_34'  (was Book/Prop34.lean:20)
REMOVED  Book/Prop35.lean::proposition_35  (was Book/Prop35.lean:9)
REMOVED  Book/Prop35.lean::proposition_35'  (was Book/Prop35.lean:23)
REMOVED  Book/Prop36.lean::proposition_36  (was Book/Prop36.lean:9)
REMOVED  Book/Prop36.lean::proposition_36'  (was Book/Prop36.lean:35)
REMOVED  Book/Prop37.lean::proposition_37  (was Book/Prop37.lean:9)
REMOVED  Book/Prop37.lean::proposition_37'  (was Book/Prop37.lean:24)
REMOVED  Book/Prop38.lean::proposition_38  (was Book/Prop38.lean:9)
REMOVED  Book/Prop39.lean::proposition_39  (was Book/Prop39.lean:8)
REMOVED  Book/Prop40.lean::proposition_40  (was Book/Prop40.lean:8)
REMOVED  Book/Prop41.lean::proposition_41  (was Book/Prop41.lean:8)
REMOVED  Book/Prop42.lean::proposition_42  (was Book/Prop42.lean:11)
REMOVED  Book/Prop42.lean::proposition_42'  (was Book/Prop42.lean:32)
REMOVED  Book/Prop42.lean::proposition_42''  (was Book/Prop42.lean:52)
REMOVED  Book/Prop42.lean::proposition_42'''  (was Book/Prop42.lean:74)
REMOVED  Book/Prop43.lean::proposition_43  (was Book/Prop43.lean:7)
REMOVED  Book/Prop44.lean::proposition_44  (was Book/Prop44.lean:83)
REMOVED  Book/Prop44.lean::proposition_44'  (was Book/Prop44.lean:110)
REMOVED  Book/Prop45.lean::proposition_45  (was Book/Prop45.lean:40)
REMOVED  Book/Prop46.lean::proposition_46  (was Book/Prop46.lean:11)
REMOVED  Book/Prop46.lean::proposition_46'  (was Book/Prop46.lean:30)
REMOVED  Book/Prop47.lean::proposition_47  (was Book/Prop47.lean:274)
REMOVED  Book/Prop48.lean::proposition_48  (was Book/Prop48.lean:26)

FAIL: 0 changed, 72 removed, 0 added (statements must not change; new props are fine — re-run --save if intended)
