[check_step --drive] step9 (stale) — running --subtree step9

[check_step --subtree step9] auditing the step9 cone — 1 node(s) in Book3/Prop25 (sub-nodes before step9):
  ✓ step9: SP[isolated] + P (leaf sorry-free; residual `sorry` is only in an unproven cited DEPENDENCY — EXPECTED/OK, proven modulo deps)

PASS: step9's subtree certified (SF/SP over every in-cone call site + P every leaf in the cone). This is NOT the whole prop — keep driving the remaining steps, then run `check_step Book3/Prop25 --all` ONCE at the very end.
[check_step --drive] step10 (stale) — running --subtree step10

[check_step --subtree step10] auditing the step10 cone — 1 node(s) in Book3/Prop25 (sub-nodes before step10):
  ✓ step10: SP[isolated] + P (leaf, zero-sorry)

PASS: step10's subtree certified (SF/SP over every in-cone call site + P every leaf in the cone). This is NOT the whole prop — keep driving the remaining steps, then run `check_step Book3/Prop25 --all` ONCE at the very end.
[check_step --drive] step11 (stale) — running --subtree step11

[check_step --subtree step11] auditing the step11 cone — 1 node(s) in Book3/Prop25 (sub-nodes before step11):
  ✓ step11: SP[isolated] + P (leaf, zero-sorry)

PASS: step11's subtree certified (SF/SP over every in-cone call site + P every leaf in the cone). This is NOT the whole prop — keep driving the remaining steps, then run `check_step Book3/Prop25 --all` ONCE at the very end.
[check_step --drive] step12 (stale) — running --subtree step12

[check_step --subtree step12] auditing the step12 cone — 1 node(s) in Book3/Prop25 (sub-nodes before step12):
  ✗ step12: SP FAILED (see below) — deepest failure; fix it first.

error: ././././Book3/Prop25/Main.lean:93:884: tactic 'assumption' failed
    ↳ source: 
a b c : Point
AC : Line
left : a.onLine AC
left_1 : c.onLine AC
left_2 : a ≠ c
left_3 : ¬b.onLine AC
right_3 : |(a─b)| = |(c─b)|
d : Point
left✝¹¹ : between a d c
right✝⁹ : |(a─d)| = |(d─c)|
DB : Line
left✝¹⁰ : d.onLine DB
right✝⁸ : b.onLine DB
AB : Line
left✝⁹ : a.onLine AB
right✝⁷ : b.onLine AB
step2 : ∠a:d:b = ∟
step4 : ∠a:b:d > ∠b:a:d ∨ ∠a:b:d = ∠b:a:d ∨ ∠a:b:d < ∠b:a:d
hgt step5 : ∠a:b:d > ∠b:a:d
g : Point
left✝⁸ : between a d c
right✝⁶ : |(a─d)| = |(d─c)|
left✝⁷ : a.onLine AB
left✝⁶ : g ≠ a
left✝⁵ : b.onLine AB
right✝⁵ : a ≠ b
left✝⁴ : g.onLine AB ∨ g.sameSide d AB
right✝⁴ : ∠g:a:b = ∠a:b:d
AG : Line
left✝³ : a.onLine AG
right✝³ : g.onLine AG
hAGDB : AG.intersectsLine DB
e : Point
left✝² : e.onLine AG
right✝² : e.onLine DB
hec : e ≠ c
EC : Line
left✝¹ : e.onLine EC
right✝¹ : c.onLine EC
α₁ : Circle
left✝ : e.isCentre α₁
right✝ : a.onCircle α₁
step6 : ∠b:a:e = ∠a:b:d ∧ e ≠ a
step7 : e.onLine DB
step8 : distinctPointsOnLine e c EC
step9_assumption1 : ∠a:b:e = ∠b:a:e
step9 : |(e─b)| = |(e─a)|
step10_assumption1 : |(a─d)| = |(d─c)|
step10_assumption2 : |(d─e)| = |(d─e)|
step10 : |(a─d)| = |(c─d)| ∧ |(d─e)| = |(d─e)|
step11_assumption1 : ∠a:d:e = ∟ ∧ ∠c:d:e = ∟
step11 : ∠a:d:e = ∠c:d:e
⊢ |(a─d)| = |(c─d)|

error: ././././Book3/Prop25/Main.lean:93:884: tactic 'assumption' failed
    ↳ source: 
a b c : Point
AC : Line
left : a.onLine AC
left_1 : c.onLine AC
left_2 : a ≠ c
left_3 : ¬b.onLine AC
right_3 : |(a─b)| = |(c─b)|
d : Point
left✝¹¹ : between a d c
right✝⁹ : |(a─d)| = |(d─c)|
DB : Line
left✝¹⁰ : d.onLine DB
right✝⁸ : b.onLine DB
AB : Line
left✝⁹ : a.onLine AB
right✝⁷ : b.onLine AB
step2 : ∠a:d:b = ∟
step4 : ∠a:b:d > ∠b:a:d ∨ ∠a:b:d = ∠b:a:d ∨ ∠a:b:d < ∠b:a:d
hgt step5 : ∠a:b:d > ∠b:a:d
g : Point
left✝⁸ : between a d c
right✝⁶ : |(a─d)| = |(d─c)|
left✝⁷ : a.onLine AB
left✝⁶ : g ≠ a
left✝⁵ : b.onLine AB
right✝⁵ : a ≠ b
left✝⁴ : g.onLine AB ∨ g.sameSide d AB
right✝⁴ : ∠g:a:b = ∠a:b:d
AG : Line
left✝³ : a.onLine AG
right✝³ : g.onLine AG
hAGDB : AG.intersectsLine DB
e : Point
left✝² : e.onLine AG
right✝² : e.onLine DB
hec : e ≠ c
EC : Line
left✝¹ : e.onLine EC
right✝¹ : c.onLine EC
α₁ : Circle
left✝ : e.isCentre α₁
right✝ : a.onCircle α₁
step6 : ∠b:a:e = ∠a:b:d ∧ e ≠ a
step7 : e.onLine DB
step8 : distinctPointsOnLine e c EC
step9_assumption1 : ∠a:b:e = ∠b:a:e
step9 : |(e─b)| = |(e─a)|
step10_assumption1 : |(a─d)| = |(d─c)|
step10_assumption2 : |(d─e)| = |(d─e)|
step10 : |(a─d)| = |(c─d)| ∧ |(d─e)| = |(d─e)|
step11_assumption1 : ∠a:d:e = ∟ ∧ ∠c:d:e = ∟
step11 : ∠a:d:e = ∠c:d:e
⊢ |(a─d)| = |(c─d)|

error: Lean exited with code 1

error: build failed

[check_step --drive] STOPPED at step12 — fix it, then re-run --drive to resume.
