[check_step --all] bottom-up audit of 40 node(s) in Book3/Prop25 (sub-nodes before their parents):
  ✓ hAG3DB: SP[isolated] + P (leaf sorry-free; residual `sorry` is only in an unproven cited DEPENDENCY — EXPECTED/OK, proven modulo deps)
  ✓ hAGDB: SP[isolated] + P (leaf sorry-free; residual `sorry` is only in an unproven cited DEPENDENCY — EXPECTED/OK, proven modulo deps)
  ✓ hEb_bae: SP[isolated] + P (leaf sorry-free; residual `sorry` is only in an unproven cited DEPENDENCY — EXPECTED/OK, proven modulo deps)
  ✓ hEb_abe: SP[isolated] + P (leaf sorry-free; residual `sorry` is only in an unproven cited DEPENDENCY — EXPECTED/OK, proven modulo deps)
  ✓ hEb: SP[isolated] + Combine (container)
  ✓ hEc: SP[isolated] + P (leaf sorry-free; residual `sorry` is only in an unproven cited DEPENDENCY — EXPECTED/OK, proven modulo deps)
  ✓ haα₂: SP[isolated] + P (leaf, zero-sorry)
  ✓ haα₃: SP[isolated] + P (leaf, zero-sorry)
  ✓ hbα₂: SP[isolated] + P (leaf, zero-sorry)
  ✓ hbα₃: SP[isolated] + P (leaf, zero-sorry)
  ✓ hcα₂: SP[isolated] + P (leaf, zero-sorry)
  ✓ hcα₃: SP[isolated] + P (leaf, zero-sorry)
  ✓ hda: SP[isolated] + P (leaf, zero-sorry)
  ✓ hec: SP[isolated] + P (leaf, zero-sorry)
  ✓ step1: SP[isolated] + P (leaf, zero-sorry)
  ✓ step2: SP[isolated] + P (leaf sorry-free; residual `sorry` is only in an unproven cited DEPENDENCY — EXPECTED/OK, proven modulo deps)
  ✓ step3: SP[isolated] + P (leaf, zero-sorry)
  ✓ step4: SP[isolated] + P (leaf, zero-sorry)
  ✓ step5: SP[isolated] + P (leaf, zero-sorry)
  ✓ step6: SP[isolated] + P (leaf sorry-free; residual `sorry` is only in an unproven cited DEPENDENCY — EXPECTED/OK, proven modulo deps)
  ✓ step7: SP[isolated] + P (leaf, zero-sorry)
  ✓ step8: SP[isolated] + P (leaf, zero-sorry)
  ✓ step9: SP[isolated] + P (leaf sorry-free; residual `sorry` is only in an unproven cited DEPENDENCY — EXPECTED/OK, proven modulo deps)
  ✓ step9_assumption1: SP[isolated] + P (leaf sorry-free; residual `sorry` is only in an unproven cited DEPENDENCY — EXPECTED/OK, proven modulo deps)
  ✓ step10: SP[isolated] + P (leaf, zero-sorry)
  ✓ step11: SP[isolated] + P (leaf, zero-sorry)
  ✓ step12_tri1: SP[isolated] + P (leaf, zero-sorry)
  ✓ step12_tri2: SP[isolated] + P (leaf, zero-sorry)
  ✓ step12: SP[isolated] + Combine (container)
  ✓ step13: SP[isolated] + P (leaf, zero-sorry)
  ✓ step14: SP[isolated] + P (leaf, zero-sorry)
  ✓ step15: SP[isolated] + P (leaf, zero-sorry)
  ✓ step16: SP[isolated] + P (leaf sorry-free; residual `sorry` is only in an unproven cited DEPENDENCY — EXPECTED/OK, proven modulo deps)
  ✓ step17: SP[isolated] + P (leaf, zero-sorry)
  ✓ step18: SP[isolated] + P (leaf, zero-sorry)
  ✓ step19: SP[isolated] + P (leaf sorry-free; residual `sorry` is only in an unproven cited DEPENDENCY — EXPECTED/OK, proven modulo deps)
  ✓ step20: SP[isolated] + P (leaf, zero-sorry)
  ✓ step21: SP[isolated] + P (leaf, zero-sorry)
  ✓ step22: SP[isolated] + P (leaf, zero-sorry)
  ✓ step23: SP[isolated] + P (leaf, zero-sorry)

PASS: all 40 node(s) certified — every call site supplies its hyps (isolated SP, no SMT), every container's combine is certified by its OWN combine-check, and Main has no stray sorry. (Leaf dependencies left as `sorry` are tolerated — see any ⚠ above.) Run `python3 scripts/wire_main.py Book3/Prop25`.
