⚠ [786/852] Replayed Book1.Prop04.Main
warning: ././././Book1/Prop04/Main.lean:5:8: declaration uses 'sorry'
⚠ [787/852] Replayed Book1.Prop14.Main
warning: ././././Book1/Prop14/Main.lean:5:8: declaration uses 'sorry'
⚠ [788/852] Replayed Book1.Prop08.Main
warning: ././././Book1/Prop08/Main.lean:5:8: declaration uses 'sorry'
⚠ [789/852] Replayed Book1.Prop01.Main
warning: ././././Book1/Prop01/Main.lean:5:8: declaration uses 'sorry'
⚠ [791/852] Replayed Book1.Prop02.Main
warning: ././././Book1/Prop02/Main.lean:6:8: declaration uses 'sorry'
⚠ [795/852] Replayed Book1.Prop03.step3
warning: ././././Book1/Prop03/step3.lean:4:5: unused variable `h1`
note: this linter can be disabled with `set_option linter.unusedVariables false`
warning: ././././Book1/Prop03/step3.lean:4:27: unused variable `h2`
note: this linter can be disabled with `set_option linter.unusedVariables false`
warning: ././././Book1/Prop03/step3.lean:4:49: unused variable `h3`
note: this linter can be disabled with `set_option linter.unusedVariables false`
⚠ [799/852] Replayed Book1.Prop03.Main
warning: ././././Book1/Prop03/Main.lean:30:5: unused variable `step2`
note: this linter can be disabled with `set_option linter.unusedVariables false`
⚠ [800/852] Replayed Book1.Prop27.Main
warning: ././././Book1/Prop27/Main.lean:5:8: declaration uses 'sorry'
⚠ [801/852] Replayed Book1.Prop41.Main
warning: ././././Book1/Prop41/Main.lean:5:8: declaration uses 'sorry'
⚠ [828/852] Replayed Book1.Prop15.Main
warning: ././././Book1/Prop15/Main.lean:5:8: declaration uses 'sorry'
⚠ [829/852] Replayed Book1.Prop07.Main
warning: ././././Book1/Prop07/Main.lean:5:8: declaration uses 'sorry'
⚠ [830/852] Replayed Book1.Prop34.Main
warning: ././././Book1/Prop34/Main.lean:6:8: declaration uses 'sorry'
⚠ [831/852] Built Book1.Prop20.Main
warning: ././././Book1/Prop20/Main.lean:6:8: declaration uses 'sorry'
⚠ [832/852] Built Book1.Prop09.Main
warning: ././././Book1/Prop09/Main.lean:8:8: declaration uses 'sorry'
⚠ [833/852] Built Book1.Prop11.Main
warning: ././././Book1/Prop11/Main.lean:8:8: declaration uses 'sorry'
⚠ [834/852] Built Book1.Prop05.Main
warning: ././././Book1/Prop05/Main.lean:8:8: declaration uses 'sorry'
⚠ [835/852] Built Book1.Prop22.Main
warning: ././././Book1/Prop22/Main.lean:6:8: declaration uses 'sorry'
✔ [836/852] Built Book1Variants.Prop05
✔ [837/852] Built Book1Variants.Prop11
✔ [838/852] Built Book1Variants.Prop22
⚠ [839/852] Built Book1.Prop13.Main
warning: ././././Book1/Prop13/Main.lean:6:8: declaration uses 'sorry'
⚠ [840/852] Built Book1.Prop29.Main
warning: ././././Book1/Prop29/Main.lean:7:8: declaration uses 'sorry'
✔ [841/852] Built Book1Variants.Prop09
⚠ [842/852] Built Book1.Prop23.Main
warning: ././././Book1/Prop23/Main.lean:7:8: declaration uses 'sorry'
⚠ [843/852] Built Book1.Prop10.Main
warning: ././././Book1/Prop10/Main.lean:7:8: declaration uses 'sorry'
✔ [844/852] Built Book1Variants.Prop29
⚠ [845/852] Built Book1.Prop16.Main
warning: ././././Book1/Prop16/Main.lean:8:8: declaration uses 'sorry'
✔ [846/852] Built Book1Variants.Prop23
⚠ [847/852] Built Book1.Prop26.Main
warning: ././././Book1/Prop26/Main.lean:9:8: declaration uses 'sorry'
⚠ [848/852] Built Book1.Prop31.Main
warning: ././././Book1/Prop31/Main.lean:7:8: declaration uses 'sorry'
✔ [849/852] Built Book1Variants.Prop34
⚠ [850/852] Built Book1.Prop46.Main
warning: ././././Book1/Prop46/Main.lean:8:8: declaration uses 'sorry'
✔ [851/852] Built Book1Variants.Prop46
