=== faithful-llvalA.json — MODE: --olean (compiled, AUTHORITATIVE) ===
    text reproduction is EXACT; dependency match is BOOK-AWARE + transitive (resolved names)
--- Book1 Prop 5 ---
  [PASS] sentence locators are contiguous with no duplicates
         25 sentences
  [FAIL] every cited [Prop.~B.M] is referenced in the prop (book-aware: Main construction or sentence's cone)
         1.5.17 (Book1.Prop05.Main:103) cites [Prop.~1.4] but no `proposition_4` of Book 1 is applied `… as …` in Book1.Prop05.Main (construction) nor inside its helper cone (node `step17`)
         1.5.8 (Book1.Prop05.Main:58) cites [Prop.~1.4] but no `proposition_4` of Book 1 is applied `… as …` in Book1.Prop05.Main (construction) nor inside its helper cone (node `step8`)
  [PASS] all sentences present + concatenation reproduces the original text exactly
         concatenation reproduces canonical text exactly, in order (25 sentences (1.5.0..1.5.24) vs Book1/data/texts_proofs/5.txt)
--- Book1 Prop 7 ---
  [PASS] sentence locators are contiguous with no duplicates
         11 sentences
  [FAIL] every cited [Prop.~B.M] is referenced in the prop (book-aware: Main construction or sentence's cone)
         1.7.7 (Book1.Prop07.Main:44) cites [Prop.~1.5] but no `proposition_5` of Book 1 is applied `… as …` in Book1.Prop07.Main (construction) nor inside its helper cone (node `step7`)
         1.7.4 (Book1.Prop07.Main:29) cites [Prop.~1.5] but no `proposition_5` of Book 1 is applied `… as …` in Book1.Prop07.Main (construction) nor inside its helper cone (node `step4`)
  [PASS] all sentences present + concatenation reproduces the original text exactly
         concatenation reproduces canonical text exactly, in order (11 sentences (1.7.0..1.7.10) vs Book1/data/texts_proofs/7.txt)
--- Book1 Prop 8 ---
  [PASS] sentence locators are contiguous with no duplicates
         12 sentences
  [FAIL] every cited [Prop.~B.M] is referenced in the prop (book-aware: Main construction or sentence's cone)
         1.8.7 (Book1.Prop08.Main:67) cites [Prop.~1.7] but no `proposition_7` of Book 1 is applied `… as …` in Book1.Prop08.Main (construction) nor inside its helper cone (node `step7`)
  [PASS] all sentences present + concatenation reproduces the original text exactly
         concatenation reproduces canonical text exactly, in order (12 sentences (1.8.0..1.8.11) vs Book1/data/texts_proofs/8.txt)
--- Book1 Prop 9 ---
  [PASS] sentence locators are contiguous with no duplicates
         11 sentences
  [FAIL] every cited [Prop.~B.M] is referenced in the prop (book-aware: Main construction or sentence's cone)
         1.9.9 (Book1.Prop09.Main:60) cites [Prop.~1.8] but no `proposition_8` of Book 1 is applied `… as …` in Book1.Prop09.Main (construction) nor inside its helper cone (node `step9`)
  [PASS] all sentences present + concatenation reproduces the original text exactly
         concatenation reproduces canonical text exactly, in order (11 sentences (1.9.0..1.9.10) vs Book1/data/texts_proofs/9.txt)
--- Book1 Prop 10 ---
  [PASS] sentence locators are contiguous with no duplicates
         8 sentences
  [FAIL] every cited [Prop.~B.M] is referenced in the prop (book-aware: Main construction or sentence's cone)
         1.10.6 (Book1.Prop10.Main:45) cites [Prop.~1.4] but no `proposition_4` of Book 1 is applied `… as …` in Book1.Prop10.Main (construction) nor inside its helper cone (node `step6`)
  [PASS] all sentences present + concatenation reproduces the original text exactly
         concatenation reproduces canonical text exactly, in order (8 sentences (1.10.0..1.10.7) vs Book1/data/texts_proofs/10.txt)
--- Book1 Prop 11 ---
  [PASS] sentence locators are contiguous with no duplicates
         13 sentences
  [FAIL] every cited [Prop.~B.M] is referenced in the prop (book-aware: Main construction or sentence's cone)
         1.11.8 (Book1.Prop11.Main:54) cites [Prop.~1.8] but no `proposition_8` of Book 1 is applied `… as …` in Book1.Prop11.Main (construction) nor inside its helper cone (node `step8`)
  [PASS] all sentences present + concatenation reproduces the original text exactly
         concatenation reproduces canonical text exactly, in order (13 sentences (1.11.0..1.11.12) vs Book1/data/texts_proofs/11.txt)
--- Book1 Prop 14 ---
  [PASS] sentence locators are contiguous with no duplicates
         12 sentences
  [FAIL] every cited [Prop.~B.M] is referenced in the prop (book-aware: Main construction or sentence's cone)
         1.14.2 (Book1.Prop14.Main:26) cites [Prop.~1.13] but no `proposition_13` of Book 1 is applied `… as …` in Book1.Prop14.Main (construction) nor inside its helper cone (node `step2`)
  [PASS] all sentences present + concatenation reproduces the original text exactly
         concatenation reproduces canonical text exactly, in order (12 sentences (1.14.0..1.14.11) vs Book1/data/texts_proofs/14.txt)
--- Book1 Prop 15 ---
  [PASS] sentence locators are contiguous with no duplicates
         9 sentences
  [FAIL] every cited [Prop.~B.M] is referenced in the prop (book-aware: Main construction or sentence's cone)
         1.15.2 (Book1.Prop15.Main:23) cites [Prop.~1.13] but no `proposition_13` of Book 1 is applied `… as …` in Book1.Prop15.Main (construction) nor inside its helper cone (node `step2`)
         1.15.1 (Book1.Prop15.Main:16) cites [Prop.~1.13] but no `proposition_13` of Book 1 is applied `… as …` in Book1.Prop15.Main (construction) nor inside its helper cone (node `step1`)
  [PASS] all sentences present + concatenation reproduces the original text exactly
         concatenation reproduces canonical text exactly, in order (9 sentences (1.15.0..1.15.8) vs Book1/data/texts_proofs/15.txt)
--- Book1 Prop 16 ---
  [PASS] sentence locators are contiguous with no duplicates
         16 sentences
  [FAIL] every cited [Prop.~B.M] is referenced in the prop (book-aware: Main construction or sentence's cone)
         1.16.10 (Book1.Prop16.Main:66) cites [Prop.~1.4] but no `proposition_4` of Book 1 is applied `… as …` in Book1.Prop16.Main (construction) nor inside its helper cone (node `step10`)
         1.16.7 (Book1.Prop16.Main:54) cites [Prop.~1.15] but no `proposition_15` of Book 1 is applied `… as …` in Book1.Prop16.Main (construction) nor inside its helper cone (node `step7`)
  [PASS] all sentences present + concatenation reproduces the original text exactly
         concatenation reproduces canonical text exactly, in order (16 sentences (1.16.0..1.16.15) vs Book1/data/texts_proofs/16.txt)
--- Book1 Prop 20 ---
  [PASS] sentence locators are contiguous with no duplicates
         12 sentences
  [FAIL] every cited [Prop.~B.M] is referenced in the prop (book-aware: Main construction or sentence's cone)
         1.20.6 (Book1.Prop20.Main:44) cites [Prop.~1.19] but no `proposition_19` of Book 1 is applied `… as …` in Book1.Prop20.Main (construction) nor inside its helper cone (node `step6`)
         1.20.4 (Book1.Prop20.Main:33) cites [Prop.~1.5] but no `proposition_5` of Book 1 is applied `… as …` in Book1.Prop20.Main (construction) nor inside its helper cone (node `step4`)
  [PASS] all sentences present + concatenation reproduces the original text exactly
         concatenation reproduces canonical text exactly, in order (12 sentences (1.20.0..1.20.11) vs Book1/data/texts_proofs/20.txt)
--- Book1 Prop 23 ---
  [PASS] sentence locators are contiguous with no duplicates
         8 sentences
  [FAIL] every cited [Prop.~B.M] is referenced in the prop (book-aware: Main construction or sentence's cone)
         1.23.6 (Book1.Prop23.Main:51) cites [Prop.~1.8] but no `proposition_8` of Book 1 is applied `… as …` in Book1.Prop23.Main (construction) nor inside its helper cone (node `step6`)
  [PASS] all sentences present + concatenation reproduces the original text exactly
         concatenation reproduces canonical text exactly, in order (8 sentences (1.23.0..1.23.7) vs Book1/data/texts_proofs/23.txt)
--- Book1 Prop 26 ---
  [PASS] sentence locators are contiguous with no duplicates
         44 sentences
  [FAIL] every cited [Prop.~B.M] is referenced in the prop (book-aware: Main construction or sentence's cone)
         1.26.42 (Book1.Prop26.Main:178) cites [Prop.~1.4] but no `proposition_4` of Book 1 is applied `… as …` in Book1.Prop26.Main (construction) nor inside its helper cone (node `step42`)
         1.26.34 (Book1.Prop26.Main:152) cites [Prop.~1.16] but no `proposition_16` of Book 1 is applied `… as …` in Book1.Prop26.Main (construction) nor inside its helper cone (node `step34`)
         1.26.30 (Book1.Prop26.Main:140) cites [Prop.~1.4] but no `proposition_4` of Book 1 is applied `… as …` in Book1.Prop26.Main (construction) nor inside its helper cone (node `step30`)
         1.26.18 (Book1.Prop26.Main:89) cites [Prop.~1.4] but no `proposition_4` of Book 1 is applied `… as …` in Book1.Prop26.Main (construction) nor inside its helper cone (node `step18`)
         1.26.7 (Book1.Prop26.Main:54) cites [Prop.~1.4] but no `proposition_4` of Book 1 is applied `… as …` in Book1.Prop26.Main (construction) nor inside its helper cone (node `step7`)
  [PASS] all sentences present + concatenation reproduces the original text exactly
         concatenation reproduces canonical text exactly, in order (44 sentences (1.26.0..1.26.43) vs Book1/data/texts_proofs/26.txt)
--- Book1 Prop 29 ---
  [PASS] sentence locators are contiguous with no duplicates
         19 sentences
  [FAIL] every cited [Prop.~B.M] is referenced in the prop (book-aware: Main construction or sentence's cone)
         1.29.16 (Book1.Prop29.Main:77) cites [Prop.~1.13] but no `proposition_13` of Book 1 is applied `… as …` in Book1.Prop29.Main (construction) nor inside its helper cone (node `step16`)
         1.29.12 (Book1.Prop29.Main:65) cites [Prop.~1.15] but no `proposition_15` of Book 1 is applied `… as …` in Book1.Prop29.Main (construction) nor inside its helper cone (node `step12`)
  [PASS] all sentences present + concatenation reproduces the original text exactly
         concatenation reproduces canonical text exactly, in order (19 sentences (1.29.0..1.29.18) vs Book1/data/texts_proofs/29.txt)
--- Book1 Prop 31 ---
  [PASS] sentence locators are contiguous with no duplicates
         7 sentences
  [FAIL] every cited [Prop.~B.M] is referenced in the prop (book-aware: Main construction or sentence's cone)
         1.31.5 (Book1.Prop31.Main:38) cites [Prop.~1.27] but no `proposition_27` of Book 1 is applied `… as …` in Book1.Prop31.Main (construction) nor inside its helper cone (node `step5`)
  [PASS] all sentences present + concatenation reproduces the original text exactly
         concatenation reproduces canonical text exactly, in order (7 sentences (1.31.0..1.31.6) vs Book1/data/texts_proofs/31.txt)
--- Book1 Prop 34 ---
  [PASS] sentence locators are contiguous with no duplicates
         18 sentences
  [FAIL] every cited [Prop.~B.M] is referenced in the prop (book-aware: Main construction or sentence's cone)
         1.34.15 (Book1.Prop34.Main:94) cites [Prop.~1.4] but no `proposition_4` of Book 1 is applied `… as …` in Book1.Prop34.Main (construction) nor inside its helper cone (node `step15`)
         1.34.4 (Book1.Prop34.Main:42) cites [Prop.~1.26] but no `proposition_26` of Book 1 is applied `… as …` in Book1.Prop34.Main (construction) nor inside its helper cone (node `step4`)
         1.34.2 (Book1.Prop34.Main:31) cites [Prop.~1.29] but no `proposition_29` of Book 1 is applied `… as …` in Book1.Prop34.Main (construction) nor inside its helper cone (node `step2`)
         1.34.1 (Book1.Prop34.Main:21) cites [Prop.~1.29] but no `proposition_29` of Book 1 is applied `… as …` in Book1.Prop34.Main (construction) nor inside its helper cone (node `step1`)
  [PASS] all sentences present + concatenation reproduces the original text exactly
         concatenation reproduces canonical text exactly, in order (18 sentences (1.34.0..1.34.17) vs Book1/data/texts_proofs/34.txt)
--- Book1 Prop 41 ---
  [PASS] sentence locators are contiguous with no duplicates
         6 sentences
  [FAIL] every cited [Prop.~B.M] is referenced in the prop (book-aware: Main construction or sentence's cone)
         1.41.3 (Book1.Prop41.Main:30) cites [Prop.~1.34] but no `proposition_34` of Book 1 is applied `… as …` in Book1.Prop41.Main (construction) nor inside its helper cone (node `step3`)
         1.41.2 (Book1.Prop41.Main:23) cites [Prop.~1.37] but no `proposition_37` of Book 1 is applied `… as …` in Book1.Prop41.Main (construction) nor inside its helper cone (node `step2`)
  [PASS] all sentences present + concatenation reproduces the original text exactly
         concatenation reproduces canonical text exactly, in order (6 sentences (1.41.0..1.41.5) vs Book1/data/texts_proofs/41.txt)
--- Book1 Prop 46 ---
  [PASS] sentence locators are contiguous with no duplicates
         21 sentences
  [FAIL] every cited [Prop.~B.M] is referenced in the prop (book-aware: Main construction or sentence's cone)
         1.46.15 (Book1.Prop46.Main:83) cites [Prop.~1.34] but no `proposition_34` of Book 1 is applied `… as …` in Book1.Prop46.Main (construction) nor inside its helper cone (node `step15`)
         1.46.12 (Book1.Prop46.Main:71) cites [Prop.~1.29] but no `proposition_29` of Book 1 is applied `… as …` in Book1.Prop46.Main (construction) nor inside its helper cone (node `step12`)
         1.46.7 (Book1.Prop46.Main:49) cites [Prop.~1.34] but no `proposition_34` of Book 1 is applied `… as …` in Book1.Prop46.Main (construction) nor inside its helper cone (node `step7`)
  [PASS] all sentences present + concatenation reproduces the original text exactly
         concatenation reproduces canonical text exactly, in order (21 sentences (1.46.0..1.46.20) vs Book1/data/texts_proofs/46.txt)
--- Book1 Prop 47 ---
  [PASS] sentence locators are contiguous with no duplicates
         23 sentences
  [FAIL] every cited [Prop.~B.M] is referenced in the prop (book-aware: Main construction or sentence's cone)
         1.47.14 (Book1.Prop47.Main:108) cites [Prop.~1.41] but no `proposition_41` of Book 1 is applied `… as …` in Book1.Prop47.Main (construction) nor inside its helper cone (node `step14`)
         1.47.13 (Book1.Prop47.Main:100) cites [Prop.~1.41] but no `proposition_41` of Book 1 is applied `… as …` in Book1.Prop47.Main (construction) nor inside its helper cone (node `step13`)
         1.47.12 (Book1.Prop47.Main:91) cites [Prop.~1.4] but no `proposition_4` of Book 1 is applied `… as …` in Book1.Prop47.Main (construction) nor inside its helper cone (node `step12`)
         1.47.5 (Book1.Prop47.Main:51) cites [Prop.~1.14] but no `proposition_14` of Book 1 is applied `… as …` in Book1.Prop47.Main (construction) nor inside its helper cone (node `step5`)
  [PASS] all sentences present + concatenation reproduces the original text exactly
         concatenation reproduces canonical text exactly, in order (23 sentences (1.47.0..1.47.22) vs Book1/data/texts_proofs/47.txt)
--- Book2 Prop 4 ---
  [PASS] sentence locators are contiguous with no duplicates
         35 sentences
  [FAIL] every cited [Prop.~B.M] is referenced in the prop (book-aware: Main construction or sentence's cone)
         2.4.25 (Book2.Prop04.Main:134) cites [Prop.~1.43] but no `proposition_43` of Book 1 is applied `… as …` in Book2.Prop04.Main (construction) nor inside its helper cone (node `step25`)
         2.4.23 (Book2.Prop04.Main:125) cites [Prop.~1.34] but no `proposition_34` of Book 1 is applied `… as …` in Book2.Prop04.Main (construction) nor inside its helper cone (node `step23`)
         2.4.17 (Book2.Prop04.Main:99) cites [Prop.~1.34] but no `proposition_34` of Book 1 is applied `… as …` in Book2.Prop04.Main (construction) nor inside its helper cone (node `step17`)
         2.4.14 (Book2.Prop04.Main:87) cites [Prop.~1.29] but no `proposition_29` of Book 1 is applied `… as …` in Book2.Prop04.Main (construction) nor inside its helper cone (node `step14`)
         2.4.10 (Book2.Prop04.Main:69) cites [Prop.~1.34] but no `proposition_34` of Book 1 is applied `… as …` in Book2.Prop04.Main (construction) nor inside its helper cone (node `step10`)
         2.4.8 (Book2.Prop04.Main:61) cites [Prop.~1.6] but no `proposition_6` of Book 1 is applied `… as …` in Book2.Prop04.Main (construction) nor inside its helper cone (node `step8`)
         2.4.6 (Book2.Prop04.Main:53) cites [Prop.~1.5] but no `proposition_5` of Book 1 is applied `… as …` in Book2.Prop04.Main (construction) nor inside its helper cone (node `step6`)
         2.4.5 (Book2.Prop04.Main:46) cites [Prop.~1.29] but no `proposition_29` of Book 1 is applied `… as …` in Book2.Prop04.Main (construction) nor inside its helper cone (node `step5`)
  [PASS] all sentences present + concatenation reproduces the original text exactly
         concatenation reproduces canonical text exactly, in order (35 sentences (2.4.0..2.4.34) vs Book2/data/texts_proofs/4.txt)
--- Book2 Prop 12 ---
  [PASS] sentence locators are contiguous with no duplicates
         9 sentences
  [PASS] every cited [Prop.~B.M] is referenced in the prop (book-aware: Main construction or sentence's cone)
         all 3 citation(s) resolve to the cited book+number
  [PASS] all sentences present + concatenation reproduces the original text exactly
         concatenation reproduces canonical text exactly, in order (9 sentences (2.12.0..2.12.8) vs Book2/data/texts_proofs/12.txt)
  [WARN] 19 background prop(s) also FAILED: Book1 Prop 5, Book1 Prop 7, Book1 Prop 8, Book1 Prop 9, Book1 Prop 10, Book1 Prop 11, Book1 Prop 14, Book1 Prop 15, Book1 Prop 16, Book1 Prop 20, Book1 Prop 23, Book1 Prop 26, Book1 Prop 29, Book1 Prop 31, Book1 Prop 34, Book1 Prop 41, Book1 Prop 46, Book1 Prop 47, Book2 Prop 4
  [note] not machine-checked: that each step's type honestly captures its sentence (review by hand)
  => FAILED (--olean mode, authoritative)
