===== GRADE 2026-07-22 17:00:48 · Book2/Prop03 · arm=mymethod · node=cpu024 =====
worktree: /weka/scratch/liby99_lcs/tadd/code/autoform/methodology_compare_worktrees/full/LeanEuclidPlus

----- [sorry_count] -----
sorry count = 0  (must be 0)

----- [check_faithful] -----
=== Main.lean — MODE: source/regex (no build) ===
    quick offline sanity check (text is EXACT; dependency match is number-only, not book-aware)
  [PASS] sentence locators are contiguous with no duplicates
         10 sentences
  [PASS] all sentences present + concatenation reproduces the original text exactly
         concatenation reproduces canonical text exactly, in order (10 sentences (2.3.0..2.3.9) vs Book2/data/texts_proofs/3.txt)
  [PASS] every cited [Prop.~B.M] is a Main construction (`… as …`) or deferred to Phase B (construction-aware, number-only)
         2 construction prop(s) in Main: proposition_31, proposition_46
  [PASS] @assumption text is a normalized substring of its owning sentence
         2 annotation(s) checked
  [PASS] no euclid_sentence has a vacuous `True` claim
         8 sentence claim(s) are non-trivial
  [PASS] euclid_intro/conclude_sentence bracket the proof (leading / trailing only)
         placement OK
  [note] not machine-checked: that each step's type honestly captures its sentence (review by hand)
  => ALL PASS (source/regex mode)
----- [check_backing] -----
=== Prop03/Main.lean — MODE: backing (source, no build) ===
  [PASS] every sentence delegates to helper_<book>_<prop>_stepN in its own file
         8 checked
  [PASS] each sentence's helper call supplies every hypothesis via euclid_assumption (show type)
         8 checked
  => ALL PASS (backing mode)
----- [check_signatures] -----
OK: all 1 proposition signatures matching 'Book2/Prop03/Main.lean' unchanged
----- [check_steps] -----
[check_steps] verifying approved Phase-A claim types are unchanged (approve/update with: check_steps.py --save Book<N>/Prop<NN>.lean)
OK: all 8 approved step claim(s) + assumptions unchanged in Book2/Prop03/Main.lean
----- [lake_build: Book2.Prop03.Main] -----
⚠ [786/878] Replayed Book1.Prop01.Main
warning: ././././Book1/Prop01/Main.lean:5:8: declaration uses 'sorry'
⚠ [788/878] Replayed Book1.Prop02.Main
warning: ././././Book1/Prop02/Main.lean:6:8: declaration uses 'sorry'
⚠ [797/878] Replayed Book1.Prop08.Main
warning: ././././Book1/Prop08/Main.lean:5:8: declaration uses 'sorry'
⚠ [824/878] Replayed Book1.Prop11.Main
warning: ././././Book1/Prop11/Main.lean:8:8: declaration uses 'sorry'
⚠ [826/878] Replayed Book1.Prop13.Main
warning: ././././Book1/Prop13/Main.lean:6:8: declaration uses 'sorry'
⚠ [827/878] Replayed Book1.Prop15.Main
warning: ././././Book1/Prop15/Main.lean:5:8: declaration uses 'sorry'
⚠ [828/878] Replayed Book1.Prop29.Main
warning: ././././Book1/Prop29/Main.lean:7:8: declaration uses 'sorry'
⚠ [830/878] Replayed Book1.Prop20.Main
warning: ././././Book1/Prop20/Main.lean:6:8: declaration uses 'sorry'
⚠ [831/878] Replayed Book1.Prop22.Main
warning: ././././Book1/Prop22/Main.lean:6:8: declaration uses 'sorry'
⚠ [833/878] Replayed Book1.Prop23.Main
warning: ././././Book1/Prop23/Main.lean:7:8: declaration uses 'sorry'
⚠ [838/878] Replayed Book1.Prop04.Main
warning: ././././Book1/Prop04/Main.lean:5:8: declaration uses 'sorry'
⚠ [839/878] Replayed Book1.Prop05.Main
warning: ././././Book1/Prop05/Main.lean:8:8: declaration uses 'sorry'
⚠ [841/878] Replayed Book1.Prop07.Main
warning: ././././Book1/Prop07/Main.lean:5:8: declaration uses 'sorry'
⚠ [842/878] Replayed Book1.Prop09.Main
warning: ././././Book1/Prop09/Main.lean:8:8: declaration uses 'sorry'
⚠ [844/878] Replayed Book1.Prop10.Main
warning: ././././Book1/Prop10/Main.lean:7:8: declaration uses 'sorry'
⚠ [845/878] Replayed Book1.Prop16.Main
warning: ././././Book1/Prop16/Main.lean:8:8: declaration uses 'sorry'
⚠ [852/878] Replayed Book1.Prop31.Main
warning: ././././Book1/Prop31/Main.lean:7:8: declaration uses 'sorry'
⚠ [853/878] Replayed Book1.Prop26.Main
warning: ././././Book1/Prop26/Main.lean:9:8: declaration uses 'sorry'
⚠ [854/878] Replayed Book1.Prop34.Main
warning: ././././Book1/Prop34/Main.lean:6:8: declaration uses 'sorry'
⚠ [856/878] Replayed Book1.Prop46.Main
warning: ././././Book1/Prop46/Main.lean:8:8: declaration uses 'sorry'
⚠ [864/878] Replayed Book1.Prop30.Main
warning: ././././Book1/Prop30/Main.lean:5:8: declaration uses 'sorry'
Build completed successfully.
===== ALL CHECKS PASSED =====
