===== GRADE 2026-07-20 21:54:37 · Book1/Prop18 · arm=ablated · node=cpunode7 =====
worktree: /home/user/code/autoform/methodology_compare_worktrees/ablated/LeanEuclidF

----- [sorry_count] -----
sorry count = 0  (must be 0)

----- [check_faithful] -----
=== Main.lean — MODE: source/regex (no build) ===
    quick offline sanity check (text is EXACT; dependency match is number-only, not book-aware)
  [PASS] sentence locators are contiguous with no duplicates
         8 sentences
  [PASS] all sentences present + concatenation reproduces the original text exactly
         concatenation reproduces canonical text exactly, in order (8 sentences (1.18.0..1.18.7) vs Book1/data/texts_proofs/18.txt)
  [PASS] every cited [Prop.~B.M] is a Main construction (`… as …`) or deferred to Phase B (construction-aware, number-only)
         1 construction prop(s) in Main: proposition_3
         2 proof-internal citation(s) deferred to Phase B (their step helpers must cite these): 1.5, 1.16
  [PASS] @assumption text is a normalized substring of its owning sentence
         2 annotation(s) checked
  [PASS] no euclid_sentence has a vacuous `True` claim
         6 sentence claim(s) are non-trivial
  [PASS] euclid_intro/conclude_sentence bracket the proof (leading / trailing only)
         placement OK
  [note] not machine-checked: that each step's type honestly captures its sentence (review by hand)
  => ALL PASS (source/regex mode)
----- [check_backing] -----
=== Prop18/Main.lean — MODE: backing (source, no build) ===
  [PASS] every sentence delegates to helper_<book>_<prop>_stepN in its own file
         6 checked
  [PASS] each sentence's helper call supplies every hypothesis via euclid_assumption (show type)
         6 checked
  => ALL PASS (backing mode)
----- [check_signatures] -----
OK: all 1 proposition signatures matching 'Book1/Prop18/Main.lean' unchanged
----- [check_steps] -----
[check_steps] verifying approved Phase-A claim types are unchanged (approve/update with: check_steps.py --save Book<N>/Prop<NN>.lean)
OK: all 6 approved step claim(s) + assumptions unchanged in Book1/Prop18/Main.lean
----- [lake_build: Book1.Prop18.Main] -----
timeout: failed to run command ‘lake’: No such file or directory
>>> lake_build FAILED (nonzero exit or 3600s timeout)
