⚠ [787/840] Replayed Book1.Prop01.Main
warning: ././././Book1/Prop01/Main.lean:5:8: declaration uses 'sorry'
⚠ [789/840] Replayed Book1.Prop02.Main
warning: ././././Book1/Prop02/Main.lean:6:8: declaration uses 'sorry'
⚠ [792/840] Replayed Book1.Prop03.step3
warning: ././././Book1/Prop03/step3.lean:6:5: unused variable `h1`
note: this linter can be disabled with `set_option linter.unusedVariables false`
warning: ././././Book1/Prop03/step3.lean:6:27: unused variable `h2`
note: this linter can be disabled with `set_option linter.unusedVariables false`
warning: ././././Book1/Prop03/step3.lean:6:49: unused variable `h3`
note: this linter can be disabled with `set_option linter.unusedVariables false`
⚠ [796/840] Replayed Book1.Prop04.Main
warning: ././././Book1/Prop04/Main.lean:5:8: declaration uses 'sorry'
⚠ [823/840] Replayed Book1.Prop07.Main
warning: ././././Book1/Prop07/Main.lean:5:8: declaration uses 'sorry'
⚠ [824/840] Replayed Book1.Prop08.Main
warning: ././././Book1/Prop08/Main.lean:5:8: declaration uses 'sorry'
⚠ [829/840] Replayed Book1.Prop03.Main
warning: ././././Book1/Prop03/Main.lean:30:5: unused variable `step2`
note: this linter can be disabled with `set_option linter.unusedVariables false`
⚠ [830/840] Replayed Book1.Prop05.Main
warning: ././././Book1/Prop05/Main.lean:8:8: declaration uses 'sorry'
⚠ [832/840] Replayed Book1.Prop09.Main
warning: ././././Book1/Prop09/Main.lean:8:8: declaration uses 'sorry'
⚠ [834/840] Replayed Book1.Prop10.Main
warning: ././././Book1/Prop10/Main.lean:7:8: declaration uses 'sorry'
⚠ [835/840] Replayed Book1.Prop16.Main
warning: ././././Book1/Prop16/Main.lean:8:8: declaration uses 'sorry'
⚠ [836/840] Built Book1.Prop27.step1
warning: ././././Book1/Prop27/step1.lean:6:5: unused variable `h1`
note: this linter can be disabled with `set_option linter.unusedVariables false`
warning: ././././Book1/Prop27/step1.lean:7:5: unused variable `h2`
note: this linter can be disabled with `set_option linter.unusedVariables false`
warning: ././././Book1/Prop27/step1.lean:7:24: unused variable `h3`
note: this linter can be disabled with `set_option linter.unusedVariables false`
warning: ././././Book1/Prop27/step1.lean:8:5: unused variable `h4`
note: this linter can be disabled with `set_option linter.unusedVariables false`
warning: ././././Book1/Prop27/step1.lean:8:24: unused variable `h5`
note: this linter can be disabled with `set_option linter.unusedVariables false`
warning: ././././Book1/Prop27/step1.lean:9:5: unused variable `h6`
note: this linter can be disabled with `set_option linter.unusedVariables false`
warning: ././././Book1/Prop27/step1.lean:9:24: unused variable `h7`
note: this linter can be disabled with `set_option linter.unusedVariables false`
⚠ [837/840] Built Book1.Prop27.step4
warning: ././././Book1/Prop27/step4.lean:7:43: unused variable `h3`
note: this linter can be disabled with `set_option linter.unusedVariables false`
warning: ././././Book1/Prop27/step4.lean:8:43: unused variable `h6`
note: this linter can be disabled with `set_option linter.unusedVariables false`
warning: ././././Book1/Prop27/step4.lean:8:62: unused variable `h7`
note: this linter can be disabled with `set_option linter.unusedVariables false`
warning: ././././Book1/Prop27/step4.lean:10:5: unused variable `h10`
note: this linter can be disabled with `set_option linter.unusedVariables false`
warning: ././././Book1/Prop27/step4.lean:10:27: unused variable `h11`
note: this linter can be disabled with `set_option linter.unusedVariables false`
