[check_step --all] bottom-up audit of 28 node(s) / 32 call-site(s) in Book1/Prop45 (sub-nodes before their parents):
  ✓ step21_bkhm: SP[isolated] [2 call sites] + P (leaf, zero-sorry)
  ✓ hangle: SP[isolated] + Combine (container)
  ✓ step1: SP[isolated] + P (leaf, zero-sorry)
  ✓ step2: SP[isolated] + P (leaf, zero-sorry)
  ✓ step3: SP[isolated] + P (leaf, zero-sorry)
  ✓ step4: SP[isolated] + P (leaf, zero-sorry)
  ✓ step5: SP[isolated] + P (leaf, zero-sorry)
  ✓ step6: SP[isolated] + P (leaf, zero-sorry)
  ✓ step7: SP[isolated] + P (leaf sorry-free; residual `sorry` is only in an unproven cited DEPENDENCY — EXPECTED/OK, proven modulo deps)
  ✓ step8: SP[isolated] + P (leaf, zero-sorry)
  ✓ step9: SP[isolated] + P (leaf, zero-sorry)
  ✓ step10: SP[isolated] + P (leaf sorry-free; residual `sorry` is only in an unproven cited DEPENDENCY — EXPECTED/OK, proven modulo deps)
  ✓ step11: SP[isolated] + P (leaf sorry-free; residual `sorry` is only in an unproven cited DEPENDENCY — EXPECTED/OK, proven modulo deps)
  ✓ step12: SP[isolated] + P (leaf, zero-sorry)
  ✓ step13: SP[isolated] + P (leaf, zero-sorry)
  ✓ step14: SP[isolated] + P (leaf sorry-free; residual `sorry` is only in an unproven cited DEPENDENCY — EXPECTED/OK, proven modulo deps)
  ✓ step15: SP[isolated] + P (leaf, zero-sorry)
  ✓ step16: SP[isolated] + P (leaf sorry-free; residual `sorry` is only in an unproven cited DEPENDENCY — EXPECTED/OK, proven modulo deps)
  ✓ step17_assumption1: SP[isolated] [2 call sites] + P (leaf sorry-free; residual `sorry` is only in an unproven cited DEPENDENCY — EXPECTED/OK, proven modulo deps)
  ✓ step17_assumption2: SP[isolated] [2 call sites] + P (leaf sorry-free; residual `sorry` is only in an unproven cited DEPENDENCY — EXPECTED/OK, proven modulo deps)
  ✓ step17_fkne: SP[isolated] [2 call sites] + P (leaf, zero-sorry)
  ✓ step17: SP[isolated] + Combine (container)
  ✓ step18: SP[isolated] + P (leaf, zero-sorry)
  ✓ step19_kmss: SP[isolated] + P (leaf, zero-sorry)
  ✓ step19: SP[isolated] + Combine (container)
  ✓ step20: SP[isolated] + Combine (container)
  ✓ step21_bfgl: SP[isolated] + P (leaf, zero-sorry)
  ✓ step21: SP[isolated] + Combine (container)

PASS: all 28 node(s) certified — every call site supplies its hyps (isolated SP, no SMT), every container's combine is certified by its OWN combine-check, and Main has no stray sorry. (Leaf dependencies left as `sorry` are tolerated — see any ⚠ above.) Run `python3 scripts/wire_main.py Book1/Prop45`.
[wire_main] wiring: rewrote 32 node body(ies) across Book1/Prop45; 30s caps deleted (→ 300s default).
[wire_main] building Book1.Prop45.Main once (uncapped, no wall timeout)…
PASS (with unproven deps): Book1.Prop45.Main built green. Main is fully wired (no literal `sorry` in Main), but a `declaration uses 'sorry'` warning means it transitively depends on a backing file still left `:= by sorry`. Phase C wiring committed. Now run the authoritative checks: scripts/check_faithful.sh, check_steps.py, check_signatures.py.
=== faithful-0HyVNo.json — MODE: --olean (compiled, AUTHORITATIVE) ===
    text reproduction is EXACT; dependency match is BOOK-AWARE + transitive (resolved names)
--- Book1 Prop 1 ---
  [PASS] sentence locators are contiguous with no duplicates
         12 sentences
  [PASS] every cited [Prop.~B.M] is referenced in the prop (book-aware: Main construction or sentence's cone)
         all 0 citation(s) resolve to the cited book+number
  [PASS] all sentences present + concatenation reproduces the original text exactly
         concatenation reproduces canonical text exactly, in order (12 sentences (1.1.0..1.1.11) vs Book1/data/texts_proofs/1.txt)
--- Book1 Prop 2 ---
  [PASS] sentence locators are contiguous with no duplicates
         15 sentences
  [PASS] every cited [Prop.~B.M] is referenced in the prop (book-aware: Main construction or sentence's cone)
         all 1 citation(s) resolve to the cited book+number
  [PASS] all sentences present + concatenation reproduces the original text exactly
         concatenation reproduces canonical text exactly, in order (15 sentences (1.2.0..1.2.14) vs Book1/data/texts_proofs/2.txt)
--- Book1 Prop 3 ---
  [PASS] sentence locators are contiguous with no duplicates
         8 sentences
  [PASS] every cited [Prop.~B.M] is referenced in the prop (book-aware: Main construction or sentence's cone)
         all 1 citation(s) resolve to the cited book+number
  [PASS] all sentences present + concatenation reproduces the original text exactly
         concatenation reproduces canonical text exactly, in order (8 sentences (1.3.0..1.3.7) vs Book1/data/texts_proofs/3.txt)
--- Book1 Prop 4 ---
  [PASS] sentence locators are contiguous with no duplicates
         13 sentences
  [PASS] every cited [Prop.~B.M] is referenced in the prop (book-aware: Main construction or sentence's cone)
         all 0 citation(s) resolve to the cited book+number
  [PASS] all sentences present + concatenation reproduces the original text exactly
         concatenation reproduces canonical text exactly, in order (13 sentences (1.4.0..1.4.12) vs Book1/data/texts_proofs/4.txt)
--- Book1 Prop 5 ---
  [PASS] sentence locators are contiguous with no duplicates
         25 sentences
  [FAIL] every cited [Prop.~B.M] is referenced in the prop (book-aware: Main construction or sentence's cone)
         1.5.17 (Book1.Prop05.Main:103) cites [Prop.~1.4] but no `proposition_4` of Book 1 is applied `… as …` in Book1.Prop05.Main (construction) nor inside its helper cone (node `step17`)
         1.5.8 (Book1.Prop05.Main:58) cites [Prop.~1.4] but no `proposition_4` of Book 1 is applied `… as …` in Book1.Prop05.Main (construction) nor inside its helper cone (node `step8`)
  [PASS] all sentences present + concatenation reproduces the original text exactly
         concatenation reproduces canonical text exactly, in order (25 sentences (1.5.0..1.5.24) vs Book1/data/texts_proofs/5.txt)
--- Book1 Prop 6 ---
  [PASS] sentence locators are contiguous with no duplicates
         13 sentences
  [PASS] every cited [Prop.~B.M] is referenced in the prop (book-aware: Main construction or sentence's cone)
         all 2 citation(s) resolve to the cited book+number
  [PASS] all sentences present + concatenation reproduces the original text exactly
         concatenation reproduces canonical text exactly, in order (13 sentences (1.6.0..1.6.12) vs Book1/data/texts_proofs/6.txt)
--- Book1 Prop 7 ---
  [PASS] sentence locators are contiguous with no duplicates
         11 sentences
  [FAIL] every cited [Prop.~B.M] is referenced in the prop (book-aware: Main construction or sentence's cone)
         1.7.7 (Book1.Prop07.Main:44) cites [Prop.~1.5] but no `proposition_5` of Book 1 is applied `… as …` in Book1.Prop07.Main (construction) nor inside its helper cone (node `step7`)
         1.7.4 (Book1.Prop07.Main:29) cites [Prop.~1.5] but no `proposition_5` of Book 1 is applied `… as …` in Book1.Prop07.Main (construction) nor inside its helper cone (node `step4`)
  [PASS] all sentences present + concatenation reproduces the original text exactly
         concatenation reproduces canonical text exactly, in order (11 sentences (1.7.0..1.7.10) vs Book1/data/texts_proofs/7.txt)
--- Book1 Prop 8 ---
  [PASS] sentence locators are contiguous with no duplicates
         12 sentences
  [FAIL] every cited [Prop.~B.M] is referenced in the prop (book-aware: Main construction or sentence's cone)
         1.8.7 (Book1.Prop08.Main:67) cites [Prop.~1.7] but no `proposition_7` of Book 1 is applied `… as …` in Book1.Prop08.Main (construction) nor inside its helper cone (node `step7`)
  [PASS] all sentences present + concatenation reproduces the original text exactly
         concatenation reproduces canonical text exactly, in order (12 sentences (1.8.0..1.8.11) vs Book1/data/texts_proofs/8.txt)
--- Book1 Prop 9 ---
  [PASS] sentence locators are contiguous with no duplicates
         11 sentences
  [FAIL] every cited [Prop.~B.M] is referenced in the prop (book-aware: Main construction or sentence's cone)
         1.9.9 (Book1.Prop09.Main:60) cites [Prop.~1.8] but no `proposition_8` of Book 1 is applied `… as …` in Book1.Prop09.Main (construction) nor inside its helper cone (node `step9`)
  [PASS] all sentences present + concatenation reproduces the original text exactly
         concatenation reproduces canonical text exactly, in order (11 sentences (1.9.0..1.9.10) vs Book1/data/texts_proofs/9.txt)
--- Book1 Prop 10 ---
  [PASS] sentence locators are contiguous with no duplicates
         8 sentences
  [FAIL] every cited [Prop.~B.M] is referenced in the prop (book-aware: Main construction or sentence's cone)
         1.10.6 (Book1.Prop10.Main:45) cites [Prop.~1.4] but no `proposition_4` of Book 1 is applied `… as …` in Book1.Prop10.Main (construction) nor inside its helper cone (node `step6`)
  [PASS] all sentences present + concatenation reproduces the original text exactly
         concatenation reproduces canonical text exactly, in order (8 sentences (1.10.0..1.10.7) vs Book1/data/texts_proofs/10.txt)
--- Book1 Prop 11 ---
  [PASS] sentence locators are contiguous with no duplicates
         13 sentences
  [FAIL] every cited [Prop.~B.M] is referenced in the prop (book-aware: Main construction or sentence's cone)
         1.11.8 (Book1.Prop11.Main:54) cites [Prop.~1.8] but no `proposition_8` of Book 1 is applied `… as …` in Book1.Prop11.Main (construction) nor inside its helper cone (node `step8`)
  [PASS] all sentences present + concatenation reproduces the original text exactly
         concatenation reproduces canonical text exactly, in order (13 sentences (1.11.0..1.11.12) vs Book1/data/texts_proofs/11.txt)
--- Book1 Prop 12 ---
  [PASS] sentence locators are contiguous with no duplicates
         13 sentences
  [PASS] every cited [Prop.~B.M] is referenced in the prop (book-aware: Main construction or sentence's cone)
         all 2 citation(s) resolve to the cited book+number
  [PASS] all sentences present + concatenation reproduces the original text exactly
         concatenation reproduces canonical text exactly, in order (13 sentences (1.12.0..1.12.12) vs Book1/data/texts_proofs/12.txt)
--- Book1 Prop 13 ---
  [PASS] sentence locators are contiguous with no duplicates
         14 sentences
  [PASS] every cited [Prop.~B.M] is referenced in the prop (book-aware: Main construction or sentence's cone)
         all 1 citation(s) resolve to the cited book+number
  [PASS] all sentences present + concatenation reproduces the original text exactly
         concatenation reproduces canonical text exactly, in order (14 sentences (1.13.0..1.13.13) vs Book1/data/texts_proofs/13.txt)
--- Book1 Prop 14 ---
  [PASS] sentence locators are contiguous with no duplicates
         12 sentences
  [FAIL] every cited [Prop.~B.M] is referenced in the prop (book-aware: Main construction or sentence's cone)
         1.14.2 (Book1.Prop14.Main:26) cites [Prop.~1.13] but no `proposition_13` of Book 1 is applied `… as …` in Book1.Prop14.Main (construction) nor inside its helper cone (node `step2`)
  [PASS] all sentences present + concatenation reproduces the original text exactly
         concatenation reproduces canonical text exactly, in order (12 sentences (1.14.0..1.14.11) vs Book1/data/texts_proofs/14.txt)
--- Book1 Prop 15 ---
  [PASS] sentence locators are contiguous with no duplicates
         9 sentences
  [FAIL] every cited [Prop.~B.M] is referenced in the prop (book-aware: Main construction or sentence's cone)
         1.15.2 (Book1.Prop15.Main:23) cites [Prop.~1.13] but no `proposition_13` of Book 1 is applied `… as …` in Book1.Prop15.Main (construction) nor inside its helper cone (node `step2`)
         1.15.1 (Book1.Prop15.Main:16) cites [Prop.~1.13] but no `proposition_13` of Book 1 is applied `… as …` in Book1.Prop15.Main (construction) nor inside its helper cone (node `step1`)
  [PASS] all sentences present + concatenation reproduces the original text exactly
         concatenation reproduces canonical text exactly, in order (9 sentences (1.15.0..1.15.8) vs Book1/data/texts_proofs/15.txt)
--- Book1 Prop 16 ---
  [PASS] sentence locators are contiguous with no duplicates
         16 sentences
  [FAIL] every cited [Prop.~B.M] is referenced in the prop (book-aware: Main construction or sentence's cone)
         1.16.10 (Book1.Prop16.Main:66) cites [Prop.~1.4] but no `proposition_4` of Book 1 is applied `… as …` in Book1.Prop16.Main (construction) nor inside its helper cone (node `step10`)
         1.16.7 (Book1.Prop16.Main:54) cites [Prop.~1.15] but no `proposition_15` of Book 1 is applied `… as …` in Book1.Prop16.Main (construction) nor inside its helper cone (node `step7`)
  [PASS] all sentences present + concatenation reproduces the original text exactly
         concatenation reproduces canonical text exactly, in order (16 sentences (1.16.0..1.16.15) vs Book1/data/texts_proofs/16.txt)
--- Book1 Prop 17 ---
  [PASS] sentence locators are contiguous with no duplicates
         10 sentences
  [FAIL] every cited [Prop.~B.M] is referenced in the prop (book-aware: Main construction or sentence's cone)
         1.17.5 (Book1.Prop17.Main:32) cites [Prop.~1.13] but no `proposition_13` of Book 1 is applied `… as …` in Book1.Prop17.Main (construction) nor inside its helper cone (node `step5`)
         1.17.2 (Book1.Prop17.Main:20) cites [Prop.~1.16] but no `proposition_16` of Book 1 is applied `… as …` in Book1.Prop17.Main (construction) nor inside its helper cone (node `step2`)
  [PASS] all sentences present + concatenation reproduces the original text exactly
         concatenation reproduces canonical text exactly, in order (10 sentences (1.17.0..1.17.9) vs Book1/data/texts_proofs/17.txt)
--- Book1 Prop 18 ---
  [PASS] sentence locators are contiguous with no duplicates
         8 sentences
  [PASS] every cited [Prop.~B.M] is referenced in the prop (book-aware: Main construction or sentence's cone)
         all 3 citation(s) resolve to the cited book+number
  [PASS] all sentences present + concatenation reproduces the original text exactly
         concatenation reproduces canonical text exactly, in order (8 sentences (1.18.0..1.18.7) vs Book1/data/texts_proofs/18.txt)
--- Book1 Prop 19 ---
  [PASS] sentence locators are contiguous with no duplicates
         13 sentences
  [FAIL] every cited [Prop.~B.M] is referenced in the prop (book-aware: Main construction or sentence's cone)
         1.19.7 (Book1.Prop19.Main:39) cites [Prop.~1.18] but no `proposition_18` of Book 1 is applied `… as …` in Book1.Prop19.Main (construction) nor inside its helper cone (node `step7`)
         1.19.3 (Book1.Prop19.Main:23) cites [Prop.~1.5] but no `proposition_5` of Book 1 is applied `… as …` in Book1.Prop19.Main (construction) nor inside its helper cone (node `step3`)
  [PASS] all sentences present + concatenation reproduces the original text exactly
         concatenation reproduces canonical text exactly, in order (13 sentences (1.19.0..1.19.12) vs Book1/data/texts_proofs/19.txt)
--- Book1 Prop 20 ---
  [PASS] sentence locators are contiguous with no duplicates
         12 sentences
  [FAIL] every cited [Prop.~B.M] is referenced in the prop (book-aware: Main construction or sentence's cone)
         1.20.6 (Book1.Prop20.Main:44) cites [Prop.~1.19] but no `proposition_19` of Book 1 is applied `… as …` in Book1.Prop20.Main (construction) nor inside its helper cone (node `step6`)
         1.20.4 (Book1.Prop20.Main:33) cites [Prop.~1.5] but no `proposition_5` of Book 1 is applied `… as …` in Book1.Prop20.Main (construction) nor inside its helper cone (node `step4`)
  [PASS] all sentences present + concatenation reproduces the original text exactly
         concatenation reproduces canonical text exactly, in order (12 sentences (1.20.0..1.20.11) vs Book1/data/texts_proofs/20.txt)
--- Book1 Prop 21 ---
  [PASS] sentence locators are contiguous with no duplicates
         14 sentences
  [FAIL] every cited [Prop.~B.M] is referenced in the prop (book-aware: Main construction or sentence's cone)
         1.21.2 (Book1.Prop21.Main:18) cites [Prop.~1.20] but no `proposition_20` of Book 1 is applied `… as …` in Book1.Prop21.Main (construction) nor inside its helper cone (node `step2`)
  [PASS] all sentences present + concatenation reproduces the original text exactly
         concatenation reproduces canonical text exactly, in order (14 sentences (1.21.0..1.21.13) vs Book1/data/texts_proofs/21.txt)
--- Book1 Prop 22 ---
  [PASS] sentence locators are contiguous with no duplicates
         18 sentences
  [PASS] every cited [Prop.~B.M] is referenced in the prop (book-aware: Main construction or sentence's cone)
         all 1 citation(s) resolve to the cited book+number
  [PASS] all sentences present + concatenation reproduces the original text exactly
         concatenation reproduces canonical text exactly, in order (18 sentences (1.22.0..1.22.17) vs Book1/data/texts_proofs/22.txt)
--- Book1 Prop 23 ---
  [PASS] sentence locators are contiguous with no duplicates
         8 sentences
  [FAIL] every cited [Prop.~B.M] is referenced in the prop (book-aware: Main construction or sentence's cone)
         1.23.6 (Book1.Prop23.Main:51) cites [Prop.~1.8] but no `proposition_8` of Book 1 is applied `… as …` in Book1.Prop23.Main (construction) nor inside its helper cone (node `step6`)
  [PASS] all sentences present + concatenation reproduces the original text exactly
         concatenation reproduces canonical text exactly, in order (8 sentences (1.23.0..1.23.7) vs Book1/data/texts_proofs/23.txt)
--- Book1 Prop 24 ---
  [PASS] sentence locators are contiguous with no duplicates
         14 sentences
  [FAIL] every cited [Prop.~B.M] is referenced in the prop (book-aware: Main construction or sentence's cone)
         1.24.10 (Book1.Prop24.Main:70) cites [Prop.~1.19] but no `proposition_19` of Book 1 is applied `… as …` in Book1.Prop24.Main (construction) nor inside its helper cone (node `step10`)
         1.24.7 (Book1.Prop24.Main:55) cites [Prop.~1.5] but no `proposition_5` of Book 1 is applied `… as …` in Book1.Prop24.Main (construction) nor inside its helper cone (node `step7`)
         1.24.6 (Book1.Prop24.Main:48) cites [Prop.~1.4] but no `proposition_4` of Book 1 is applied `… as …` in Book1.Prop24.Main (construction) nor inside its helper cone (node `step6`)
  [PASS] all sentences present + concatenation reproduces the original text exactly
         concatenation reproduces canonical text exactly, in order (14 sentences (1.24.0..1.24.13) vs Book1/data/texts_proofs/24.txt)
--- Book1 Prop 25 ---
  [PASS] sentence locators are contiguous with no duplicates
         13 sentences
  [FAIL] every cited [Prop.~B.M] is referenced in the prop (book-aware: Main construction or sentence's cone)
         1.25.7 (Book1.Prop25.Main:40) cites [Prop.~1.24] but no `proposition_24` of Book 1 is applied `… as …` in Book1.Prop25.Main (construction) nor inside its helper cone (node `step7`)
         1.25.3 (Book1.Prop25.Main:24) cites [Prop.~1.4] but no `proposition_4` of Book 1 is applied `… as …` in Book1.Prop25.Main (construction) nor inside its helper cone (node `step3`)
  [PASS] all sentences present + concatenation reproduces the original text exactly
         concatenation reproduces canonical text exactly, in order (13 sentences (1.25.0..1.25.12) vs Book1/data/texts_proofs/25.txt)
--- Book1 Prop 26 ---
  [PASS] sentence locators are contiguous with no duplicates
         44 sentences
  [FAIL] every cited [Prop.~B.M] is referenced in the prop (book-aware: Main construction or sentence's cone)
         1.26.42 (Book1.Prop26.Main:178) cites [Prop.~1.4] but no `proposition_4` of Book 1 is applied `… as …` in Book1.Prop26.Main (construction) nor inside its helper cone (node `step42`)
         1.26.34 (Book1.Prop26.Main:152) cites [Prop.~1.16] but no `proposition_16` of Book 1 is applied `… as …` in Book1.Prop26.Main (construction) nor inside its helper cone (node `step34`)
         1.26.30 (Book1.Prop26.Main:140) cites [Prop.~1.4] but no `proposition_4` of Book 1 is applied `… as …` in Book1.Prop26.Main (construction) nor inside its helper cone (node `step30`)
         1.26.18 (Book1.Prop26.Main:89) cites [Prop.~1.4] but no `proposition_4` of Book 1 is applied `… as …` in Book1.Prop26.Main (construction) nor inside its helper cone (node `step18`)
         1.26.7 (Book1.Prop26.Main:54) cites [Prop.~1.4] but no `proposition_4` of Book 1 is applied `… as …` in Book1.Prop26.Main (construction) nor inside its helper cone (node `step7`)
  [PASS] all sentences present + concatenation reproduces the original text exactly
         concatenation reproduces canonical text exactly, in order (44 sentences (1.26.0..1.26.43) vs Book1/data/texts_proofs/26.txt)
--- Book1 Prop 27 ---
  [PASS] sentence locators are contiguous with no duplicates
         10 sentences
  [PASS] every cited [Prop.~B.M] is referenced in the prop (book-aware: Main construction or sentence's cone)
         all 1 citation(s) resolve to the cited book+number
  [PASS] all sentences present + concatenation reproduces the original text exactly
         concatenation reproduces canonical text exactly, in order (10 sentences (1.27.0..1.27.9) vs Book1/data/texts_proofs/27.txt)
--- Book1 Prop 28 ---
  [PASS] sentence locators are contiguous with no duplicates
         10 sentences
  [FAIL] every cited [Prop.~B.M] is referenced in the prop (book-aware: Main construction or sentence's cone)
         1.28.8 (Book1.Prop28.Main:51) cites [Prop.~1.27] but no `proposition_27` of Book 1 is applied `… as …` in Book1.Prop28.Main (construction) nor inside its helper cone (node `step8`)
         1.28.4 (Book1.Prop28.Main:39) cites [Prop.~1.13] but no `proposition_13` of Book 1 is applied `… as …` in Book1.Prop28.Main (construction) nor inside its helper cone (node `step4`)
         1.28.3 (Book1.Prop28.Main:28) cites [Prop.~1.27] but no `proposition_27` of Book 1 is applied `… as …` in Book1.Prop28.Main (construction) nor inside its helper cone (node `step3`)
         1.28.1 (Book1.Prop28.Main:22) cites [Prop.~1.15] but no `proposition_15` of Book 1 is applied `… as …` in Book1.Prop28.Main (construction) nor inside its helper cone (node `step1`)
  [PASS] all sentences present + concatenation reproduces the original text exactly
         concatenation reproduces canonical text exactly, in order (10 sentences (1.28.0..1.28.9) vs Book1/data/texts_proofs/28.txt)
--- Book1 Prop 29 ---
  [PASS] sentence locators are contiguous with no duplicates
         19 sentences
  [FAIL] every cited [Prop.~B.M] is referenced in the prop (book-aware: Main construction or sentence's cone)
         1.29.16 (Book1.Prop29.Main:77) cites [Prop.~1.13] but no `proposition_13` of Book 1 is applied `… as …` in Book1.Prop29.Main (construction) nor inside its helper cone (node `step16`)
         1.29.12 (Book1.Prop29.Main:65) cites [Prop.~1.15] but no `proposition_15` of Book 1 is applied `… as …` in Book1.Prop29.Main (construction) nor inside its helper cone (node `step12`)
  [PASS] all sentences present + concatenation reproduces the original text exactly
         concatenation reproduces canonical text exactly, in order (19 sentences (1.29.0..1.29.18) vs Book1/data/texts_proofs/29.txt)
--- Book1 Prop 30 ---
  [PASS] sentence locators are contiguous with no duplicates
         9 sentences
  [FAIL] every cited [Prop.~B.M] is referenced in the prop (book-aware: Main construction or sentence's cone)
         1.30.7 (Book1.Prop30.Main:55) cites [Prop.~1.27] but no `proposition_27` of Book 1 is applied `… as …` in Book1.Prop30.Main (construction) nor inside its helper cone (node `step7`)
         1.30.3 (Book1.Prop30.Main:39) cites [Prop.~1.29] but no `proposition_29` of Book 1 is applied `… as …` in Book1.Prop30.Main (construction) nor inside its helper cone (node `step3`)
         1.30.2 (Book1.Prop30.Main:32) cites [Prop.~1.29] but no `proposition_29` of Book 1 is applied `… as …` in Book1.Prop30.Main (construction) nor inside its helper cone (node `step2`)
  [PASS] all sentences present + concatenation reproduces the original text exactly
         concatenation reproduces canonical text exactly, in order (9 sentences (1.30.0..1.30.8) vs Book1/data/texts_proofs/30.txt)
--- Book1 Prop 31 ---
  [PASS] sentence locators are contiguous with no duplicates
         7 sentences
  [FAIL] every cited [Prop.~B.M] is referenced in the prop (book-aware: Main construction or sentence's cone)
         1.31.5 (Book1.Prop31.Main:38) cites [Prop.~1.27] but no `proposition_27` of Book 1 is applied `… as …` in Book1.Prop31.Main (construction) nor inside its helper cone (node `step5`)
  [PASS] all sentences present + concatenation reproduces the original text exactly
         concatenation reproduces canonical text exactly, in order (7 sentences (1.31.0..1.31.6) vs Book1/data/texts_proofs/31.txt)
--- Book1 Prop 32 ---
  [PASS] sentence locators are contiguous with no duplicates
         11 sentences
  [FAIL] every cited [Prop.~B.M] is referenced in the prop (book-aware: Main construction or sentence's cone)
         1.32.8 (Book1.Prop32.Main:56) cites [Prop.~1.13] but no `proposition_13` of Book 1 is applied `… as …` in Book1.Prop32.Main (construction) nor inside its helper cone (node `step8`)
         1.32.3 (Book1.Prop32.Main:36) cites [Prop.~1.29] but no `proposition_29` of Book 1 is applied `… as …` in Book1.Prop32.Main (construction) nor inside its helper cone (node `step3`)
         1.32.2 (Book1.Prop32.Main:26) cites [Prop.~1.29] but no `proposition_29` of Book 1 is applied `… as …` in Book1.Prop32.Main (construction) nor inside its helper cone (node `step2`)
  [PASS] all sentences present + concatenation reproduces the original text exactly
         concatenation reproduces canonical text exactly, in order (11 sentences (1.32.0..1.32.10) vs Book1/data/texts_proofs/32.txt)
--- Book1 Prop 33 ---
  [PASS] sentence locators are contiguous with no duplicates
         11 sentences
  [FAIL] every cited [Prop.~B.M] is referenced in the prop (book-aware: Main construction or sentence's cone)
         1.33.8 (Book1.Prop33.Main:58) cites [Prop.~1.27] but no `proposition_27` of Book 1 is applied `… as …` in Book1.Prop33.Main (construction) nor inside its helper cone (node `step8`)
         1.33.6 (Book1.Prop33.Main:47) cites [Prop.~1.4] but no `proposition_4` of Book 1 is applied `… as …` in Book1.Prop33.Main (construction) nor inside its helper cone (node `step6`)
         1.33.2 (Book1.Prop33.Main:25) cites [Prop.~1.29] but no `proposition_29` of Book 1 is applied `… as …` in Book1.Prop33.Main (construction) nor inside its helper cone (node `step2`)
  [PASS] all sentences present + concatenation reproduces the original text exactly
         concatenation reproduces canonical text exactly, in order (11 sentences (1.33.0..1.33.10) vs Book1/data/texts_proofs/33.txt)
--- Book1 Prop 34 ---
  [PASS] sentence locators are contiguous with no duplicates
         18 sentences
  [FAIL] every cited [Prop.~B.M] is referenced in the prop (book-aware: Main construction or sentence's cone)
         1.34.15 (Book1.Prop34.Main:94) cites [Prop.~1.4] but no `proposition_4` of Book 1 is applied `… as …` in Book1.Prop34.Main (construction) nor inside its helper cone (node `step15`)
         1.34.4 (Book1.Prop34.Main:42) cites [Prop.~1.26] but no `proposition_26` of Book 1 is applied `… as …` in Book1.Prop34.Main (construction) nor inside its helper cone (node `step4`)
         1.34.2 (Book1.Prop34.Main:31) cites [Prop.~1.29] but no `proposition_29` of Book 1 is applied `… as …` in Book1.Prop34.Main (construction) nor inside its helper cone (node `step2`)
         1.34.1 (Book1.Prop34.Main:21) cites [Prop.~1.29] but no `proposition_29` of Book 1 is applied `… as …` in Book1.Prop34.Main (construction) nor inside its helper cone (node `step1`)
  [PASS] all sentences present + concatenation reproduces the original text exactly
         concatenation reproduces canonical text exactly, in order (18 sentences (1.34.0..1.34.17) vs Book1/data/texts_proofs/34.txt)
--- Book1 Prop 35 ---
  [PASS] sentence locators are contiguous with no duplicates
         16 sentences
  [FAIL] every cited [Prop.~B.M] is referenced in the prop (book-aware: Main construction or sentence's cone)
         1.35.10 (Book1.Prop35.Main:52) cites [Prop.~1.4] but no `proposition_4` of Book 1 is applied `… as …` in Book1.Prop35.Main (construction) nor inside its helper cone (node `step10`)
         1.35.8 (Book1.Prop35.Main:44) cites [Prop.~1.29] but no `proposition_29` of Book 1 is applied `… as …` in Book1.Prop35.Main (construction) nor inside its helper cone (node `step8`)
         1.35.1 (Book1.Prop35.Main:16) cites [Prop.~1.34] but no `proposition_34` of Book 1 is applied `… as …` in Book1.Prop35.Main (construction) nor inside its helper cone (node `step1`)
  [PASS] all sentences present + concatenation reproduces the original text exactly
         concatenation reproduces canonical text exactly, in order (16 sentences (1.35.0..1.35.15) vs Book1/data/texts_proofs/35.txt)
--- Book1 Prop 36 ---
  [PASS] sentence locators are contiguous with no duplicates
         11 sentences
  [PASS] every cited [Prop.~B.M] is referenced in the prop (book-aware: Main construction or sentence's cone)
         all 5 citation(s) resolve to the cited book+number
  [PASS] all sentences present + concatenation reproduces the original text exactly
         concatenation reproduces canonical text exactly, in order (11 sentences (1.36.0..1.36.10) vs Book1/data/texts_proofs/36.txt)
--- Book1 Prop 37 ---
  [PASS] sentence locators are contiguous with no duplicates
         11 sentences
  [FAIL] every cited [Prop.~B.M] is referenced in the prop (book-aware: Main construction or sentence's cone)
         1.37.7 (Book1.Prop37.Main:45) cites [Prop.~1.34] but no `proposition_34` of Book 1 is applied `… as …` in Book1.Prop37.Main (construction) nor inside its helper cone (node `step7`)
         1.37.6 (Book1.Prop37.Main:41) cites [Prop.~1.34] but no `proposition_34` of Book 1 is applied `… as …` in Book1.Prop37.Main (construction) nor inside its helper cone (node `step6`)
         1.37.5 (Book1.Prop37.Main:37) cites [Prop.~1.35] but no `proposition_35` of Book 1 is applied `… as …` in Book1.Prop37.Main (construction) nor inside its helper cone (node `step5`)
  [PASS] all sentences present + concatenation reproduces the original text exactly
         concatenation reproduces canonical text exactly, in order (11 sentences (1.37.0..1.37.10) vs Book1/data/texts_proofs/37.txt)
--- Book1 Prop 38 ---
  [PASS] sentence locators are contiguous with no duplicates
         11 sentences
  [FAIL] every cited [Prop.~B.M] is referenced in the prop (book-aware: Main construction or sentence's cone)
         1.38.6 (Book1.Prop38.Main:44) cites [Prop.~1.34] but no `proposition_34` of Book 1 is applied `… as …` in Book1.Prop38.Main (construction) nor inside its helper cone (node `step6`)
         1.38.5 (Book1.Prop38.Main:37) cites [Prop.~1.36] but no `proposition_36` of Book 1 is applied `… as …` in Book1.Prop38.Main (construction) nor inside its helper cone (node `step5`)
  [PASS] all sentences present + concatenation reproduces the original text exactly
         concatenation reproduces canonical text exactly, in order (11 sentences (1.38.0..1.38.10) vs Book1/data/texts_proofs/38.txt)
--- Book1 Prop 39 ---
  [PASS] sentence locators are contiguous with no duplicates
         13 sentences
  [FAIL] every cited [Prop.~B.M] is referenced in the prop (book-aware: Main construction or sentence's cone)
         1.39.5 (Book1.Prop39.Main:36) cites [Prop.~1.37] but no `proposition_37` of Book 1 is applied `… as …` in Book1.Prop39.Main (construction) nor inside its helper cone (node `step5`)
  [PASS] all sentences present + concatenation reproduces the original text exactly
         concatenation reproduces canonical text exactly, in order (13 sentences (1.39.0..1.39.12) vs Book1/data/texts_proofs/39.txt)
--- Book1 Prop 40 ---
  [PASS] sentence locators are contiguous with no duplicates
         13 sentences
  [FAIL] every cited [Prop.~B.M] is referenced in the prop (book-aware: Main construction or sentence's cone)
         1.40.5 (Book1.Prop40.Main:41) cites [Prop.~1.38] but no `proposition_38` of Book 1 is applied `… as …` in Book1.Prop40.Main (construction) nor inside its helper cone (node `step5`)
  [PASS] all sentences present + concatenation reproduces the original text exactly
         concatenation reproduces canonical text exactly, in order (13 sentences (1.40.0..1.40.12) vs Book1/data/texts_proofs/40.txt)
--- Book1 Prop 41 ---
  [PASS] sentence locators are contiguous with no duplicates
         6 sentences
  [FAIL] every cited [Prop.~B.M] is referenced in the prop (book-aware: Main construction or sentence's cone)
         1.41.3 (Book1.Prop41.Main:30) cites [Prop.~1.34] but no `proposition_34` of Book 1 is applied `… as …` in Book1.Prop41.Main (construction) nor inside its helper cone (node `step3`)
         1.41.2 (Book1.Prop41.Main:23) cites [Prop.~1.37] but no `proposition_37` of Book 1 is applied `… as …` in Book1.Prop41.Main (construction) nor inside its helper cone (node `step2`)
  [PASS] all sentences present + concatenation reproduces the original text exactly
         concatenation reproduces canonical text exactly, in order (6 sentences (1.41.0..1.41.5) vs Book1/data/texts_proofs/41.txt)
--- Book1 Prop 42 ---
  [PASS] sentence locators are contiguous with no duplicates
         13 sentences
  [FAIL] every cited [Prop.~B.M] is referenced in the prop (book-aware: Main construction or sentence's cone)
         1.42.9 (Book1.Prop42.Main:74) cites [Prop.~1.41] but no `proposition_41` of Book 1 is applied `… as …` in Book1.Prop42.Main (construction) nor inside its helper cone (node `step9`)
         1.42.7 (Book1.Prop42.Main:60) cites [Prop.~1.38] but no `proposition_38` of Book 1 is applied `… as …` in Book1.Prop42.Main (construction) nor inside its helper cone (node `step7`)
  [PASS] all sentences present + concatenation reproduces the original text exactly
         concatenation reproduces canonical text exactly, in order (13 sentences (1.42.0..1.42.12) vs Book1/data/texts_proofs/42.txt)
--- Book1 Prop 43 ---
  [PASS] sentence locators are contiguous with no duplicates
         8 sentences
  [FAIL] every cited [Prop.~B.M] is referenced in the prop (book-aware: Main construction or sentence's cone)
         1.43.2 (Book1.Prop43.Main:23) cites [Prop.~1.34] but no `proposition_34` of Book 1 is applied `… as …` in Book1.Prop43.Main (construction) nor inside its helper cone (node `step2`)
         1.43.1 (Book1.Prop43.Main:16) cites [Prop.~1.34] but no `proposition_34` of Book 1 is applied `… as …` in Book1.Prop43.Main (construction) nor inside its helper cone (node `step1`)
  [PASS] all sentences present + concatenation reproduces the original text exactly
         concatenation reproduces canonical text exactly, in order (8 sentences (1.43.0..1.43.7) vs Book1/data/texts_proofs/43.txt)
--- Book1 Prop 44 ---
  [PASS] sentence locators are contiguous with no duplicates
         22 sentences
  [FAIL] every cited [Prop.~B.M] is referenced in the prop (book-aware: Main construction or sentence's cone)
         1.44.20 (Book1.Prop44.Main:116) cites [Prop.~1.15] but no `proposition_15` of Book 1 is applied `… as …` in Book1.Prop44.Main (construction) nor inside its helper cone (node `step20`)
         1.44.17 (Book1.Prop44.Main:97) cites [Prop.~1.43] but no `proposition_43` of Book 1 is applied `… as …` in Book1.Prop44.Main (construction) nor inside its helper cone (node `step17`)
         1.44.6 (Book1.Prop44.Main:49) cites [Prop.~1.29] but no `proposition_29` of Book 1 is applied `… as …` in Book1.Prop44.Main (construction) nor inside its helper cone (node `step6`)
  [PASS] all sentences present + concatenation reproduces the original text exactly
         concatenation reproduces canonical text exactly, in order (22 sentences (1.44.0..1.44.21) vs Book1/data/texts_proofs/44.txt)
--- Book1 Prop 45 ---
  [PASS] sentence locators are contiguous with no duplicates
         23 sentences
  [PASS] every cited [Prop.~B.M] is referenced in the prop (book-aware: Main construction or sentence's cone)
         all 11 citation(s) resolve to the cited book+number
  [PASS] all sentences present + concatenation reproduces the original text exactly
         concatenation reproduces canonical text exactly, in order (23 sentences (1.45.0..1.45.22) vs Book1/data/texts_proofs/45.txt)
--- Book1 Prop 46 ---
  [PASS] sentence locators are contiguous with no duplicates
         21 sentences
  [FAIL] every cited [Prop.~B.M] is referenced in the prop (book-aware: Main construction or sentence's cone)
         1.46.15 (Book1.Prop46.Main:83) cites [Prop.~1.34] but no `proposition_34` of Book 1 is applied `… as …` in Book1.Prop46.Main (construction) nor inside its helper cone (node `step15`)
         1.46.12 (Book1.Prop46.Main:71) cites [Prop.~1.29] but no `proposition_29` of Book 1 is applied `… as …` in Book1.Prop46.Main (construction) nor inside its helper cone (node `step12`)
         1.46.7 (Book1.Prop46.Main:49) cites [Prop.~1.34] but no `proposition_34` of Book 1 is applied `… as …` in Book1.Prop46.Main (construction) nor inside its helper cone (node `step7`)
  [PASS] all sentences present + concatenation reproduces the original text exactly
         concatenation reproduces canonical text exactly, in order (21 sentences (1.46.0..1.46.20) vs Book1/data/texts_proofs/46.txt)
--- Book1 Prop 47 ---
  [PASS] sentence locators are contiguous with no duplicates
         23 sentences
  [FAIL] every cited [Prop.~B.M] is referenced in the prop (book-aware: Main construction or sentence's cone)
         1.47.14 (Book1.Prop47.Main:108) cites [Prop.~1.41] but no `proposition_41` of Book 1 is applied `… as …` in Book1.Prop47.Main (construction) nor inside its helper cone (node `step14`)
         1.47.13 (Book1.Prop47.Main:100) cites [Prop.~1.41] but no `proposition_41` of Book 1 is applied `… as …` in Book1.Prop47.Main (construction) nor inside its helper cone (node `step13`)
         1.47.12 (Book1.Prop47.Main:91) cites [Prop.~1.4] but no `proposition_4` of Book 1 is applied `… as …` in Book1.Prop47.Main (construction) nor inside its helper cone (node `step12`)
         1.47.5 (Book1.Prop47.Main:51) cites [Prop.~1.14] but no `proposition_14` of Book 1 is applied `… as …` in Book1.Prop47.Main (construction) nor inside its helper cone (node `step5`)
  [PASS] all sentences present + concatenation reproduces the original text exactly
         concatenation reproduces canonical text exactly, in order (23 sentences (1.47.0..1.47.22) vs Book1/data/texts_proofs/47.txt)
--- Book1 Prop 48 ---
  [PASS] sentence locators are contiguous with no duplicates
         17 sentences
  [FAIL] every cited [Prop.~B.M] is referenced in the prop (book-aware: Main construction or sentence's cone)
         1.48.13 (Book1.Prop48.Main:83) cites [Prop.~1.8] but no `proposition_8` of Book 1 is applied `… as …` in Book1.Prop48.Main (construction) nor inside its helper cone (node `step13`)
         1.48.7 (Book1.Prop48.Main:50) cites [Prop.~1.47] but no `proposition_47` of Book 1 is applied `… as …` in Book1.Prop48.Main (construction) nor inside its helper cone (node `step7`)
  [PASS] all sentences present + concatenation reproduces the original text exactly
         concatenation reproduces canonical text exactly, in order (17 sentences (1.48.0..1.48.16) vs Book1/data/texts_proofs/48.txt)
  [note] not machine-checked: that each step's type honestly captures its sentence (review by hand)
  => FAILED (--olean mode, authoritative)
